Archive member included to satisfy reference by file (symbol)

app/libapp.a(main.c.obj)      (--whole-archive)
zephyr/libzephyr.a(heap.c.obj)
                              (--whole-archive)
zephyr/libzephyr.a(cbprintf_packaged.c.obj)
                              (--whole-archive)
zephyr/libzephyr.a(clock.c.obj)
                              (--whole-archive)
zephyr/libzephyr.a(printk.c.obj)
                              (--whole-archive)
zephyr/libzephyr.a(sem.c.obj)
                              (--whole-archive)
zephyr/libzephyr.a(thread_entry.c.obj)
                              (--whole-archive)
zephyr/libzephyr.a(cbprintf_complete.c.obj)
                              (--whole-archive)
zephyr/libzephyr.a(assert.c.obj)
                              (--whole-archive)
zephyr/libzephyr.a(dec.c.obj)
                              (--whole-archive)
zephyr/libzephyr.a(hex.c.obj)
                              (--whole-archive)
zephyr/libzephyr.a(rb.c.obj)  (--whole-archive)
zephyr/libzephyr.a(timeutil.c.obj)
                              (--whole-archive)
zephyr/libzephyr.a(bitarray.c.obj)
                              (--whole-archive)
zephyr/libzephyr.a(ring_buffer.c.obj)
                              (--whole-archive)
zephyr/libzephyr.a(last_section_id.c.obj)
                              (--whole-archive)
zephyr/libzephyr.a(configs.c.obj)
                              (--whole-archive)
zephyr/libzephyr.a(flash_configuration.c.obj)
                              (--whole-archive)
zephyr/libzephyr.a(soc.c.obj)
                              (--whole-archive)
zephyr/libzephyr.a(tracing_none.c.obj)
                              (--whole-archive)
zephyr/arch/common/libarch__common.a(sw_isr_common.c.obj)
                              (--whole-archive)
zephyr/arch/arch/arm/core/libarch__arm__core.a(fatal.c.obj)
                              (--whole-archive)
zephyr/arch/arch/arm/core/libarch__arm__core.a(nmi.c.obj)
                              (--whole-archive)
zephyr/arch/arch/arm/core/libarch__arm__core.a(nmi_on_reset.S.obj)
                              (--whole-archive)
zephyr/arch/arch/arm/core/libarch__arm__core.a(tls.c.obj)
                              (--whole-archive)
zephyr/arch/arch/arm/core/cortex_m/libarch__arm__core__cortex_m.a(exc_exit.c.obj)
                              (--whole-archive)
zephyr/arch/arch/arm/core/cortex_m/libarch__arm__core__cortex_m.a(fault.c.obj)
                              (--whole-archive)
zephyr/arch/arch/arm/core/cortex_m/libarch__arm__core__cortex_m.a(fault_s.S.obj)
                              (--whole-archive)
zephyr/arch/arch/arm/core/cortex_m/libarch__arm__core__cortex_m.a(fpu.c.obj)
                              (--whole-archive)
zephyr/arch/arch/arm/core/cortex_m/libarch__arm__core__cortex_m.a(reset.S.obj)
                              (--whole-archive)
zephyr/arch/arch/arm/core/cortex_m/libarch__arm__core__cortex_m.a(scb.c.obj)
                              (--whole-archive)
zephyr/arch/arch/arm/core/cortex_m/libarch__arm__core__cortex_m.a(thread_abort.c.obj)
                              (--whole-archive)
zephyr/arch/arch/arm/core/cortex_m/libarch__arm__core__cortex_m.a(vector_table.S.obj)
                              (--whole-archive)
zephyr/arch/arch/arm/core/cortex_m/libarch__arm__core__cortex_m.a(swap_helper.S.obj)
                              (--whole-archive)
zephyr/arch/arch/arm/core/cortex_m/libarch__arm__core__cortex_m.a(irq_manage.c.obj)
                              (--whole-archive)
zephyr/arch/arch/arm/core/cortex_m/libarch__arm__core__cortex_m.a(prep_c.c.obj)
                              (--whole-archive)
zephyr/arch/arch/arm/core/cortex_m/libarch__arm__core__cortex_m.a(thread.c.obj)
                              (--whole-archive)
zephyr/arch/arch/arm/core/cortex_m/libarch__arm__core__cortex_m.a(cpu_idle.c.obj)
                              (--whole-archive)
zephyr/arch/arch/arm/core/cortex_m/libarch__arm__core__cortex_m.a(irq_init.c.obj)
                              (--whole-archive)
zephyr/arch/arch/arm/core/cortex_m/libarch__arm__core__cortex_m.a(isr_wrapper.c.obj)
                              (--whole-archive)
zephyr/arch/arch/arm/core/cortex_m/libarch__arm__core__cortex_m.a(__aeabi_read_tp.S.obj)
                              (--whole-archive)
zephyr/lib/libc/picolibc/liblib__libc__picolibc.a(assert.c.obj)
                              (--whole-archive)
zephyr/lib/libc/picolibc/liblib__libc__picolibc.a(cbprintf.c.obj)
                              (--whole-archive)
zephyr/lib/libc/picolibc/liblib__libc__picolibc.a(chk_fail.c.obj)
                              (--whole-archive)
zephyr/lib/libc/picolibc/liblib__libc__picolibc.a(errno_wrap.c.obj)
                              (--whole-archive)
zephyr/lib/libc/picolibc/liblib__libc__picolibc.a(exit.c.obj)
                              (--whole-archive)
zephyr/lib/libc/picolibc/liblib__libc__picolibc.a(locks.c.obj)
                              (--whole-archive)
[...]
Memory Configuration

Name             Origin             Length             Attributes
FLASH            0x0000000000000000 0x0000000000040000 xr
RAM              0x000000001fffe000 0x0000000000008000 xw
IDT_LIST         0x00000000ffff7fff 0x0000000000008000 xw
*default*        0x0000000000000000 0xffffffffffffffff

Linker script and memory map

                0x000000000000363c                vfprintf = __l_vfprintf
                0x0000000000000000                vfscanf = __l_vfscanf
LOAD zephyr/CMakeFiles/zephyr_pre0.dir/misc/empty_file.c.obj
LOAD zephyr/CMakeFiles/offsets.dir/./arch/arm/core/offsets/offsets.c.obj
LOAD app/libapp.a
LOAD zephyr/libzephyr.a
LOAD zephyr/arch/common/libarch__common.a
LOAD zephyr/arch/arch/arm/core/libarch__arm__core.a
LOAD zephyr/arch/arch/arm/core/cortex_m/libarch__arm__core__cortex_m.a
LOAD zephyr/lib/libc/picolibc/liblib__libc__picolibc.a
LOAD zephyr/lib/libc/common/liblib__libc__common.a
LOAD zephyr/drivers/clock_control/libdrivers__clock_control.a
LOAD zephyr/drivers/console/libdrivers__console.a
LOAD zephyr/drivers/gpio/libdrivers__gpio.a
LOAD zephyr/drivers/pinctrl/libdrivers__pinctrl.a
LOAD zephyr/drivers/serial/libdrivers__serial.a
LOAD zephyr/drivers/timer/libdrivers__timer.a
LOAD modules/hal_nxp/libmodules__hal_nxp.a
LOAD zephyr/kernel/libkernel.a
LOAD zephyr/arch/common/libisr_tables.a
LOAD c:\users\aguat\zephyr-sdk-0.17.0\arm-zephyr-eabi\bin\../lib/gcc/../../picolibc/arm-zephyr-eabi/lib/thumb/v6-m/nofp\libc.a
LOAD c:/users/aguat/zephyr-sdk-0.17.0/arm-zephyr-eabi/bin/../lib/gcc/arm-zephyr-eabi/12.2.0/thumb/v6-m/nofp\libgcc.a
                0x0000000000000004                _region_min_align = 0x4

.rel.plt        0x0000000000000000        0x0
 *(SORT_BY_ALIGNMENT(.rel.plt))
                [!provide]                        PROVIDE (__rel_iplt_start = .)
 *(SORT_BY_ALIGNMENT(.rel.iplt))
 .rel.iplt      0x0000000000000000        0x0 app/libapp.a(main.c.obj)
                [!provide]                        PROVIDE (__rel_iplt_end = .)

.rela.plt       0x0000000000000000        0x0
 *(SORT_BY_ALIGNMENT(.rela.plt))
                [!provide]                        PROVIDE (__rela_iplt_start = .)
 *(SORT_BY_ALIGNMENT(.rela.iplt))
                [!provide]                        PROVIDE (__rela_iplt_end = .)

.rel.dyn
 *(SORT_BY_ALIGNMENT(.rel.*))

.rela.dyn
 *(SORT_BY_ALIGNMENT(.rela.*))

/DISCARD/
 *(SORT_BY_ALIGNMENT(.plt))

/DISCARD/
 *(SORT_BY_ALIGNMENT(.iplt))
                0x0000000000000000                __rom_region_start = 0x0

rom_start       0x0000000000000000      0x410
                0x0000000000000000                __rom_start_address = .
 FILL mask 0x00
                0x0000000000000000                . = (. + (0x0 - (. - __rom_start_address)))
                0x0000000000000000                . = ALIGN (0x4)
                0x0000000000000000                . = ALIGN (0x100)
                0x0000000000000000                . = ALIGN (0x100)
                0x0000000000000000                _vector_start = .
 *(SORT_BY_ALIGNMENT(.exc_vector_table))
 *(SORT_BY_ALIGNMENT(.exc_vector_table.*))
 .exc_vector_table._vector_table_section
                0x0000000000000000       0x40 zephyr/arch/arch/arm/core/cortex_m/libarch__arm__core__cortex_m.a(vector_table.S.obj)
                0x0000000000000000                _vector_table
 *(SORT_BY_ALIGNMENT(.vectors))
                0x00000000000000c0                _vector_end = .
                0x0000000000000040                . = ALIGN (0x4)
 *(SORT_BY_ALIGNMENT(.gnu.linkonce.irq_vector_table*))
 .gnu.linkonce.irq_vector_table
                0x0000000000000040       0x80 zephyr/arch/common/libisr_tables.a(isr_tables.c.obj)
                0x0000000000000040                _irq_vector_table
                0x00000000000000c0                _vector_end = .
                0x0000000000000400                . = 0x400
 *fill*         0x00000000000000c0      0x340 00
 *(SORT_BY_ALIGNMENT(.kinetis_flash_config))
 *(SORT_BY_ALIGNMENT(.kinetis_flash_config.*))
 .kinetis_flash_config."WEST_TOPDIR/zephyr/soc/nxp/mcx/mcxc/flash_configuration.c".0
                0x0000000000000400       0x10 zephyr/libzephyr.a(flash_configuration.c.obj)
                0x0000000000000400                __kinetis_flash_config

text            0x0000000000000410     0x3d8c
                0x0000000000000410                __text_region_start = .
 *(SORT_BY_ALIGNMENT(.text))
 .text          0x0000000000000410       0x14 c:/users/aguat/zephyr-sdk-0.17.0/arm-zephyr-eabi/bin/../lib/gcc/arm-zephyr-eabi/12.2.0/thumb/v6-m/nofp\libgcc.a(_thumb1_case_uqi.o)
                0x0000000000000410                __gnu_thumb1_case_uqi
 .text          0x0000000000000424       0x8c c:/users/aguat/zephyr-sdk-0.17.0/arm-zephyr-eabi/bin/../lib/gcc/arm-zephyr-eabi/12.2.0/thumb/v6-m/nofp\libgcc.a(_udivsi3.o)
                0x0000000000000424                __aeabi_uidiv
                0x0000000000000424                __udivsi3
                0x000000000000049c                __aeabi_uidivmod
 .text          0x00000000000004b0        0x4 c:/users/aguat/zephyr-sdk-0.17.0/arm-zephyr-eabi/bin/../lib/gcc/arm-zephyr-eabi/12.2.0/thumb/v6-m/nofp\libgcc.a(_dvmd_tls.o)
                0x00000000000004b0                __aeabi_idiv0
                0x00000000000004b0                __aeabi_ldiv0
 .text          0x00000000000004b4       0x3c c:/users/aguat/zephyr-sdk-0.17.0/arm-zephyr-eabi/bin/../lib/gcc/arm-zephyr-eabi/12.2.0/thumb/v6-m/nofp\libgcc.a(_clzsi2.o)
                0x00000000000004b4                __clzsi2
 .text          0x00000000000004f0       0x40 c:/users/aguat/zephyr-sdk-0.17.0/arm-zephyr-eabi/bin/../lib/gcc/arm-zephyr-eabi/12.2.0/thumb/v6-m/nofp\libgcc.a(_aeabi_uldivmod.o)
                0x00000000000004f0                __aeabi_uldivmod
 .text          0x0000000000000530       0x18 c:/users/aguat/zephyr-sdk-0.17.0/arm-zephyr-eabi/bin/../lib/gcc/arm-zephyr-eabi/12.2.0/thumb/v6-m/nofp\libgcc.a(_lshrdi3.o)
                0x0000000000000530                __lshrdi3
                0x0000000000000530                __aeabi_llsr
 .text          0x0000000000000548       0x18 c:/users/aguat/zephyr-sdk-0.17.0/arm-zephyr-eabi/bin/../lib/gcc/arm-zephyr-eabi/12.2.0/thumb/v6-m/nofp\libgcc.a(_ashldi3.o)
                0x0000000000000548                __aeabi_llsl
                0x0000000000000548                __ashldi3
 .text          0x0000000000000560       0x18 c:/users/aguat/zephyr-sdk-0.17.0/arm-zephyr-eabi/bin/../lib/gcc/arm-zephyr-eabi/12.2.0/thumb/v6-m/nofp\libgcc.a(_clzdi2.o)
                0x0000000000000560                __clzdi2
 .text          0x0000000000000578       0xde c:/users/aguat/zephyr-sdk-0.17.0/arm-zephyr-eabi/bin/../lib/gcc/arm-zephyr-eabi/12.2.0/thumb/v6-m/nofp\libgcc.a(_udivmoddi4.o)
                0x0000000000000578                __udivmoddi4
 *(SORT_BY_ALIGNMENT(.text.*))
 *fill*         0x0000000000000656        0x2 
 .text.threadConsumer
                0x0000000000000658       0x28 app/libapp.a(main.c.obj)
                0x0000000000000658                threadConsumer
 .text.threadProducer
                0x0000000000000680       0x30 app/libapp.a(main.c.obj)
                0x0000000000000680                threadProducer
 .text.main     0x00000000000006b0       0xb0 app/libapp.a(main.c.obj)
                0x00000000000006b0                main
 .text.sys_heap_init
                0x0000000000000760      0x120 zephyr/libzephyr.a(heap.c.obj)
                0x0000000000000760                sys_heap_init
 .text.char_out
                0x0000000000000880       0x10 zephyr/libzephyr.a(printk.c.obj)
 .text.__printk_hook_install
                0x0000000000000890        0xc zephyr/libzephyr.a(printk.c.obj)
                0x0000000000000890                __printk_hook_install
 .text.vprintk  0x000000000000089c       0x30 zephyr/libzephyr.a(printk.c.obj)
                0x000000000000089c                vprintk
 .text.z_thread_entry
                0x00000000000008cc       0x30 zephyr/libzephyr.a(thread_entry.c.obj)
                0x00000000000008cc                z_thread_entry
 .text.clock_init
                0x00000000000008fc       0x7c zephyr/libzephyr.a(soc.c.obj)
                0x00000000000008fc                clock_init
 .text.z_SysNmiOnReset
                0x0000000000000978        0x4 zephyr/arch/arch/arm/core/libarch__arm__core.a(nmi_on_reset.S.obj)
                0x0000000000000978                z_SysNmiOnReset
 .text.arch_tls_stack_setup
                0x000000000000097c       0x38 zephyr/arch/arch/arm/core/libarch__arm__core.a(tls.c.obj)
                0x000000000000097c                arch_tls_stack_setup
 .text._HandlerModeExit
                0x00000000000009b4       0x20 zephyr/arch/arch/arm/core/cortex_m/libarch__arm__core__cortex_m.a(exc_exit.c.obj)
                0x00000000000009b4                z_arm_int_exit
                0x00000000000009b4                z_arm_exc_exit
 .text.z_arm_fault
                0x00000000000009d4       0xd8 zephyr/arch/arch/arm/core/cortex_m/libarch__arm__core__cortex_m.a(fault.c.obj)
                0x00000000000009d4                z_arm_fault
 .text.z_arm_fault_init
                0x0000000000000aac       0x10 zephyr/arch/arch/arm/core/cortex_m/libarch__arm__core__cortex_m.a(fault.c.obj)
                0x0000000000000aac                z_arm_fault_init
 .text.__fault  0x0000000000000abc       0x14 zephyr/arch/arch/arm/core/cortex_m/libarch__arm__core__cortex_m.a(fault_s.S.obj)
                0x0000000000000abc                z_arm_hard_fault
                0x0000000000000abc                z_arm_exc_spurious
 .text._reset_section
                0x0000000000000ad0       0x38 zephyr/arch/arch/arm/core/cortex_m/libarch__arm__core__cortex_m.a(reset.S.obj)
                0x0000000000000ad0                __start
                0x0000000000000ad0                z_arm_reset
 .text.z_impl_k_thread_abort
                0x0000000000000b08       0x38 zephyr/arch/arch/arm/core/cortex_m/libarch__arm__core__cortex_m.a(thread_abort.c.obj)
                0x0000000000000b08                z_impl_k_thread_abort
 .text.z_arm_pendsv
                0x0000000000000b40       0x70 zephyr/arch/arch/arm/core/cortex_m/libarch__arm__core__cortex_m.a(swap_helper.S.obj)
                0x0000000000000b40                z_arm_pendsv
 .text.z_arm_svc
                0x0000000000000bb0       0x28 zephyr/arch/arch/arm/core/cortex_m/libarch__arm__core__cortex_m.a(swap_helper.S.obj)
                0x0000000000000bb0                z_arm_svc
 .text.arm_irq_enable
                0x0000000000000bd8       0x18 zephyr/arch/arch/arm/core/cortex_m/libarch__arm__core__cortex_m.a(irq_manage.c.obj)
                0x0000000000000bd8                arm_irq_enable
 .text.arm_irq_priority_set
                0x0000000000000bf0       0x88 zephyr/arch/arch/arm/core/cortex_m/libarch__arm__core__cortex_m.a(irq_manage.c.obj)
                0x0000000000000bf0                arm_irq_priority_set
 .text.relocate_vector_table
                0x0000000000000c78       0x1c zephyr/arch/arch/arm/core/cortex_m/libarch__arm__core__cortex_m.a(prep_c.c.obj)
                0x0000000000000c78                relocate_vector_table
 .text.arch_new_thread
                0x0000000000000c94       0x2c zephyr/arch/arch/arm/core/cortex_m/libarch__arm__core__cortex_m.a(thread.c.obj)
                0x0000000000000c94                arch_new_thread
 .text.arch_switch_to_main_thread
                0x0000000000000cc0       0x38 zephyr/arch/arch/arm/core/cortex_m/libarch__arm__core__cortex_m.a(thread.c.obj)
                0x0000000000000cc0                arch_switch_to_main_thread
 .text.z_arm_cpu_idle_init
                0x0000000000000cf8        0xc zephyr/arch/arch/arm/core/cortex_m/libarch__arm__core__cortex_m.a(cpu_idle.c.obj)
                0x0000000000000cf8                z_arm_cpu_idle_init
 .text.z_arm_interrupt_init
                0x0000000000000d04       0x30 zephyr/arch/arch/arm/core/cortex_m/libarch__arm__core__cortex_m.a(irq_init.c.obj)
                0x0000000000000d04                z_arm_interrupt_init
 .text._isr_wrapper
                0x0000000000000d34       0x20 zephyr/arch/arch/arm/core/cortex_m/libarch__arm__core__cortex_m.a(isr_wrapper.c.obj)
                0x0000000000000d34                _isr_wrapper
 .text.__assert_no_args
                0x0000000000000d54       0x24 zephyr/lib/libc/picolibc/liblib__libc__picolibc.a(assert.c.obj)
                0x0000000000000d54                __assert_no_args
 .text.z_impl_zephyr_fputc
                0x0000000000000d78       0x10 zephyr/lib/libc/picolibc/liblib__libc__picolibc.a(stdio.c.obj)
                0x0000000000000d78                z_impl_zephyr_fputc
 .text.__stdout_hook_install
                0x0000000000000d88       0x18 zephyr/lib/libc/picolibc/liblib__libc__picolibc.a(stdio.c.obj)
                0x0000000000000d88                __stdout_hook_install
 .text.malloc_prepare
                0x0000000000000da0       0x24 zephyr/lib/libc/common/liblib__libc__common.a(malloc.c.obj)
 .text.mcux_sim_on
                0x0000000000000dc4       0x1c zephyr/drivers/clock_control/libdrivers__clock_control.a(clock_control_mcux_sim.c.obj)
 .text.mcux_sim_off
                0x0000000000000de0       0x1c zephyr/drivers/clock_control/libdrivers__clock_control.a(clock_control_mcux_sim.c.obj)
 .text.mcux_sim_get_subsys_rate
                0x0000000000000dfc       0x30 zephyr/drivers/clock_control/libdrivers__clock_control.a(clock_control_mcux_sim.c.obj)
 .text.uart_console_init
                0x0000000000000e2c       0x2c zephyr/drivers/console/libdrivers__console.a(uart_console.c.obj)
 .text.console_out
                0x0000000000000e58       0x28 zephyr/drivers/console/libdrivers__console.a(uart_console.c.obj)
 .text.gpio_mcux_port_configure
                0x0000000000000e80       0xa4 zephyr/drivers/gpio/libdrivers__gpio.a(gpio_mcux.c.obj)
 .text.gpio_mcux_manage_callback
                0x0000000000000f24       0xb0 zephyr/drivers/gpio/libdrivers__gpio.a(gpio_mcux.c.obj)
 .text.gpio_mcux_pin_interrupt_configure
                0x0000000000000fd4       0x88 zephyr/drivers/gpio/libdrivers__gpio.a(gpio_mcux.c.obj)
 .text.gpio_mcux_port_isr
                0x000000000000105c       0x6c zephyr/drivers/gpio/libdrivers__gpio.a(gpio_mcux.c.obj)
 .text.pinctrl_configure_pins
                0x00000000000010c8       0x44 zephyr/drivers/pinctrl/libdrivers__pinctrl.a(pinctrl_nxp_port.c.obj)
                0x00000000000010c8                pinctrl_configure_pins
 .text.elapsed  0x000000000000110c       0x54 zephyr/drivers/timer/libdrivers__timer.a(cortex_m_systick.c.obj)
 .text.sys_clock_driver_init
                0x0000000000001160       0x40 zephyr/drivers/timer/libdrivers__timer.a(cortex_m_systick.c.obj)
 .text.sys_clock_isr
                0x00000000000011a0       0x44 zephyr/drivers/timer/libdrivers__timer.a(cortex_m_systick.c.obj)
                0x00000000000011a0                sys_clock_isr
 .text.sys_clock_set_timeout
                0x00000000000011e4      0x16c zephyr/drivers/timer/libdrivers__timer.a(cortex_m_systick.c.obj)
                0x00000000000011e4                sys_clock_set_timeout
 .text.sys_clock_elapsed
                0x0000000000001350       0xac zephyr/drivers/timer/libdrivers__timer.a(cortex_m_systick.c.obj)
                0x0000000000001350                sys_clock_elapsed
 .text.LPUART_GetInstance
                0x00000000000013fc       0x24 modules/hal_nxp/libmodules__hal_nxp.a(fsl_lpuart.c.obj)
                0x00000000000013fc                LPUART_GetInstance
 .text.LPUART_Init
                0x0000000000001420      0x19c modules/hal_nxp/libmodules__hal_nxp.a(fsl_lpuart.c.obj)
                0x0000000000001420                LPUART_Init
 .text.LPUART_Deinit
                0x00000000000015bc       0x44 modules/hal_nxp/libmodules__hal_nxp.a(fsl_lpuart.c.obj)
                0x00000000000015bc                LPUART_Deinit
 .text.LPUART_GetStatusFlags
                0x0000000000001600        0xc modules/hal_nxp/libmodules__hal_nxp.a(fsl_lpuart.c.obj)
                0x0000000000001600                LPUART_GetStatusFlags
 .text.LPUART_ClearStatusFlags
                0x000000000000160c       0x30 modules/hal_nxp/libmodules__hal_nxp.a(fsl_lpuart.c.obj)
                0x000000000000160c                LPUART_ClearStatusFlags
 .text.SystemInit
                0x000000000000163c       0x2c modules/hal_nxp/libmodules__hal_nxp.a(system_MCXC444.c.obj)
                0x000000000000163c                SystemInit
 .text.CLOCK_GetLircClkFreq
                0x0000000000001668       0x30 modules/hal_nxp/libmodules__hal_nxp.a(fsl_clock.c.obj)
 .text.CLOCK_GetOsc0ErClkFreq
                0x0000000000001698       0x28 modules/hal_nxp/libmodules__hal_nxp.a(fsl_clock.c.obj)
                0x0000000000001698                CLOCK_GetOsc0ErClkFreq
 .text.CLOCK_GetEr32kClkFreq
                0x00000000000016c0       0x4c modules/hal_nxp/libmodules__hal_nxp.a(fsl_clock.c.obj)
                0x00000000000016c0                CLOCK_GetEr32kClkFreq
 .text.CLOCK_SetSimConfig
                0x000000000000170c       0x2c modules/hal_nxp/libmodules__hal_nxp.a(fsl_clock.c.obj)
                0x000000000000170c                CLOCK_SetSimConfig
 .text.CLOCK_GetInternalRefClkFreq
                0x0000000000001738       0x24 modules/hal_nxp/libmodules__hal_nxp.a(fsl_clock.c.obj)
                0x0000000000001738                CLOCK_GetInternalRefClkFreq
 .text.CLOCK_GetPeriphClkFreq
                0x000000000000175c       0x30 modules/hal_nxp/libmodules__hal_nxp.a(fsl_clock.c.obj)
                0x000000000000175c                CLOCK_GetPeriphClkFreq
 .text.CLOCK_GetOutClkFreq
                0x000000000000178c       0x48 modules/hal_nxp/libmodules__hal_nxp.a(fsl_clock.c.obj)
                0x000000000000178c                CLOCK_GetOutClkFreq
 .text.CLOCK_GetFreq
                0x00000000000017d4       0x78 modules/hal_nxp/libmodules__hal_nxp.a(fsl_clock.c.obj)
                0x00000000000017d4                CLOCK_GetFreq
 .text.CLOCK_SetMcgliteConfig
                0x000000000000184c       0x94 modules/hal_nxp/libmodules__hal_nxp.a(fsl_clock.c.obj)
                0x000000000000184c                CLOCK_SetMcgliteConfig
 .text.CLOCK_InitOsc0
                0x00000000000018e0       0x6c modules/hal_nxp/libmodules__hal_nxp.a(fsl_clock.c.obj)
                0x00000000000018e0                CLOCK_InitOsc0
 .text.z_device_state_init
                0x000000000000194c       0x48 zephyr/kernel/libkernel.a(device.c.obj)
                0x000000000000194c                z_device_state_init
 .text.z_fatal_error
                0x0000000000001994       0x58 zephyr/kernel/libkernel.a(fatal.c.obj)
                0x0000000000001994                z_fatal_error
 .text.z_sys_init_run_level
                0x00000000000019ec       0x34 zephyr/kernel/libkernel.a(init.c.obj)
 .text.bg_thread_main
                0x0000000000001a20       0xf4 zephyr/kernel/libkernel.a(init.c.obj)
 .text.z_bss_zero
                0x0000000000001b14       0x18 zephyr/kernel/libkernel.a(init.c.obj)
                0x0000000000001b14                z_bss_zero
 .text.z_init_cpu
                0x0000000000001b2c       0x68 zephyr/kernel/libkernel.a(init.c.obj)
                0x0000000000001b2c                z_init_cpu
 .text.z_cstart
                0x0000000000001b94       0xb4 zephyr/kernel/libkernel.a(init.c.obj)
                0x0000000000001b94                z_cstart
 .text.idle     0x0000000000001c48       0x40 zephyr/kernel/libkernel.a(idle.c.obj)
                0x0000000000001c48                idle
 .text.unpend_thread_no_timeout
                0x0000000000001c88       0x44 zephyr/kernel/libkernel.a(sem.c.obj)
 .text.z_impl_k_sem_give
                0x0000000000001ccc       0xf8 zephyr/kernel/libkernel.a(sem.c.obj)
                0x0000000000001ccc                z_impl_k_sem_give
 .text.z_impl_k_sem_take
                0x0000000000001dc4      0x104 zephyr/kernel/libkernel.a(sem.c.obj)
                0x0000000000001dc4                z_impl_k_sem_take
 .text.z_setup_new_thread
                0x0000000000001ec8       0xc8 zephyr/kernel/libkernel.a(thread.c.obj)
                0x0000000000001ec8                z_setup_new_thread
 .text.z_impl_k_thread_create
                0x0000000000001f90       0x90 zephyr/kernel/libkernel.a(thread.c.obj)
                0x0000000000001f90                z_impl_k_thread_create
 .text.z_dummy_thread_init
                0x0000000000002020       0x18 zephyr/kernel/libkernel.a(thread.c.obj)
                0x0000000000002020                z_dummy_thread_init
 .text.z_swap_irqlock
                0x0000000000002038       0x2c zephyr/kernel/libkernel.a(sched.c.obj)
 .text.unready_thread
                0x0000000000002064       0xac zephyr/kernel/libkernel.a(sched.c.obj)
 .text.unpend_thread_no_timeout
                0x0000000000002110       0x40 zephyr/kernel/libkernel.a(sched.c.obj)
 .text.ready_thread
                0x0000000000002150       0xe0 zephyr/kernel/libkernel.a(sched.c.obj)
 .text.add_thread_timeout
                0x0000000000002230       0x18 zephyr/kernel/libkernel.a(sched.c.obj)
 .text.move_thread_to_end_of_prio_q
                0x0000000000002248      0x104 zephyr/kernel/libkernel.a(sched.c.obj)
                0x0000000000002248                move_thread_to_end_of_prio_q
 .text.z_ready_thread
                0x000000000000234c       0x90 zephyr/kernel/libkernel.a(sched.c.obj)
                0x000000000000234c                z_ready_thread
 .text.z_sched_wake_thread
                0x00000000000023dc       0xac zephyr/kernel/libkernel.a(sched.c.obj)
                0x00000000000023dc                z_sched_wake_thread
 .text.z_pend_curr
                0x0000000000002488       0xfc zephyr/kernel/libkernel.a(sched.c.obj)
                0x0000000000002488                z_pend_curr
 .text.z_reschedule
                0x0000000000002584       0x94 zephyr/kernel/libkernel.a(sched.c.obj)
                0x0000000000002584                z_reschedule
 .text.z_reschedule_irqlock
                0x0000000000002618       0x2c zephyr/kernel/libkernel.a(sched.c.obj)
                0x0000000000002618                z_reschedule_irqlock
 .text.k_sched_lock
                0x0000000000002644       0xec zephyr/kernel/libkernel.a(sched.c.obj)
                0x0000000000002644                k_sched_lock
 .text.k_sched_unlock
                0x0000000000002730      0x128 zephyr/kernel/libkernel.a(sched.c.obj)
                0x0000000000002730                k_sched_unlock
 .text.z_sched_init
                0x0000000000002858       0x14 zephyr/kernel/libkernel.a(sched.c.obj)
                0x0000000000002858                z_sched_init
 .text.z_impl_k_yield
                0x000000000000286c      0x128 zephyr/kernel/libkernel.a(sched.c.obj)
                0x000000000000286c                z_impl_k_yield
 .text.z_tick_sleep
                0x0000000000002994      0x118 zephyr/kernel/libkernel.a(sched.c.obj)
 .text.z_impl_k_sleep
                0x0000000000002aac       0x84 zephyr/kernel/libkernel.a(sched.c.obj)
                0x0000000000002aac                z_impl_k_sleep
 .text.z_impl_k_wakeup
                0x0000000000002b30       0xb0 zephyr/kernel/libkernel.a(sched.c.obj)
                0x0000000000002b30                z_impl_k_wakeup
 .text.z_impl_k_sched_current_thread_query
                0x0000000000002be0        0xc zephyr/kernel/libkernel.a(sched.c.obj)
                0x0000000000002be0                z_impl_k_sched_current_thread_query
 .text.z_thread_abort
                0x0000000000002bec      0x254 zephyr/kernel/libkernel.a(sched.c.obj)
                0x0000000000002bec                z_thread_abort
 .text.slice_timeout
                0x0000000000002e40       0x68 zephyr/kernel/libkernel.a(timeslicing.c.obj)
 .text.thread_is_sliceable
                0x0000000000002ea8       0x40 zephyr/kernel/libkernel.a(timeslicing.c.obj)
                0x0000000000002ea8                thread_is_sliceable
 .text.z_reset_time_slice
                0x0000000000002ee8       0x4c zephyr/kernel/libkernel.a(timeslicing.c.obj)
                0x0000000000002ee8                z_reset_time_slice
 .text.z_time_slice
                0x0000000000002f34       0xcc zephyr/kernel/libkernel.a(timeslicing.c.obj)
                0x0000000000002f34                z_time_slice
 .text.z_spin_lock_valid
                0x0000000000003000       0x20 zephyr/kernel/libkernel.a(spinlock_validate.c.obj)
                0x0000000000003000                z_spin_lock_valid
 .text.z_spin_unlock_valid
                0x0000000000003020       0x34 zephyr/kernel/libkernel.a(spinlock_validate.c.obj)
                0x0000000000003020                z_spin_unlock_valid
 .text.z_spin_lock_set_owner
                0x0000000000003054       0x10 zephyr/kernel/libkernel.a(spinlock_validate.c.obj)
                0x0000000000003054                z_spin_lock_set_owner
 .text.z_data_copy
                0x0000000000003064       0x34 zephyr/kernel/libkernel.a(xip.c.obj)
                0x0000000000003064                z_data_copy
 .text.first    0x0000000000003098       0x10 zephyr/kernel/libkernel.a(timeout.c.obj)
 .text.next_timeout
                0x00000000000030a8       0x38 zephyr/kernel/libkernel.a(timeout.c.obj)
 .text.elapsed  0x00000000000030e0       0x18 zephyr/kernel/libkernel.a(timeout.c.obj)
 .text.remove_timeout
                0x00000000000030f8       0x38 zephyr/kernel/libkernel.a(timeout.c.obj)
 .text.z_add_timeout
                0x0000000000003130      0x1cc zephyr/kernel/libkernel.a(timeout.c.obj)
                0x0000000000003130                z_add_timeout
 .text.z_abort_timeout
                0x00000000000032fc       0xc4 zephyr/kernel/libkernel.a(timeout.c.obj)
                0x00000000000032fc                z_abort_timeout
 .text.sys_clock_announce
                0x00000000000033c0      0x168 zephyr/kernel/libkernel.a(timeout.c.obj)
                0x00000000000033c0                sys_clock_announce
 .text.sys_clock_tick_get
                0x0000000000003528       0xa4 zephyr/kernel/libkernel.a(timeout.c.obj)
                0x0000000000003528                sys_clock_tick_get
 .text.k_thread_system_pool_assign
                0x00000000000035cc        0xc zephyr/kernel/libkernel.a(mempool.c.obj)
                0x00000000000035cc                k_thread_system_pool_assign
 .text.boot_banner
                0x00000000000035d8       0x10 zephyr/kernel/libkernel.a(banner.c.obj)
                0x00000000000035d8                boot_banner
 .text.statics_init
                0x00000000000035e8       0x54 zephyr/kernel/libkernel.a(kheap.c.obj)
 .text.__l_vfprintf
                0x000000000000363c      0x4d0 c:\users\aguat\zephyr-sdk-0.17.0\arm-zephyr-eabi\bin\../lib/gcc/../../picolibc/arm-zephyr-eabi/lib/thumb/v6-m/nofp\libc.a(libc_tinystdio_vflprintf.c.o)
                0x000000000000363c                __l_vfprintf
 .text._OffsetAbsSyms
                0x0000000000003b0c        0x2 zephyr/CMakeFiles/offsets.dir/./arch/arm/core/offsets/offsets.c.obj
                0x0000000000003b0c                _OffsetAbsSyms
 .text.chunk_size
                0x0000000000003b0e        0xa zephyr/libzephyr.a(heap.c.obj)
 .text.free_list_add
                0x0000000000003b18       0x4e zephyr/libzephyr.a(heap.c.obj)
 .text.arch_printk_char_out
                0x0000000000003b66        0x4 zephyr/libzephyr.a(printk.c.obj)
                0x0000000000003b66                arch_printk_char_out
 .text.printk   0x0000000000003b6a       0x16 zephyr/libzephyr.a(printk.c.obj)
                0x0000000000003b6a                printk
 .text.assert_post_action
                0x0000000000003b80        0xe zephyr/libzephyr.a(assert.c.obj)
                0x0000000000003b80                assert_post_action
 .text.assert_print
                0x0000000000003b8e       0x16 zephyr/libzephyr.a(assert.c.obj)
                0x0000000000003b8e                assert_print
 .text._ConfigAbsSyms
                0x0000000000003ba4        0x2 zephyr/libzephyr.a(configs.c.obj)
                0x0000000000003ba4                _ConfigAbsSyms
 .text.soc_early_init_hook
                0x0000000000003ba6        0x8 zephyr/libzephyr.a(soc.c.obj)
                0x0000000000003ba6                soc_early_init_hook
 .text.soc_reset_hook
                0x0000000000003bae        0x8 zephyr/libzephyr.a(soc.c.obj)
                0x0000000000003bae                soc_reset_hook
 .text.z_arm_fatal_error
                0x0000000000003bb6       0x10 zephyr/arch/arch/arm/core/libarch__arm__core.a(fatal.c.obj)
                0x0000000000003bb6                z_arm_fatal_error
 .text.z_do_kernel_oops
                0x0000000000003bc6        0xc zephyr/arch/arch/arm/core/libarch__arm__core.a(fatal.c.obj)
                0x0000000000003bc6                z_do_kernel_oops
 .text.z_arm_nmi
                0x0000000000003bd2        0xc zephyr/arch/arch/arm/core/libarch__arm__core.a(nmi.c.obj)
                0x0000000000003bd2                z_arm_nmi
 .text.z_irq_spurious
                0x0000000000003bde        0xc zephyr/arch/arch/arm/core/cortex_m/libarch__arm__core__cortex_m.a(irq_manage.c.obj)
                0x0000000000003bde                z_irq_spurious
 .text.z_prep_c
                0x0000000000003bea       0x16 zephyr/arch/arch/arm/core/cortex_m/libarch__arm__core__cortex_m.a(prep_c.c.obj)
                0x0000000000003bea                z_prep_c
 .text.arch_irq_unlock_outlined
                0x0000000000003c00        0xc zephyr/arch/arch/arm/core/cortex_m/libarch__arm__core__cortex_m.a(thread.c.obj)
                0x0000000000003c00                arch_irq_unlock_outlined
 .text.arch_cpu_idle
                0x0000000000003c0c        0xe zephyr/arch/arch/arm/core/cortex_m/libarch__arm__core__cortex_m.a(cpu_idle.c.obj)
                0x0000000000003c0c                arch_cpu_idle
 .text.picolibc_put
                0x0000000000003c1a        0xa zephyr/lib/libc/picolibc/liblib__libc__picolibc.a(stdio.c.obj)
 .text.mcux_mcg_on
                0x0000000000003c24        0x4 zephyr/drivers/clock_control/libdrivers__clock_control.a(clock_control_mcux_mcg.c.obj)
 .text.mcux_mcg_get_rate
                0x0000000000003c28       0x18 zephyr/drivers/clock_control/libdrivers__clock_control.a(clock_control_mcux_mcg.c.obj)
 .text.mcux_mcg_off
                0x0000000000003c40        0x4 zephyr/drivers/clock_control/libdrivers__clock_control.a(clock_control_mcux_mcg.c.obj)
 .text.mcux_sim_init
                0x0000000000003c44        0x4 zephyr/drivers/clock_control/libdrivers__clock_control.a(clock_control_mcux_sim.c.obj)
 .text.gpio_mcux_port_get_raw
                0x0000000000003c48        0xc zephyr/drivers/gpio/libdrivers__gpio.a(gpio_mcux.c.obj)
 .text.gpio_mcux_port_set_masked_raw
                0x0000000000003c54       0x12 zephyr/drivers/gpio/libdrivers__gpio.a(gpio_mcux.c.obj)
 .text.gpio_mcux_port_set_bits_raw
                0x0000000000003c66        0xa zephyr/drivers/gpio/libdrivers__gpio.a(gpio_mcux.c.obj)
 .text.gpio_mcux_port_clear_bits_raw
                0x0000000000003c70        0xa zephyr/drivers/gpio/libdrivers__gpio.a(gpio_mcux.c.obj)
 .text.gpio_mcux_port_toggle_bits
                0x0000000000003c7a        0xa zephyr/drivers/gpio/libdrivers__gpio.a(gpio_mcux.c.obj)
 .text.gpio_mcux_port1_init
                0x0000000000003c84        0x4 zephyr/drivers/gpio/libdrivers__gpio.a(gpio_mcux.c.obj)
 .text.gpio_mcux_port0_init
                0x0000000000003c88       0x16 zephyr/drivers/gpio/libdrivers__gpio.a(gpio_mcux.c.obj)
 .text.gpio_mcux_port2_init
                0x0000000000003c9e       0x16 zephyr/drivers/gpio/libdrivers__gpio.a(gpio_mcux.c.obj)
 .text.gpio_mcux_port4_init
                0x0000000000003cb4        0x4 zephyr/drivers/gpio/libdrivers__gpio.a(gpio_mcux.c.obj)
 .text.gpio_mcux_port3_init
                0x0000000000003cb8        0x4 zephyr/drivers/gpio/libdrivers__gpio.a(gpio_mcux.c.obj)
 .text.pinctrl_lookup_state
                0x0000000000003cbc       0x26 zephyr/drivers/pinctrl/libdrivers__pinctrl.a(common.c.obj)
                0x0000000000003cbc                pinctrl_lookup_state
 .text.pinctrl_mcux_init
                0x0000000000003ce2       0x28 zephyr/drivers/pinctrl/libdrivers__pinctrl.a(pinctrl_nxp_port.c.obj)
 .text.mcux_lpuart_config_get
                0x0000000000003d0a        0xc zephyr/drivers/serial/libdrivers__serial.a(uart_mcux_lpuart.c.obj)
 .text.mcux_lpuart_poll_in
                0x0000000000003d16       0x20 zephyr/drivers/serial/libdrivers__serial.a(uart_mcux_lpuart.c.obj)
 .text.mcux_lpuart_err_check
                0x0000000000003d36       0x34 zephyr/drivers/serial/libdrivers__serial.a(uart_mcux_lpuart.c.obj)
 .text.mcux_lpuart_poll_out
                0x0000000000003d6a       0x2a zephyr/drivers/serial/libdrivers__serial.a(uart_mcux_lpuart.c.obj)
 .text.mcux_lpuart_configure_init
                0x0000000000003d94       0xfe zephyr/drivers/serial/libdrivers__serial.a(uart_mcux_lpuart.c.obj)
 .text.pinctrl_apply_state
                0x0000000000003e92       0x1a zephyr/drivers/serial/libdrivers__serial.a(uart_mcux_lpuart.c.obj)
 .text.mcux_lpuart_configure
                0x0000000000003eac       0x30 zephyr/drivers/serial/libdrivers__serial.a(uart_mcux_lpuart.c.obj)
 .text.mcux_lpuart_init
                0x0000000000003edc       0x44 zephyr/drivers/serial/libdrivers__serial.a(uart_mcux_lpuart.c.obj)
 .text.LPUART_GetDefaultConfig
                0x0000000000003f20       0x1c modules/hal_nxp/libmodules__hal_nxp.a(fsl_lpuart.c.obj)
                0x0000000000003f20                LPUART_GetDefaultConfig
 .text.SystemInitHook
                0x0000000000003f3c        0x2 modules/hal_nxp/libmodules__hal_nxp.a(system_MCXC444.c.obj)
                0x0000000000003f3c                SystemInitHook
 .text.z_impl_device_is_ready
                0x0000000000003f3e       0x1a zephyr/kernel/libkernel.a(device.c.obj)
                0x0000000000003f3e                z_impl_device_is_ready
 .text.arch_system_halt
                0x0000000000003f58        0x8 zephyr/kernel/libkernel.a(fatal.c.obj)
                0x0000000000003f58                arch_system_halt
 .text.k_sys_fatal_error_handler
                0x0000000000003f60        0x6 zephyr/kernel/libkernel.a(fatal.c.obj)
                0x0000000000003f60                k_sys_fatal_error_handler
 .text.do_device_init
                0x0000000000003f66       0x30 zephyr/kernel/libkernel.a(init.c.obj)
 .text.z_early_memset
                0x0000000000003f96        0x8 zephyr/kernel/libkernel.a(init.c.obj)
                0x0000000000003f96                z_early_memset
 .text.z_early_memcpy
                0x0000000000003f9e        0x8 zephyr/kernel/libkernel.a(init.c.obj)
                0x0000000000003f9e                z_early_memcpy
 .text.z_impl_k_sem_init
                0x0000000000003fa6       0x1a zephyr/kernel/libkernel.a(sem.c.obj)
                0x0000000000003fa6                z_impl_k_sem_init
 .text.sys_dlist_remove
                0x0000000000003fc0       0x10 zephyr/kernel/libkernel.a(sched.c.obj)
 .text.add_to_waitq_locked
                0x0000000000003fd0       0x52 zephyr/kernel/libkernel.a(sched.c.obj)
 .text.z_thread_timeout
                0x0000000000004022        0xc zephyr/kernel/libkernel.a(sched.c.obj)
                0x0000000000004022                z_thread_timeout
 .text.sys_clock_tick_get_32
                0x000000000000402e        0x8 zephyr/kernel/libkernel.a(timeout.c.obj)
                0x000000000000402e                sys_clock_tick_get_32
 .text.k_heap_init
                0x0000000000004036       0x14 zephyr/kernel/libkernel.a(kheap.c.obj)
                0x0000000000004036                k_heap_init
 .text.memcpy   0x000000000000404a       0x12 c:\users\aguat\zephyr-sdk-0.17.0\arm-zephyr-eabi\bin\../lib/gcc/../../picolibc/arm-zephyr-eabi/lib/thumb/v6-m/nofp\libc.a(memcpy.c.o)
                0x000000000000404a                __aeabi_memcpy
                0x000000000000404a                __aeabi_memcpy4
                0x000000000000404a                __aeabi_memcpy8
                0x000000000000404a                memcpy
 .text.memset   0x000000000000405c       0x10 c:\users\aguat\zephyr-sdk-0.17.0\arm-zephyr-eabi\bin\../lib/gcc/../../picolibc/arm-zephyr-eabi/lib/thumb/v6-m/nofp\libc.a(memset.c.o)
                0x000000000000405c                memset
 .text.strnlen  0x000000000000406c       0x16 c:\users\aguat\zephyr-sdk-0.17.0\arm-zephyr-eabi\bin\../lib/gcc/../../picolibc/arm-zephyr-eabi/lib/thumb/v6-m/nofp\libc.a(libc_string_strnlen.c.o)
                0x000000000000406c                strnlen
 .text.__ultoa_invert
                0x0000000000004082      0x10e c:\users\aguat\zephyr-sdk-0.17.0\arm-zephyr-eabi\bin\../lib/gcc/../../picolibc/arm-zephyr-eabi/lib/thumb/v6-m/nofp\libc.a(libc_tinystdio_vflprintf.c.o)
 *(SORT_BY_ALIGNMENT(.TEXT.*))
 .TEXT.__aeabi_read_tp
                0x0000000000004190        0xc zephyr/arch/arch/arm/core/cortex_m/libarch__arm__core__cortex_m.a(__aeabi_read_tp.S.obj)
                0x0000000000004190                __aeabi_read_tp
 *(SORT_BY_ALIGNMENT(.gnu.linkonce.t.*))
 *(SORT_BY_ALIGNMENT(.glue_7t))
 .glue_7t       0x000000000000419c        0x0 linker stubs
 *(SORT_BY_ALIGNMENT(.glue_7))
 .glue_7        0x000000000000419c        0x0 linker stubs
 *(SORT_BY_ALIGNMENT(.vfp11_veneer))
 .vfp11_veneer  0x000000000000419c        0x0 linker stubs
 *(SORT_BY_ALIGNMENT(.v4_bx))
 .v4_bx         0x000000000000419c        0x0 linker stubs
                0x000000000000419c                . = ALIGN (0x4)
                0x000000000000419c                __text_region_end = .

.ARM.exidx      0x000000000000419c        0x8
                0x000000000000419c                __exidx_start = .
 *(SORT_BY_ALIGNMENT(.ARM.exidx*) SORT_BY_ALIGNMENT(gnu.linkonce.armexidx.*))
 .ARM.exidx     0x000000000000419c        0x8 c:/users/aguat/zephyr-sdk-0.17.0/arm-zephyr-eabi/bin/../lib/gcc/arm-zephyr-eabi/12.2.0/thumb/v6-m/nofp\libgcc.a(_udivmoddi4.o)
                0x00000000000041a4                __exidx_end = .
                0x00000000000041a4                __rodata_region_start = .

initlevel       0x00000000000041a4       0x88
                0x00000000000041a4                __init_start = .
                0x00000000000041a4                __init_EARLY_start = .
 *(SORT_BY_NAME(SORT_BY_ALIGNMENT(.z_init_EARLY_P_?_*)))
 *(SORT_BY_NAME(SORT_BY_ALIGNMENT(.z_init_EARLY_P_??_*)))
 *(SORT_BY_NAME(SORT_BY_ALIGNMENT(.z_init_EARLY_P_???_*)))
                0x00000000000041a4                __init_PRE_KERNEL_1_start = .
 *(SORT_BY_NAME(SORT_BY_ALIGNMENT(.z_init_PRE_KERNEL_1_P_?_*)))
 *(SORT_BY_NAME(SORT_BY_ALIGNMENT(.z_init_PRE_KERNEL_1_P_??_*)))
 .z_init_PRE_KERNEL_1_P_30_SUB_00014_
                0x00000000000041a4        0x8 zephyr/drivers/clock_control/libdrivers__clock_control.a(clock_control_mcux_sim.c.obj)
 .z_init_PRE_KERNEL_1_P_30_SUB_00063_
                0x00000000000041ac        0x8 zephyr/drivers/clock_control/libdrivers__clock_control.a(clock_control_mcux_mcg.c.obj)
 .z_init_PRE_KERNEL_1_P_30_SUB_0_
                0x00000000000041b4        0x8 zephyr/kernel/libkernel.a(kheap.c.obj)
 .z_init_PRE_KERNEL_1_P_40_SUB_00015_
                0x00000000000041bc        0x8 zephyr/drivers/pinctrl/libdrivers__pinctrl.a(pinctrl_nxp_port.c.obj)
 .z_init_PRE_KERNEL_1_P_40_SUB_00017_
                0x00000000000041c4        0x8 zephyr/drivers/pinctrl/libdrivers__pinctrl.a(pinctrl_nxp_port.c.obj)
 .z_init_PRE_KERNEL_1_P_40_SUB_00022_
                0x00000000000041cc        0x8 zephyr/drivers/pinctrl/libdrivers__pinctrl.a(pinctrl_nxp_port.c.obj)
 .z_init_PRE_KERNEL_1_P_40_SUB_00024_
                0x00000000000041d4        0x8 zephyr/drivers/pinctrl/libdrivers__pinctrl.a(pinctrl_nxp_port.c.obj)
 .z_init_PRE_KERNEL_1_P_40_SUB_00044_
                0x00000000000041dc        0x8 zephyr/drivers/pinctrl/libdrivers__pinctrl.a(pinctrl_nxp_port.c.obj)
 .z_init_PRE_KERNEL_1_P_50_SUB_00052_
                0x00000000000041e4        0x8 zephyr/drivers/serial/libdrivers__serial.a(uart_mcux_lpuart.c.obj)
 .z_init_PRE_KERNEL_1_P_60_SUB_0_
                0x00000000000041ec        0x8 zephyr/drivers/console/libdrivers__console.a(uart_console.c.obj)
 *(SORT_BY_NAME(SORT_BY_ALIGNMENT(.z_init_PRE_KERNEL_1_P_???_*)))
                0x00000000000041f4                __init_PRE_KERNEL_2_start = .
 *(SORT_BY_NAME(SORT_BY_ALIGNMENT(.z_init_PRE_KERNEL_2_P_?_*)))
 .z_init_PRE_KERNEL_2_P_0_SUB_0_
                0x00000000000041f4        0x8 zephyr/drivers/timer/libdrivers__timer.a(cortex_m_systick.c.obj)
 *(SORT_BY_NAME(SORT_BY_ALIGNMENT(.z_init_PRE_KERNEL_2_P_??_*)))
 *(SORT_BY_NAME(SORT_BY_ALIGNMENT(.z_init_PRE_KERNEL_2_P_???_*)))
                0x00000000000041fc                __init_POST_KERNEL_start = .
 *(SORT_BY_NAME(SORT_BY_ALIGNMENT(.z_init_POST_KERNEL_P_?_*)))
 *(SORT_BY_NAME(SORT_BY_ALIGNMENT(.z_init_POST_KERNEL_P_??_*)))
 .z_init_POST_KERNEL_P_35_SUB_0_
                0x00000000000041fc        0x8 zephyr/lib/libc/common/liblib__libc__common.a(malloc.c.obj)
 .z_init_POST_KERNEL_P_40_SUB_00016_
                0x0000000000004204        0x8 zephyr/drivers/gpio/libdrivers__gpio.a(gpio_mcux.c.obj)
 .z_init_POST_KERNEL_P_40_SUB_00018_
                0x000000000000420c        0x8 zephyr/drivers/gpio/libdrivers__gpio.a(gpio_mcux.c.obj)
 .z_init_POST_KERNEL_P_40_SUB_00023_
                0x0000000000004214        0x8 zephyr/drivers/gpio/libdrivers__gpio.a(gpio_mcux.c.obj)
 .z_init_POST_KERNEL_P_40_SUB_00025_
                0x000000000000421c        0x8 zephyr/drivers/gpio/libdrivers__gpio.a(gpio_mcux.c.obj)
 .z_init_POST_KERNEL_P_40_SUB_00045_
                0x0000000000004224        0x8 zephyr/drivers/gpio/libdrivers__gpio.a(gpio_mcux.c.obj)
 *(SORT_BY_NAME(SORT_BY_ALIGNMENT(.z_init_POST_KERNEL_P_???_*)))
                0x000000000000422c                __init_APPLICATION_start = .
 *(SORT_BY_NAME(SORT_BY_ALIGNMENT(.z_init_APPLICATION_P_?_*)))
 *(SORT_BY_NAME(SORT_BY_ALIGNMENT(.z_init_APPLICATION_P_??_*)))
 *(SORT_BY_NAME(SORT_BY_ALIGNMENT(.z_init_APPLICATION_P_???_*)))
                0x000000000000422c                __init_SMP_start = .
 *(SORT_BY_NAME(SORT_BY_ALIGNMENT(.z_init_SMP_P_?_*)))
 *(SORT_BY_NAME(SORT_BY_ALIGNMENT(.z_init_SMP_P_??_*)))
 *(SORT_BY_NAME(SORT_BY_ALIGNMENT(.z_init_SMP_P_???_*)))
                0x000000000000422c                __init_end = .

device_area     0x000000000000422c      0x1a0
                0x000000000000422c                _device_list_start = .
 *(SORT_BY_NAME(SORT_BY_ALIGNMENT(._device.static.*_?_*)))
 *(SORT_BY_NAME(SORT_BY_ALIGNMENT(._device.static.*_??_*)))
 ._device.static.1_30_
                0x000000000000422c       0x20 zephyr/drivers/clock_control/libdrivers__clock_control.a(clock_control_mcux_mcg.c.obj)
                0x000000000000422c                __device_dts_ord_63
 ._device.static.1_30_
                0x000000000000424c       0x20 zephyr/drivers/clock_control/libdrivers__clock_control.a(clock_control_mcux_sim.c.obj)
                0x000000000000424c                __device_dts_ord_14
 ._device.static.1_40_
                0x000000000000426c       0xa0 zephyr/drivers/pinctrl/libdrivers__pinctrl.a(pinctrl_nxp_port.c.obj)
                0x000000000000426c                __device_dts_ord_24
                0x000000000000428c                __device_dts_ord_22
                0x00000000000042ac                __device_dts_ord_17
                0x00000000000042cc                __device_dts_ord_44
                0x00000000000042ec                __device_dts_ord_15
 ._device.static.1_50_
                0x000000000000430c       0x20 zephyr/drivers/serial/libdrivers__serial.a(uart_mcux_lpuart.c.obj)
                0x000000000000430c                __device_dts_ord_52
 ._device.static.3_40_
                0x000000000000432c       0xa0 zephyr/drivers/gpio/libdrivers__gpio.a(gpio_mcux.c.obj)
                0x000000000000432c                __device_dts_ord_25
                0x000000000000434c                __device_dts_ord_23
                0x000000000000436c                __device_dts_ord_18
                0x000000000000438c                __device_dts_ord_45
                0x00000000000043ac                __device_dts_ord_16
 *(SORT_BY_NAME(SORT_BY_ALIGNMENT(._device.static.*_???_*)))
 *(SORT_BY_NAME(SORT_BY_ALIGNMENT(._device.static.*_????_*)))
 *(SORT_BY_NAME(SORT_BY_ALIGNMENT(._device.static.*_?????_*)))
                0x00000000000043cc                _device_list_end = .

sw_isr_table    0x00000000000043cc      0x100
                0x00000000000043cc                . = ALIGN (0x4)
 *(SORT_BY_ALIGNMENT(.gnu.linkonce.sw_isr_table*))
 .gnu.linkonce.sw_isr_table
                0x00000000000043cc      0x100 zephyr/arch/common/libisr_tables.a(isr_tables.c.obj)
                0x00000000000043cc                _sw_isr_table

initlevel_error
                0x00000000000041a4        0x0
 *(SORT_BY_NAME(SORT_BY_ALIGNMENT(.z_init_*)))
                0x0000000000000001                ASSERT ((SIZEOF (initlevel_error) == 0x0), Undefined initialization levels used.)

app_shmem_regions
                0x00000000000044cc        0x0
                0x00000000000044cc                __app_shmem_regions_start = .
 *(SORT_BY_NAME(SORT_BY_ALIGNMENT(.app_regions.*)))
                0x00000000000044cc                __app_shmem_regions_end = .

k_p4wq_initparam_area
                0x00000000000044cc        0x0
                0x00000000000044cc                _k_p4wq_initparam_list_start = .
 *(SORT_BY_NAME(SORT_BY_ALIGNMENT(._k_p4wq_initparam.static.*)))
                0x00000000000044cc                _k_p4wq_initparam_list_end = .

_static_thread_data_area
                0x00000000000044cc        0x0
                0x00000000000044cc                __static_thread_data_list_start = .
 *(SORT_BY_NAME(SORT_BY_ALIGNMENT(.__static_thread_data.static.*)))
                0x00000000000044cc                __static_thread_data_list_end = .

device_deps     0x00000000000044cc        0x0
                0x00000000000044cc                __device_deps_start = .
 *(SORT_BY_NAME(SORT_BY_ALIGNMENT(.__device_deps_pass2*)))
                0x00000000000044cc                __device_deps_end = .

gpio_driver_api_area
                0x00000000000044cc       0x24
                0x00000000000044cc                _gpio_driver_api_list_start = .
 *(SORT_BY_NAME(SORT_BY_ALIGNMENT(._gpio_driver_api.static.*)))
 ._gpio_driver_api.static.gpio_mcux_driver_api_
                0x00000000000044cc       0x24 zephyr/drivers/gpio/libdrivers__gpio.a(gpio_mcux.c.obj)
                0x00000000000044f0                _gpio_driver_api_list_end = .

shared_irq_driver_api_area
                0x00000000000044f0        0x0
                0x00000000000044f0                _shared_irq_driver_api_list_start = .
 *(SORT_BY_NAME(SORT_BY_ALIGNMENT(._shared_irq_driver_api.static.*)))
                0x00000000000044f0                _shared_irq_driver_api_list_end = .

crypto_driver_api_area
                0x00000000000044f0        0x0
                0x00000000000044f0                _crypto_driver_api_list_start = .
 *(SORT_BY_NAME(SORT_BY_ALIGNMENT(._crypto_driver_api.static.*)))
                0x00000000000044f0                _crypto_driver_api_list_end = .

adc_driver_api_area
                0x00000000000044f0        0x0
                0x00000000000044f0                _adc_driver_api_list_start = .
 *(SORT_BY_NAME(SORT_BY_ALIGNMENT(._adc_driver_api.static.*)))
                0x00000000000044f0                _adc_driver_api_list_end = .

auxdisplay_driver_api_area
                0x00000000000044f0        0x0
                0x00000000000044f0                _auxdisplay_driver_api_list_start = .
 *(SORT_BY_NAME(SORT_BY_ALIGNMENT(._auxdisplay_driver_api.static.*)))
                0x00000000000044f0                _auxdisplay_driver_api_list_end = .

bbram_driver_api_area
                0x00000000000044f0        0x0
                0x00000000000044f0                _bbram_driver_api_list_start = .
 *(SORT_BY_NAME(SORT_BY_ALIGNMENT(._bbram_driver_api.static.*)))
                0x00000000000044f0                _bbram_driver_api_list_end = .

bt_hci_driver_api_area
                0x00000000000044f0        0x0
                0x00000000000044f0                _bt_hci_driver_api_list_start = .
 *(SORT_BY_NAME(SORT_BY_ALIGNMENT(._bt_hci_driver_api.static.*)))
                0x00000000000044f0                _bt_hci_driver_api_list_end = .

can_driver_api_area
                0x00000000000044f0        0x0
                0x00000000000044f0                _can_driver_api_list_start = .
 *(SORT_BY_NAME(SORT_BY_ALIGNMENT(._can_driver_api.static.*)))
                0x00000000000044f0                _can_driver_api_list_end = .

cellular_driver_api_area
                0x00000000000044f0        0x0
                0x00000000000044f0                _cellular_driver_api_list_start = .
 *(SORT_BY_NAME(SORT_BY_ALIGNMENT(._cellular_driver_api.static.*)))
                0x00000000000044f0                _cellular_driver_api_list_end = .

charger_driver_api_area
                0x00000000000044f0        0x0
                0x00000000000044f0                _charger_driver_api_list_start = .
 *(SORT_BY_NAME(SORT_BY_ALIGNMENT(._charger_driver_api.static.*)))
                0x00000000000044f0                _charger_driver_api_list_end = .

clock_control_driver_api_area
                0x00000000000044f0       0x38
                0x00000000000044f0                _clock_control_driver_api_list_start = .
 *(SORT_BY_NAME(SORT_BY_ALIGNMENT(._clock_control_driver_api.static.*)))
 ._clock_control_driver_api.static.mcux_mcg_driver_api_
                0x00000000000044f0       0x1c zephyr/drivers/clock_control/libdrivers__clock_control.a(clock_control_mcux_mcg.c.obj)
 ._clock_control_driver_api.static.mcux_sim_driver_api_
                0x000000000000450c       0x1c zephyr/drivers/clock_control/libdrivers__clock_control.a(clock_control_mcux_sim.c.obj)
                0x0000000000004528                _clock_control_driver_api_list_end = .

comparator_driver_api_area
                0x0000000000004528        0x0
                0x0000000000004528                _comparator_driver_api_list_start = .
 *(SORT_BY_NAME(SORT_BY_ALIGNMENT(._comparator_driver_api.static.*)))
                0x0000000000004528                _comparator_driver_api_list_end = .

coredump_driver_api_area
                0x0000000000004528        0x0
                0x0000000000004528                _coredump_driver_api_list_start = .
 *(SORT_BY_NAME(SORT_BY_ALIGNMENT(._coredump_driver_api.static.*)))
                0x0000000000004528                _coredump_driver_api_list_end = .

counter_driver_api_area
                0x0000000000004528        0x0
                0x0000000000004528                _counter_driver_api_list_start = .
 *(SORT_BY_NAME(SORT_BY_ALIGNMENT(._counter_driver_api.static.*)))
                0x0000000000004528                _counter_driver_api_list_end = .

dac_driver_api_area
                0x0000000000004528        0x0
                0x0000000000004528                _dac_driver_api_list_start = .
 *(SORT_BY_NAME(SORT_BY_ALIGNMENT(._dac_driver_api.static.*)))
                0x0000000000004528                _dac_driver_api_list_end = .

dai_driver_api_area
                0x0000000000004528        0x0
                0x0000000000004528                _dai_driver_api_list_start = .
 *(SORT_BY_NAME(SORT_BY_ALIGNMENT(._dai_driver_api.static.*)))
                0x0000000000004528                _dai_driver_api_list_end = .

display_driver_api_area
                0x0000000000004528        0x0
                0x0000000000004528                _display_driver_api_list_start = .
 *(SORT_BY_NAME(SORT_BY_ALIGNMENT(._display_driver_api.static.*)))
                0x0000000000004528                _display_driver_api_list_end = .

dma_driver_api_area
                0x0000000000004528        0x0
                0x0000000000004528                _dma_driver_api_list_start = .
 *(SORT_BY_NAME(SORT_BY_ALIGNMENT(._dma_driver_api.static.*)))
                0x0000000000004528                _dma_driver_api_list_end = .

edac_driver_api_area
                0x0000000000004528        0x0
                0x0000000000004528                _edac_driver_api_list_start = .
 *(SORT_BY_NAME(SORT_BY_ALIGNMENT(._edac_driver_api.static.*)))
                0x0000000000004528                _edac_driver_api_list_end = .

eeprom_driver_api_area
                0x0000000000004528        0x0
                0x0000000000004528                _eeprom_driver_api_list_start = .
 *(SORT_BY_NAME(SORT_BY_ALIGNMENT(._eeprom_driver_api.static.*)))
                0x0000000000004528                _eeprom_driver_api_list_end = .

emul_bbram_driver_api_area
                0x0000000000004528        0x0
                0x0000000000004528                _emul_bbram_driver_api_list_start = .
 *(SORT_BY_NAME(SORT_BY_ALIGNMENT(._emul_bbram_driver_api.static.*)))
                0x0000000000004528                _emul_bbram_driver_api_list_end = .

fuel_gauge_emul_driver_api_area
                0x0000000000004528        0x0
                0x0000000000004528                _fuel_gauge_emul_driver_api_list_start = .
 *(SORT_BY_NAME(SORT_BY_ALIGNMENT(._fuel_gauge_emul_driver_api.static.*)))
                0x0000000000004528                _fuel_gauge_emul_driver_api_list_end = .

emul_sensor_driver_api_area
                0x0000000000004528        0x0
                0x0000000000004528                _emul_sensor_driver_api_list_start = .
 *(SORT_BY_NAME(SORT_BY_ALIGNMENT(._emul_sensor_driver_api.static.*)))
                0x0000000000004528                _emul_sensor_driver_api_list_end = .

entropy_driver_api_area
                0x0000000000004528        0x0
                0x0000000000004528                _entropy_driver_api_list_start = .
 *(SORT_BY_NAME(SORT_BY_ALIGNMENT(._entropy_driver_api.static.*)))
                0x0000000000004528                _entropy_driver_api_list_end = .

espi_driver_api_area
                0x0000000000004528        0x0
                0x0000000000004528                _espi_driver_api_list_start = .
 *(SORT_BY_NAME(SORT_BY_ALIGNMENT(._espi_driver_api.static.*)))
                0x0000000000004528                _espi_driver_api_list_end = .

espi_saf_driver_api_area
                0x0000000000004528        0x0
                0x0000000000004528                _espi_saf_driver_api_list_start = .
 *(SORT_BY_NAME(SORT_BY_ALIGNMENT(._espi_saf_driver_api.static.*)))
                0x0000000000004528                _espi_saf_driver_api_list_end = .

flash_driver_api_area
                0x0000000000004528        0x0
                0x0000000000004528                _flash_driver_api_list_start = .
 *(SORT_BY_NAME(SORT_BY_ALIGNMENT(._flash_driver_api.static.*)))
                0x0000000000004528                _flash_driver_api_list_end = .

fpga_driver_api_area
                0x0000000000004528        0x0
                0x0000000000004528                _fpga_driver_api_list_start = .
 *(SORT_BY_NAME(SORT_BY_ALIGNMENT(._fpga_driver_api.static.*)))
                0x0000000000004528                _fpga_driver_api_list_end = .

fuel_gauge_driver_api_area
                0x0000000000004528        0x0
                0x0000000000004528                _fuel_gauge_driver_api_list_start = .
 *(SORT_BY_NAME(SORT_BY_ALIGNMENT(._fuel_gauge_driver_api.static.*)))
                0x0000000000004528                _fuel_gauge_driver_api_list_end = .

gnss_driver_api_area
                0x0000000000004528        0x0
                0x0000000000004528                _gnss_driver_api_list_start = .
 *(SORT_BY_NAME(SORT_BY_ALIGNMENT(._gnss_driver_api.static.*)))
                0x0000000000004528                _gnss_driver_api_list_end = .

haptics_driver_api_area
                0x0000000000004528        0x0
                0x0000000000004528                _haptics_driver_api_list_start = .
 *(SORT_BY_NAME(SORT_BY_ALIGNMENT(._haptics_driver_api.static.*)))
                0x0000000000004528                _haptics_driver_api_list_end = .

hwspinlock_driver_api_area
                0x0000000000004528        0x0
                0x0000000000004528                _hwspinlock_driver_api_list_start = .
 *(SORT_BY_NAME(SORT_BY_ALIGNMENT(._hwspinlock_driver_api.static.*)))
                0x0000000000004528                _hwspinlock_driver_api_list_end = .

i2c_driver_api_area
                0x0000000000004528        0x0
                0x0000000000004528                _i2c_driver_api_list_start = .
 *(SORT_BY_NAME(SORT_BY_ALIGNMENT(._i2c_driver_api.static.*)))
                0x0000000000004528                _i2c_driver_api_list_end = .

i2c_target_driver_api_area
                0x0000000000004528        0x0
                0x0000000000004528                _i2c_target_driver_api_list_start = .
 *(SORT_BY_NAME(SORT_BY_ALIGNMENT(._i2c_target_driver_api.static.*)))
                0x0000000000004528                _i2c_target_driver_api_list_end = .

i2s_driver_api_area
                0x0000000000004528        0x0
                0x0000000000004528                _i2s_driver_api_list_start = .
 *(SORT_BY_NAME(SORT_BY_ALIGNMENT(._i2s_driver_api.static.*)))
                0x0000000000004528                _i2s_driver_api_list_end = .

i3c_driver_api_area
                0x0000000000004528        0x0
                0x0000000000004528                _i3c_driver_api_list_start = .
 *(SORT_BY_NAME(SORT_BY_ALIGNMENT(._i3c_driver_api.static.*)))
                0x0000000000004528                _i3c_driver_api_list_end = .

ipm_driver_api_area
                0x0000000000004528        0x0
                0x0000000000004528                _ipm_driver_api_list_start = .
 *(SORT_BY_NAME(SORT_BY_ALIGNMENT(._ipm_driver_api.static.*)))
                0x0000000000004528                _ipm_driver_api_list_end = .

led_driver_api_area
                0x0000000000004528        0x0
                0x0000000000004528                _led_driver_api_list_start = .
 *(SORT_BY_NAME(SORT_BY_ALIGNMENT(._led_driver_api.static.*)))
                0x0000000000004528                _led_driver_api_list_end = .

led_strip_driver_api_area
                0x0000000000004528        0x0
                0x0000000000004528                _led_strip_driver_api_list_start = .
 *(SORT_BY_NAME(SORT_BY_ALIGNMENT(._led_strip_driver_api.static.*)))
                0x0000000000004528                _led_strip_driver_api_list_end = .

lora_driver_api_area
                0x0000000000004528        0x0
                0x0000000000004528                _lora_driver_api_list_start = .
 *(SORT_BY_NAME(SORT_BY_ALIGNMENT(._lora_driver_api.static.*)))
                0x0000000000004528                _lora_driver_api_list_end = .

mbox_driver_api_area
                0x0000000000004528        0x0
                0x0000000000004528                _mbox_driver_api_list_start = .
 *(SORT_BY_NAME(SORT_BY_ALIGNMENT(._mbox_driver_api.static.*)))
                0x0000000000004528                _mbox_driver_api_list_end = .

mdio_driver_api_area
                0x0000000000004528        0x0
                0x0000000000004528                _mdio_driver_api_list_start = .
 *(SORT_BY_NAME(SORT_BY_ALIGNMENT(._mdio_driver_api.static.*)))
                0x0000000000004528                _mdio_driver_api_list_end = .

mipi_dbi_driver_api_area
                0x0000000000004528        0x0
                0x0000000000004528                _mipi_dbi_driver_api_list_start = .
 *(SORT_BY_NAME(SORT_BY_ALIGNMENT(._mipi_dbi_driver_api.static.*)))
                0x0000000000004528                _mipi_dbi_driver_api_list_end = .

mipi_dsi_driver_api_area
                0x0000000000004528        0x0
                0x0000000000004528                _mipi_dsi_driver_api_list_start = .
 *(SORT_BY_NAME(SORT_BY_ALIGNMENT(._mipi_dsi_driver_api.static.*)))
                0x0000000000004528                _mipi_dsi_driver_api_list_end = .

mspi_driver_api_area
                0x0000000000004528        0x0
                0x0000000000004528                _mspi_driver_api_list_start = .
 *(SORT_BY_NAME(SORT_BY_ALIGNMENT(._mspi_driver_api.static.*)))
                0x0000000000004528                _mspi_driver_api_list_end = .

peci_driver_api_area
                0x0000000000004528        0x0
                0x0000000000004528                _peci_driver_api_list_start = .
 *(SORT_BY_NAME(SORT_BY_ALIGNMENT(._peci_driver_api.static.*)))
                0x0000000000004528                _peci_driver_api_list_end = .

ps2_driver_api_area
                0x0000000000004528        0x0
                0x0000000000004528                _ps2_driver_api_list_start = .
 *(SORT_BY_NAME(SORT_BY_ALIGNMENT(._ps2_driver_api.static.*)))
                0x0000000000004528                _ps2_driver_api_list_end = .

ptp_clock_driver_api_area
                0x0000000000004528        0x0
                0x0000000000004528                _ptp_clock_driver_api_list_start = .
 *(SORT_BY_NAME(SORT_BY_ALIGNMENT(._ptp_clock_driver_api.static.*)))
                0x0000000000004528                _ptp_clock_driver_api_list_end = .

pwm_driver_api_area
                0x0000000000004528        0x0
                0x0000000000004528                _pwm_driver_api_list_start = .
 *(SORT_BY_NAME(SORT_BY_ALIGNMENT(._pwm_driver_api.static.*)))
                0x0000000000004528                _pwm_driver_api_list_end = .

regulator_parent_driver_api_area
                0x0000000000004528        0x0
                0x0000000000004528                _regulator_parent_driver_api_list_start = .
 *(SORT_BY_NAME(SORT_BY_ALIGNMENT(._regulator_parent_driver_api.static.*)))
                0x0000000000004528                _regulator_parent_driver_api_list_end = .

regulator_driver_api_area
                0x0000000000004528        0x0
                0x0000000000004528                _regulator_driver_api_list_start = .
 *(SORT_BY_NAME(SORT_BY_ALIGNMENT(._regulator_driver_api.static.*)))
                0x0000000000004528                _regulator_driver_api_list_end = .

reset_driver_api_area
                0x0000000000004528        0x0
                0x0000000000004528                _reset_driver_api_list_start = .
 *(SORT_BY_NAME(SORT_BY_ALIGNMENT(._reset_driver_api.static.*)))
                0x0000000000004528                _reset_driver_api_list_end = .

retained_mem_driver_api_area
                0x0000000000004528        0x0
                0x0000000000004528                _retained_mem_driver_api_list_start = .
 *(SORT_BY_NAME(SORT_BY_ALIGNMENT(._retained_mem_driver_api.static.*)))
                0x0000000000004528                _retained_mem_driver_api_list_end = .

rtc_driver_api_area
                0x0000000000004528        0x0
                0x0000000000004528                _rtc_driver_api_list_start = .
 *(SORT_BY_NAME(SORT_BY_ALIGNMENT(._rtc_driver_api.static.*)))
                0x0000000000004528                _rtc_driver_api_list_end = .

sdhc_driver_api_area
                0x0000000000004528        0x0
                0x0000000000004528                _sdhc_driver_api_list_start = .
 *(SORT_BY_NAME(SORT_BY_ALIGNMENT(._sdhc_driver_api.static.*)))
                0x0000000000004528                _sdhc_driver_api_list_end = .

sensor_driver_api_area
                0x0000000000004528        0x0
                0x0000000000004528                _sensor_driver_api_list_start = .
 *(SORT_BY_NAME(SORT_BY_ALIGNMENT(._sensor_driver_api.static.*)))
                0x0000000000004528                _sensor_driver_api_list_end = .

smbus_driver_api_area
                0x0000000000004528        0x0
                0x0000000000004528                _smbus_driver_api_list_start = .
 *(SORT_BY_NAME(SORT_BY_ALIGNMENT(._smbus_driver_api.static.*)))
                0x0000000000004528                _smbus_driver_api_list_end = .

spi_driver_api_area
                0x0000000000004528        0x0
                0x0000000000004528                _spi_driver_api_list_start = .
 *(SORT_BY_NAME(SORT_BY_ALIGNMENT(._spi_driver_api.static.*)))
                0x0000000000004528                _spi_driver_api_list_end = .

stepper_driver_api_area
                0x0000000000004528        0x0
                0x0000000000004528                _stepper_driver_api_list_start = .
 *(SORT_BY_NAME(SORT_BY_ALIGNMENT(._stepper_driver_api.static.*)))
                0x0000000000004528                _stepper_driver_api_list_end = .

syscon_driver_api_area
                0x0000000000004528        0x0
                0x0000000000004528                _syscon_driver_api_list_start = .
 *(SORT_BY_NAME(SORT_BY_ALIGNMENT(._syscon_driver_api.static.*)))
                0x0000000000004528                _syscon_driver_api_list_end = .

tee_driver_api_area
                0x0000000000004528        0x0
                0x0000000000004528                _tee_driver_api_list_start = .
 *(SORT_BY_NAME(SORT_BY_ALIGNMENT(._tee_driver_api.static.*)))
                0x0000000000004528                _tee_driver_api_list_end = .

video_driver_api_area
                0x0000000000004528        0x0
                0x0000000000004528                _video_driver_api_list_start = .
 *(SORT_BY_NAME(SORT_BY_ALIGNMENT(._video_driver_api.static.*)))
                0x0000000000004528                _video_driver_api_list_end = .

virtio_driver_api_area
                0x0000000000004528        0x0
                0x0000000000004528                _virtio_driver_api_list_start = .
 *(SORT_BY_NAME(SORT_BY_ALIGNMENT(._virtio_driver_api.static.*)))
                0x0000000000004528                _virtio_driver_api_list_end = .

w1_driver_api_area
                0x0000000000004528        0x0
                0x0000000000004528                _w1_driver_api_list_start = .
 *(SORT_BY_NAME(SORT_BY_ALIGNMENT(._w1_driver_api.static.*)))
                0x0000000000004528                _w1_driver_api_list_end = .

wdt_driver_api_area
                0x0000000000004528        0x0
                0x0000000000004528                _wdt_driver_api_list_start = .
 *(SORT_BY_NAME(SORT_BY_ALIGNMENT(._wdt_driver_api.static.*)))
                0x0000000000004528                _wdt_driver_api_list_end = .

can_transceiver_driver_api_area
                0x0000000000004528        0x0
                0x0000000000004528                _can_transceiver_driver_api_list_start = .
 *(SORT_BY_NAME(SORT_BY_ALIGNMENT(._can_transceiver_driver_api.static.*)))
                0x0000000000004528                _can_transceiver_driver_api_list_end = .

nrf_clock_control_driver_api_area
                0x0000000000004528        0x0
                0x0000000000004528                _nrf_clock_control_driver_api_list_start = .
 *(SORT_BY_NAME(SORT_BY_ALIGNMENT(._nrf_clock_control_driver_api.static.*)))
                0x0000000000004528                _nrf_clock_control_driver_api_list_end = .

i3c_target_driver_api_area
                0x0000000000004528        0x0
                0x0000000000004528                _i3c_target_driver_api_list_start = .
 *(SORT_BY_NAME(SORT_BY_ALIGNMENT(._i3c_target_driver_api.static.*)))
                0x0000000000004528                _i3c_target_driver_api_list_end = .

its_driver_api_area
                0x0000000000004528        0x0
                0x0000000000004528                _its_driver_api_list_start = .
 *(SORT_BY_NAME(SORT_BY_ALIGNMENT(._its_driver_api.static.*)))
                0x0000000000004528                _its_driver_api_list_end = .

vtd_driver_api_area
                0x0000000000004528        0x0
                0x0000000000004528                _vtd_driver_api_list_start = .
 *(SORT_BY_NAME(SORT_BY_ALIGNMENT(._vtd_driver_api.static.*)))
                0x0000000000004528                _vtd_driver_api_list_end = .

renesas_elc_driver_api_area
                0x0000000000004528        0x0
                0x0000000000004528                _renesas_elc_driver_api_list_start = .
 *(SORT_BY_NAME(SORT_BY_ALIGNMENT(._renesas_elc_driver_api.static.*)))
                0x0000000000004528                _renesas_elc_driver_api_list_end = .

tgpio_driver_api_area
                0x0000000000004528        0x0
                0x0000000000004528                _tgpio_driver_api_list_start = .
 *(SORT_BY_NAME(SORT_BY_ALIGNMENT(._tgpio_driver_api.static.*)))
                0x0000000000004528                _tgpio_driver_api_list_end = .

pcie_ctrl_driver_api_area
                0x0000000000004528        0x0
                0x0000000000004528                _pcie_ctrl_driver_api_list_start = .
 *(SORT_BY_NAME(SORT_BY_ALIGNMENT(._pcie_ctrl_driver_api.static.*)))
                0x0000000000004528                _pcie_ctrl_driver_api_list_end = .

pcie_ep_driver_api_area
                0x0000000000004528        0x0
                0x0000000000004528                _pcie_ep_driver_api_list_start = .
 *(SORT_BY_NAME(SORT_BY_ALIGNMENT(._pcie_ep_driver_api.static.*)))
                0x0000000000004528                _pcie_ep_driver_api_list_end = .

psi5_driver_api_area
                0x0000000000004528        0x0
                0x0000000000004528                _psi5_driver_api_list_start = .
 *(SORT_BY_NAME(SORT_BY_ALIGNMENT(._psi5_driver_api.static.*)))
                0x0000000000004528                _psi5_driver_api_list_end = .

sent_driver_api_area
                0x0000000000004528        0x0
                0x0000000000004528                _sent_driver_api_list_start = .
 *(SORT_BY_NAME(SORT_BY_ALIGNMENT(._sent_driver_api.static.*)))
                0x0000000000004528                _sent_driver_api_list_end = .

svc_driver_api_area
                0x0000000000004528        0x0
                0x0000000000004528                _svc_driver_api_list_start = .
 *(SORT_BY_NAME(SORT_BY_ALIGNMENT(._svc_driver_api.static.*)))
                0x0000000000004528                _svc_driver_api_list_end = .

uart_driver_api_area
                0x0000000000004528       0x14
                0x0000000000004528                _uart_driver_api_list_start = .
 *(SORT_BY_NAME(SORT_BY_ALIGNMENT(._uart_driver_api.static.*)))
 ._uart_driver_api.static.mcux_lpuart_driver_api_
                0x0000000000004528       0x14 zephyr/drivers/serial/libdrivers__serial.a(uart_mcux_lpuart.c.obj)
                0x000000000000453c                _uart_driver_api_list_end = .

bc12_emul_driver_api_area
                0x000000000000453c        0x0
                0x000000000000453c                _bc12_emul_driver_api_list_start = .
 *(SORT_BY_NAME(SORT_BY_ALIGNMENT(._bc12_emul_driver_api.static.*)))
                0x000000000000453c                _bc12_emul_driver_api_list_end = .

bc12_driver_api_area
                0x000000000000453c        0x0
                0x000000000000453c                _bc12_driver_api_list_start = .
 *(SORT_BY_NAME(SORT_BY_ALIGNMENT(._bc12_driver_api.static.*)))
                0x000000000000453c                _bc12_driver_api_list_end = .

usbc_ppc_driver_api_area
                0x000000000000453c        0x0
                0x000000000000453c                _usbc_ppc_driver_api_list_start = .
 *(SORT_BY_NAME(SORT_BY_ALIGNMENT(._usbc_ppc_driver_api.static.*)))
                0x000000000000453c                _usbc_ppc_driver_api_list_end = .

tcpc_driver_api_area
                0x000000000000453c        0x0
                0x000000000000453c                _tcpc_driver_api_list_start = .
 *(SORT_BY_NAME(SORT_BY_ALIGNMENT(._tcpc_driver_api.static.*)))
                0x000000000000453c                _tcpc_driver_api_list_end = .

usbc_vbus_driver_api_area
                0x000000000000453c        0x0
                0x000000000000453c                _usbc_vbus_driver_api_list_start = .
 *(SORT_BY_NAME(SORT_BY_ALIGNMENT(._usbc_vbus_driver_api.static.*)))
                0x000000000000453c                _usbc_vbus_driver_api_list_end = .

ivshmem_driver_api_area
                0x000000000000453c        0x0
                0x000000000000453c                _ivshmem_driver_api_list_start = .
 *(SORT_BY_NAME(SORT_BY_ALIGNMENT(._ivshmem_driver_api.static.*)))
                0x000000000000453c                _ivshmem_driver_api_list_end = .

ethphy_driver_api_area
                0x000000000000453c        0x0
                0x000000000000453c                _ethphy_driver_api_list_start = .
 *(SORT_BY_NAME(SORT_BY_ALIGNMENT(._ethphy_driver_api.static.*)))
                0x000000000000453c                _ethphy_driver_api_list_end = .

ztest           0x000000000000453c        0x0
                0x000000000000453c                _ztest_expected_result_entry_list_start = .
 *(SORT_BY_NAME(SORT_BY_ALIGNMENT(._ztest_expected_result_entry.static.*)))
                0x000000000000453c                _ztest_expected_result_entry_list_end = .
                0x000000000000453c                _ztest_suite_node_list_start = .
 *(SORT_BY_NAME(SORT_BY_ALIGNMENT(._ztest_suite_node.static.*)))
                0x000000000000453c                _ztest_suite_node_list_end = .
                0x000000000000453c                _ztest_unit_test_list_start = .
 *(SORT_BY_NAME(SORT_BY_ALIGNMENT(._ztest_unit_test.static.*)))
                0x000000000000453c                _ztest_unit_test_list_end = .
                0x000000000000453c                _ztest_test_rule_list_start = .
 *(SORT_BY_NAME(SORT_BY_ALIGNMENT(._ztest_test_rule.static.*)))
                0x000000000000453c                _ztest_test_rule_list_end = .

init_array      0x000000000000453c        0x0
                0x000000000000453c                __zephyr_init_array_start = .
 *(SORT_BY_INIT_PRIORITY(.init_array.*) SORT_BY_INIT_PRIORITY(.ctors.*))
 *(SORT_BY_ALIGNMENT(.init_array) SORT_BY_ALIGNMENT(.ctors))
                0x000000000000453c                __zephyr_init_array_end = .
                0x0000000000000001                ASSERT ((__zephyr_init_array_start == __zephyr_init_array_end), GNU-style constructors required but STATIC_INIT_GNU not enabled)

bt_l2cap_fixed_chan_area
                0x000000000000453c        0x0
                0x000000000000453c                _bt_l2cap_fixed_chan_list_start = .
 *(SORT_BY_NAME(SORT_BY_ALIGNMENT(._bt_l2cap_fixed_chan.static.*)))
                0x000000000000453c                _bt_l2cap_fixed_chan_list_end = .

bt_gatt_service_static_area
                0x000000000000453c        0x0
                0x000000000000453c                _bt_gatt_service_static_list_start = .
 *(SORT_BY_NAME(SORT_BY_ALIGNMENT(._bt_gatt_service_static.static.*)))
                0x000000000000453c                _bt_gatt_service_static_list_end = .

log_strings_area
                0x000000000000453c        0x0
                0x000000000000453c                _log_strings_list_start = .
 *(SORT_BY_NAME(SORT_BY_ALIGNMENT(._log_strings.static.*)))
                0x000000000000453c                _log_strings_list_end = .

log_stmesp_ptr_area
                0x000000000000453c        0x0
                0x000000000000453c                _log_stmesp_ptr_list_start = .
 *(SORT_BY_NAME(SORT_BY_ALIGNMENT(._log_stmesp_ptr.static.*)))
                0x000000000000453c                _log_stmesp_ptr_list_end = .

log_stmesp_str_area
                0x000000000000453c        0x0
                0x000000000000453c                _log_stmesp_str_list_start = .
 *(SORT_BY_NAME(SORT_BY_ALIGNMENT(._log_stmesp_str.static.*)))
                0x000000000000453c                _log_stmesp_str_list_end = .

log_const_area  0x000000000000453c        0x0
                0x000000000000453c                _log_const_list_start = .
 *(SORT_BY_NAME(SORT_BY_ALIGNMENT(._log_const.static.*)))
                0x000000000000453c                _log_const_list_end = .

log_backend_area
                0x000000000000453c        0x0
                0x000000000000453c                _log_backend_list_start = .
 *(SORT_BY_NAME(SORT_BY_ALIGNMENT(._log_backend.static.*)))
                0x000000000000453c                _log_backend_list_end = .

log_link_area   0x000000000000453c        0x0
                0x000000000000453c                _log_link_list_start = .
 *(SORT_BY_NAME(SORT_BY_ALIGNMENT(._log_link.static.*)))
                0x000000000000453c                _log_link_list_end = .

tracing_backend_area
                0x000000000000453c        0x0
                0x000000000000453c                _tracing_backend_list_start = .
 *(SORT_BY_NAME(SORT_BY_ALIGNMENT(._tracing_backend.static.*)))
                0x000000000000453c                _tracing_backend_list_end = .

zephyr_dbg_info
 *(SORT_BY_ALIGNMENT(.dbg_thread_info))

intc_table_area
                0x000000000000453c        0x0
                0x000000000000453c                _intc_table_list_start = .
 *(SORT_BY_NAME(SORT_BY_ALIGNMENT(._intc_table.static.*)))
                0x000000000000453c                _intc_table_list_end = .

symbol_to_keep  0x000000000000453c        0x0
                0x000000000000453c                __symbol_to_keep_start = .
 *(SORT_BY_NAME(SORT_BY_ALIGNMENT(.symbol_to_keep*)))
                0x000000000000453c                __symbol_to_keep_end = .

shell_area      0x000000000000453c        0x0
                0x000000000000453c                _shell_list_start = .
 *(SORT_BY_NAME(SORT_BY_ALIGNMENT(._shell.static.*)))
                0x000000000000453c                _shell_list_end = .

shell_root_cmds_area
                0x000000000000453c        0x0
                0x000000000000453c                _shell_root_cmds_list_start = .
 *(SORT_BY_NAME(SORT_BY_ALIGNMENT(._shell_root_cmds.static.*)))
                0x000000000000453c                _shell_root_cmds_list_end = .

shell_subcmds_area
                0x000000000000453c        0x0
                0x000000000000453c                _shell_subcmds_list_start = .
 *(SORT_BY_NAME(SORT_BY_ALIGNMENT(._shell_subcmds.static.*)))
                0x000000000000453c                _shell_subcmds_list_end = .

shell_dynamic_subcmds_area
                0x000000000000453c        0x0
                0x000000000000453c                _shell_dynamic_subcmds_list_start = .
 *(SORT_BY_NAME(SORT_BY_ALIGNMENT(._shell_dynamic_subcmds.static.*)))
                0x000000000000453c                _shell_dynamic_subcmds_list_end = .

cfb_font_area   0x000000000000453c        0x0
                0x000000000000453c                _cfb_font_list_start = .
 *(SORT_BY_NAME(SORT_BY_ALIGNMENT(._cfb_font.static.*)))
                0x000000000000453c                _cfb_font_list_end = .

tdata           0x000000000000453c        0x0
 *(SORT_BY_ALIGNMENT(.tdata) SORT_BY_ALIGNMENT(.tdata.*) SORT_BY_ALIGNMENT(.gnu.linkonce.td.*))

tbss            0x000000000000453c        0x4
 *(SORT_BY_ALIGNMENT(.tbss) SORT_BY_ALIGNMENT(.tbss.*) SORT_BY_ALIGNMENT(.gnu.linkonce.tb.*) SORT_BY_ALIGNMENT(.tcommon))
 .tbss.z_tls_current
                0x000000000000453c        0x4 zephyr/libzephyr.a(thread_entry.c.obj)
                0x000000000000453c                z_tls_current
                0x000000000000453c                PROVIDE (__tdata_start = LOADADDR (tdata))
                0x0000000000000001                PROVIDE (__tdata_align = ALIGNOF (tdata))
                0x0000000000000000                PROVIDE (__tdata_size = (((SIZEOF (tdata) + __tdata_align) - 0x1) & ~ ((__tdata_align - 0x1))))
                [!provide]                        PROVIDE (__tdata_end = (__tdata_start + __tdata_size))
                0x0000000000000004                PROVIDE (__tbss_align = ALIGNOF (tbss))
                [!provide]                        PROVIDE (__tbss_start = ADDR (tbss))
                0x0000000000000004                PROVIDE (__tbss_size = (((SIZEOF (tbss) + __tbss_align) - 0x1) & ~ ((__tbss_align - 0x1))))
                [!provide]                        PROVIDE (__tbss_end = (__tbss_start + __tbss_size))
                [!provide]                        PROVIDE (__tls_start = __tdata_start)
                [!provide]                        PROVIDE (__tls_end = __tbss_end)
                [!provide]                        PROVIDE (__tls_size = (__tbss_end - __tdata_start))

rodata          0x000000000000453c      0xe88
 *(SORT_BY_ALIGNMENT(.rodata))
 *(SORT_BY_ALIGNMENT(.rodata.*))
 .rodata.oscConfig_BOARD_BootClockRUN
                0x000000000000453c        0x8 zephyr/libzephyr.a(soc.c.obj)
                0x000000000000453c                oscConfig_BOARD_BootClockRUN
 .rodata.simConfig_BOARD_BootClockRUN
                0x0000000000004544        0x8 zephyr/libzephyr.a(soc.c.obj)
                0x0000000000004544                simConfig_BOARD_BootClockRUN
 .rodata.gpio_mcux_port4_config
                0x000000000000454c       0x14 zephyr/drivers/gpio/libdrivers__gpio.a(gpio_mcux.c.obj)
 .rodata.gpio_mcux_port3_config
                0x0000000000004560       0x14 zephyr/drivers/gpio/libdrivers__gpio.a(gpio_mcux.c.obj)
 .rodata.gpio_mcux_port2_config
                0x0000000000004574       0x14 zephyr/drivers/gpio/libdrivers__gpio.a(gpio_mcux.c.obj)
 .rodata.gpio_mcux_port1_config
                0x0000000000004588       0x14 zephyr/drivers/gpio/libdrivers__gpio.a(gpio_mcux.c.obj)
 .rodata.gpio_mcux_port0_config
                0x000000000000459c       0x14 zephyr/drivers/gpio/libdrivers__gpio.a(gpio_mcux.c.obj)
 .rodata.pinctrl_mcux_4_config
                0x00000000000045b0        0x8 zephyr/drivers/pinctrl/libdrivers__pinctrl.a(pinctrl_nxp_port.c.obj)
 .rodata.pinctrl_mcux_3_config
                0x00000000000045b8        0x8 zephyr/drivers/pinctrl/libdrivers__pinctrl.a(pinctrl_nxp_port.c.obj)
 .rodata.pinctrl_mcux_2_config
                0x00000000000045c0        0x8 zephyr/drivers/pinctrl/libdrivers__pinctrl.a(pinctrl_nxp_port.c.obj)
 .rodata.pinctrl_mcux_1_config
                0x00000000000045c8        0x8 zephyr/drivers/pinctrl/libdrivers__pinctrl.a(pinctrl_nxp_port.c.obj)
 .rodata.pinctrl_mcux_0_config
                0x00000000000045d0        0x8 zephyr/drivers/pinctrl/libdrivers__pinctrl.a(pinctrl_nxp_port.c.obj)
 .rodata.ports  0x00000000000045d8       0x14 zephyr/drivers/pinctrl/libdrivers__pinctrl.a(pinctrl_nxp_port.c.obj)
 .rodata.mcux_lpuart_0_config
                0x00000000000045ec       0x1c zephyr/drivers/serial/libdrivers__serial.a(uart_mcux_lpuart.c.obj)
 .rodata.__pinctrl_dev_config__device_dts_ord_52
                0x0000000000004608        0x8 zephyr/drivers/serial/libdrivers__serial.a(uart_mcux_lpuart.c.obj)
 .rodata.__pinctrl_states__device_dts_ord_52
                0x0000000000004610        0x8 zephyr/drivers/serial/libdrivers__serial.a(uart_mcux_lpuart.c.obj)
 .rodata.__pinctrl_state_pins_0__device_dts_ord_52
                0x0000000000004618        0x8 zephyr/drivers/serial/libdrivers__serial.a(uart_mcux_lpuart.c.obj)
 .rodata.s_lpuartClock
                0x0000000000004620        0x8 modules/hal_nxp/libmodules__hal_nxp.a(fsl_lpuart.c.obj)
 .rodata.lircFreqs.0
                0x0000000000004628        0x8 modules/hal_nxp/libmodules__hal_nxp.a(fsl_clock.c.obj)
 .rodata.levels.0
                0x0000000000004630       0x18 zephyr/kernel/libkernel.a(init.c.obj)
 .rodata.LPUART_Init.cst2
                0x0000000000004648        0x2 modules/hal_nxp/libmodules__hal_nxp.a(fsl_lpuart.c.obj)
 .rodata.threadConsumer.str1.1
                0x000000000000464a       0x3d app/libapp.a(main.c.obj)
 .rodata.threadProducer.str1.1
                0x0000000000004687       0x3d app/libapp.a(main.c.obj)
 .rodata.main.str1.1
                0x00000000000046c4       0x87 app/libapp.a(main.c.obj)
 .rodata.sys_heap_free.str1.1
                0x000000000000474b       0xeb zephyr/libzephyr.a(heap.c.obj)
 .rodata.sys_heap_init.str1.1
                0x0000000000004836       0xbb zephyr/libzephyr.a(heap.c.obj)
 .rodata.mcgliteConfig_BOARD_BootClockRUN
                0x00000000000048f1        0x6 zephyr/libzephyr.a(soc.c.obj)
                0x00000000000048f1                mcgliteConfig_BOARD_BootClockRUN
 .rodata.z_arm_fault.str1.1
                0x00000000000048f7       0x83 zephyr/arch/arch/arm/core/cortex_m/libarch__arm__core__cortex_m.a(fault.c.obj)
                                         0xa0 (size before relaxing)
 .rodata.arm_irq_priority_set.str1.1
                0x000000000000497a       0x92 zephyr/arch/arch/arm/core/cortex_m/libarch__arm__core__cortex_m.a(irq_manage.c.obj)
                                         0xaf (size before relaxing)
 .rodata.__assert_no_args.str1.1
                0x0000000000004a0c       0x2e zephyr/lib/libc/picolibc/liblib__libc__picolibc.a(assert.c.obj)
                                         0x4d (size before relaxing)
 .rodata.str1.1
                0x0000000000004a3a       0x1a zephyr/drivers/clock_control/libdrivers__clock_control.a(clock_control_mcux_mcg.c.obj)
 .rodata.str1.1
                0x0000000000004a54        0xd zephyr/drivers/clock_control/libdrivers__clock_control.a(clock_control_mcux_sim.c.obj)
 .rodata.gpio_mcux_manage_callback.str1.1
                0x0000000000004a61       0x7d zephyr/drivers/gpio/libdrivers__gpio.a(gpio_mcux.c.obj)
                                         0x9a (size before relaxing)
 .rodata.gpio_mcux_port_isr.str1.1
                0x0000000000004ade        0xc zephyr/drivers/gpio/libdrivers__gpio.a(gpio_mcux.c.obj)
 .rodata.str1.1
                0x0000000000004aea       0x46 zephyr/drivers/gpio/libdrivers__gpio.a(gpio_mcux.c.obj)
 .rodata.str1.1
                0x0000000000004b30       0x50 zephyr/drivers/pinctrl/libdrivers__pinctrl.a(pinctrl_nxp_port.c.obj)
 .rodata.str1.1
                0x0000000000004b80        0xe zephyr/drivers/serial/libdrivers__serial.a(uart_mcux_lpuart.c.obj)
 .rodata.sys_clock_set_timeout.str1.1
                0x0000000000004b8e       0x84 zephyr/drivers/timer/libdrivers__timer.a(cortex_m_systick.c.obj)
                                         0xa1 (size before relaxing)
 .rodata.z_device_state_init.str1.1
                0x0000000000004c12       0x5a zephyr/kernel/libkernel.a(device.c.obj)
                                         0x77 (size before relaxing)
 .rodata.z_fatal_error.str1.1
                0x0000000000004c6c       0x74 zephyr/kernel/libkernel.a(fatal.c.obj)
                                         0x91 (size before relaxing)
 .rodata.bg_thread_main.str1.1
                0x0000000000004ce0       0x4e zephyr/kernel/libkernel.a(init.c.obj)
                                         0x8a (size before relaxing)
 .rodata.z_cstart.str1.1
                0x0000000000004d2e        0x5 zephyr/kernel/libkernel.a(init.c.obj)
 .rodata.idle.str1.1
                0x0000000000004d33       0x49 zephyr/kernel/libkernel.a(idle.c.obj)
                                         0x66 (size before relaxing)
 .rodata.unpend_thread_no_timeout.str1.1
                0x0000000000004d7c       0x42 zephyr/kernel/libkernel.a(sem.c.obj)
                                         0x5f (size before relaxing)
 .rodata.z_impl_k_sem_give.str1.1
                0x0000000000004dbe       0x1b zephyr/kernel/libkernel.a(sem.c.obj)
                                         0x9f (size before relaxing)
 .rodata.z_impl_k_sem_take.str1.1
                0x0000000000004dd9       0x6d zephyr/kernel/libkernel.a(sem.c.obj)
 .rodata.z_setup_new_thread.str1.1
                0x0000000000004e46       0xd4 zephyr/kernel/libkernel.a(thread.c.obj)
                                         0xf1 (size before relaxing)
 .rodata.z_impl_k_thread_create.str1.1
                0x0000000000004f1a       0x37 zephyr/kernel/libkernel.a(thread.c.obj)
 .rodata.unready_thread.str1.1
                0x0000000000004f51       0x96 zephyr/kernel/libkernel.a(sched.c.obj)
                                         0xb6 (size before relaxing)
 .rodata.unpend_thread_no_timeout.str1.1
                0x0000000000004fe7       0x42 zephyr/kernel/libkernel.a(sched.c.obj)
 .rodata.z_ready_thread.str1.1
                0x0000000000004fe7       0x84 zephyr/kernel/libkernel.a(sched.c.obj)
 .rodata.z_pend_curr.str1.1
                0x0000000000004fe7       0x39 zephyr/kernel/libkernel.a(sched.c.obj)
 .rodata.k_sched_lock.str1.1
                0x0000000000005020       0x31 zephyr/kernel/libkernel.a(sched.c.obj)
                                         0x43 (size before relaxing)
 .rodata.k_sched_unlock.str1.1
                0x0000000000005051       0x31 zephyr/kernel/libkernel.a(sched.c.obj)
 .rodata.z_thread_abort.str1.1
                0x0000000000005082       0x56 zephyr/kernel/libkernel.a(sched.c.obj)
 .rodata.slice_timeout.str1.1
                0x00000000000050d8      0x1d9 zephyr/kernel/libkernel.a(timeslicing.c.obj)
                                        0x1f6 (size before relaxing)
 .rodata.k_sched_time_slice_set.str1.1
                0x00000000000052b1       0x84 zephyr/kernel/libkernel.a(timeslicing.c.obj)
 .rodata.z_add_timeout.str1.1
                0x00000000000052b1       0x44 zephyr/kernel/libkernel.a(timeout.c.obj)
                                         0xe8 (size before relaxing)
 .rodata.boot_banner.str1.1
                0x00000000000052f5       0x40 zephyr/kernel/libkernel.a(banner.c.obj)
 .rodata.z_heap_alloc_helper.str1.1
                0x0000000000005335       0x67 zephyr/kernel/libkernel.a(kheap.c.obj)
                                        0x10b (size before relaxing)
 .rodata.statics_init.str1.1
                0x000000000000539c       0x19 zephyr/kernel/libkernel.a(kheap.c.obj)
                                         0x38 (size before relaxing)
 .rodata.__l_vfprintf.str1.1
                0x00000000000053b5        0xf c:\users\aguat\zephyr-sdk-0.17.0\arm-zephyr-eabi\bin\../lib/gcc/../../picolibc/arm-zephyr-eabi/lib/thumb/v6-m/nofp\libc.a(libc_tinystdio_vflprintf.c.o)
 *(SORT_BY_ALIGNMENT(.gnu.linkonce.r.*))
                0x00000000000053c4                . = ALIGN (0x4)

/DISCARD/
 *(SORT_BY_ALIGNMENT(.eh_frame))
                0x00000000000053c4                __rodata_region_end = .
                0x00000000000053c4                . = ALIGN (_region_min_align)
                0x00000000000053c4                __rom_region_end = ((__rom_region_start + .) - ADDR (rom_start))

/DISCARD/
 *(SORT_BY_ALIGNMENT(.got.plt))
 *(SORT_BY_ALIGNMENT(.igot.plt))
 *(SORT_BY_ALIGNMENT(.got))
 *(SORT_BY_ALIGNMENT(.igot))
                0x000000001fffe000                . = 0x1fffe000
                0x000000001fffe000                . = ALIGN (_region_min_align)
                0x000000001fffe000                _image_ram_start = .

.ramfunc        0x000000001fffe000        0x0 load address 0x00000000000053c4
                0x000000001fffe000                __ramfunc_region_start = .
                0x000000001fffe000                . = ALIGN (_region_min_align)
                0x000000001fffe000                __ramfunc_start = .
 *(SORT_BY_ALIGNMENT(.ramfunc))
 *(SORT_BY_ALIGNMENT(.ramfunc.*))
                0x000000001fffe000                . = ALIGN (0x4)
 *(SORT_BY_ALIGNMENT(CodeQuickAccess))
                0x000000001fffe000                . = ALIGN (_region_min_align)
                0x000000001fffe000                __ramfunc_end = .
                0x0000000000000000                __ramfunc_size = (__ramfunc_end - __ramfunc_start)
                0x00000000000053c4                __ramfunc_load_start = LOADADDR (.ramfunc)

datas           0x000000001fffe000       0x24 load address 0x00000000000053c4
                0x000000001fffe000                __data_region_start = .
                0x000000001fffe000                __data_start = .
 *(SORT_BY_ALIGNMENT(.data))
 *(SORT_BY_ALIGNMENT(.data.*))
 .data._char_out
                0x000000001fffe000        0x4 zephyr/libzephyr.a(printk.c.obj)
 .data.__stdout
                0x000000001fffe004       0x10 zephyr/lib/libc/picolibc/liblib__libc__picolibc.a(stdio.c.obj)
 .data.SystemCoreClock
                0x000000001fffe014        0x4 modules/hal_nxp/libmodules__hal_nxp.a(system_MCXC444.c.obj)
                0x000000001fffe014                SystemCoreClock
 .data.slice_ticks
                0x000000001fffe018        0x4 zephyr/kernel/libkernel.a(timeslicing.c.obj)
 .data.timeout_list
                0x000000001fffe01c        0x8 zephyr/kernel/libkernel.a(timeout.c.obj)
 *(SORT_BY_ALIGNMENT(.kernel.*))
                0x000000001fffe024                . = ALIGN (0x4)
 *(SORT_BY_ALIGNMENT(DataQuickAccess))
                0x000000001fffe024                __data_end = .
                0x0000000000000024                __data_size = (__data_end - __data_start)
                0x00000000000053c4                __data_load_start = LOADADDR (datas)
                0x00000000000053c4                __data_region_load_start = LOADADDR (datas)

device_states   0x000000001fffe024       0x1c load address 0x00000000000053e8
                0x000000001fffe024                . = ALIGN (0x4)
                0x000000001fffe024                __device_states_start = .
 *(SORT_BY_ALIGNMENT(.z_devstate))
 .z_devstate    0x000000001fffe024        0x2 zephyr/drivers/clock_control/libdrivers__clock_control.a(clock_control_mcux_mcg.c.obj)
 .z_devstate    0x000000001fffe026        0x2 zephyr/drivers/clock_control/libdrivers__clock_control.a(clock_control_mcux_sim.c.obj)
 .z_devstate    0x000000001fffe028        0xa zephyr/drivers/gpio/libdrivers__gpio.a(gpio_mcux.c.obj)
 .z_devstate    0x000000001fffe032        0xa zephyr/drivers/pinctrl/libdrivers__pinctrl.a(pinctrl_nxp_port.c.obj)
 .z_devstate    0x000000001fffe03c        0x2 zephyr/drivers/serial/libdrivers__serial.a(uart_mcux_lpuart.c.obj)
 *(SORT_BY_ALIGNMENT(.z_devstate.*))
                0x000000001fffe03e                __device_states_end = .
                0x000000001fffe040                . = ALIGN (0x4)
 *fill*         0x000000001fffe03e        0x2 

log_mpsc_pbuf_area
                0x000000001fffe040        0x0 load address 0x0000000000005404
                0x000000001fffe040                _log_mpsc_pbuf_list_start = .
 *(SORT_BY_NAME(SORT_BY_ALIGNMENT(._log_mpsc_pbuf.static.*)))
                0x000000001fffe040                _log_mpsc_pbuf_list_end = .

log_msg_ptr_area
                0x000000001fffe040        0x0 load address 0x0000000000005404
                0x000000001fffe040                _log_msg_ptr_list_start = .
 *(SORT_BY_NAME(SORT_BY_ALIGNMENT(._log_msg_ptr.static.*)))