Archive member included to satisfy reference by file (symbol)

app/libapp.a(main.c.obj)      (--whole-archive)
zephyr/libzephyr.a(heap.c.obj)
                              (--whole-archive)
zephyr/libzephyr.a(cbprintf_packaged.c.obj)
                              (--whole-archive)
zephyr/libzephyr.a(clock.c.obj)
                              (--whole-archive)
zephyr/libzephyr.a(printk.c.obj)
                              (--whole-archive)
zephyr/libzephyr.a(sem.c.obj)
                              (--whole-archive)
zephyr/libzephyr.a(thread_entry.c.obj)
                              (--whole-archive)
zephyr/libzephyr.a(cbprintf_complete.c.obj)
                              (--whole-archive)
zephyr/libzephyr.a(assert.c.obj)
                              (--whole-archive)
zephyr/libzephyr.a(dec.c.obj)
                              (--whole-archive)
zephyr/libzephyr.a(hex.c.obj)
                              (--whole-archive)
zephyr/libzephyr.a(rb.c.obj)  (--whole-archive)
zephyr/libzephyr.a(timeutil.c.obj)
                              (--whole-archive)
zephyr/libzephyr.a(bitarray.c.obj)
                              (--whole-archive)
zephyr/libzephyr.a(ring_buffer.c.obj)
                              (--whole-archive)
zephyr/libzephyr.a(last_section_id.c.obj)
                              (--whole-archive)
zephyr/libzephyr.a(configs.c.obj)
                              (--whole-archive)
zephyr/libzephyr.a(flash_configuration.c.obj)
                              (--whole-archive)
zephyr/libzephyr.a(soc.c.obj)
                              (--whole-archive)
zephyr/libzephyr.a(tracing_none.c.obj)
                              (--whole-archive)
zephyr/arch/common/libarch__common.a(sw_isr_common.c.obj)
                              (--whole-archive)
zephyr/arch/arch/arm/core/libarch__arm__core.a(fatal.c.obj)
                              (--whole-archive)
zephyr/arch/arch/arm/core/libarch__arm__core.a(nmi.c.obj)
                              (--whole-archive)
zephyr/arch/arch/arm/core/libarch__arm__core.a(nmi_on_reset.S.obj)
                              (--whole-archive)
zephyr/arch/arch/arm/core/libarch__arm__core.a(tls.c.obj)
                              (--whole-archive)
zephyr/arch/arch/arm/core/cortex_m/libarch__arm__core__cortex_m.a(exc_exit.c.obj)
                              (--whole-archive)
zephyr/arch/arch/arm/core/cortex_m/libarch__arm__core__cortex_m.a(fault.c.obj)
                              (--whole-archive)
zephyr/arch/arch/arm/core/cortex_m/libarch__arm__core__cortex_m.a(fault_s.S.obj)
                              (--whole-archive)
zephyr/arch/arch/arm/core/cortex_m/libarch__arm__core__cortex_m.a(fpu.c.obj)
                              (--whole-archive)
zephyr/arch/arch/arm/core/cortex_m/libarch__arm__core__cortex_m.a(reset.S.obj)
                              (--whole-archive)
zephyr/arch/arch/arm/core/cortex_m/libarch__arm__core__cortex_m.a(scb.c.obj)
                              (--whole-archive)
zephyr/arch/arch/arm/core/cortex_m/libarch__arm__core__cortex_m.a(thread_abort.c.obj)
                              (--whole-archive)
zephyr/arch/arch/arm/core/cortex_m/libarch__arm__core__cortex_m.a(vector_table.S.obj)
                              (--whole-archive)
zephyr/arch/arch/arm/core/cortex_m/libarch__arm__core__cortex_m.a(swap_helper.S.obj)
                              (--whole-archive)
zephyr/arch/arch/arm/core/cortex_m/libarch__arm__core__cortex_m.a(irq_manage.c.obj)
                              (--whole-archive)
zephyr/arch/arch/arm/core/cortex_m/libarch__arm__core__cortex_m.a(prep_c.c.obj)
                              (--whole-archive)
zephyr/arch/arch/arm/core/cortex_m/libarch__arm__core__cortex_m.a(thread.c.obj)
                              (--whole-archive)
zephyr/arch/arch/arm/core/cortex_m/libarch__arm__core__cortex_m.a(cpu_idle.c.obj)
                              (--whole-archive)
zephyr/arch/arch/arm/core/cortex_m/libarch__arm__core__cortex_m.a(irq_init.c.obj)
                              (--whole-archive)
zephyr/arch/arch/arm/core/cortex_m/libarch__arm__core__cortex_m.a(isr_wrapper.c.obj)
                              (--whole-archive)
zephyr/arch/arch/arm/core/cortex_m/libarch__arm__core__cortex_m.a(__aeabi_read_tp.S.obj)
                              (--whole-archive)
zephyr/lib/libc/picolibc/liblib__libc__picolibc.a(assert.c.obj)
                              (--whole-archive)
zephyr/lib/libc/picolibc/liblib__libc__picolibc.a(cbprintf.c.obj)
                              (--whole-archive)
zephyr/lib/libc/picolibc/liblib__libc__picolibc.a(chk_fail.c.obj)
                              (--whole-archive)
zephyr/lib/libc/picolibc/liblib__libc__picolibc.a(errno_wrap.c.obj)
                              (--whole-archive)
zephyr/lib/libc/picolibc/liblib__libc__picolibc.a(exit.c.obj)
                              (--whole-archive)
zephyr/lib/libc/picolibc/liblib__libc__picolibc.a(locks.c.obj)
                              (--whole-archive)
[...]
Memory Configuration

Name             Origin             Length             Attributes
FLASH            0x0000000000000000 0x0000000000040000 xr
RAM              0x000000001fffe000 0x0000000000008000 xw
IDT_LIST         0x00000000ffff7fff 0x0000000000008000 xw
*default*        0x0000000000000000 0xffffffffffffffff

Linker script and memory map

                0x00000000000021b8                vfprintf = __l_vfprintf
                0x0000000000000000                vfscanf = __l_vfscanf
LOAD zephyr/CMakeFiles/zephyr_final.dir/misc/empty_file.c.obj
LOAD zephyr/CMakeFiles/zephyr_final.dir/isr_tables.c.obj
LOAD zephyr/CMakeFiles/offsets.dir/./arch/arm/core/offsets/offsets.c.obj
LOAD app/libapp.a
LOAD zephyr/libzephyr.a
LOAD zephyr/arch/common/libarch__common.a
LOAD zephyr/arch/arch/arm/core/libarch__arm__core.a
LOAD zephyr/arch/arch/arm/core/cortex_m/libarch__arm__core__cortex_m.a
LOAD zephyr/lib/libc/picolibc/liblib__libc__picolibc.a
LOAD zephyr/lib/libc/common/liblib__libc__common.a
LOAD zephyr/drivers/clock_control/libdrivers__clock_control.a
LOAD zephyr/drivers/console/libdrivers__console.a
LOAD zephyr/drivers/gpio/libdrivers__gpio.a
LOAD zephyr/drivers/pinctrl/libdrivers__pinctrl.a
LOAD zephyr/drivers/serial/libdrivers__serial.a
LOAD zephyr/drivers/timer/libdrivers__timer.a
LOAD modules/hal_nxp/libmodules__hal_nxp.a
LOAD zephyr/kernel/libkernel.a
LOAD zephyr/arch/common/libisr_tables.a
LOAD c:\users\aguat\zephyr-sdk-0.17.0\arm-zephyr-eabi\bin\../lib/gcc/../../picolibc/arm-zephyr-eabi/lib/thumb/v6-m/nofp\libc.a
LOAD c:/users/aguat/zephyr-sdk-0.17.0/arm-zephyr-eabi/bin/../lib/gcc/arm-zephyr-eabi/12.2.0/thumb/v6-m/nofp\libgcc.a
                0x0000000000000004                _region_min_align = 0x4

.rel.plt        0x0000000000000000        0x0
 *(SORT_BY_ALIGNMENT(.rel.plt))
                [!provide]                        PROVIDE (__rel_iplt_start = .)
 *(SORT_BY_ALIGNMENT(.rel.iplt))
 .rel.iplt      0x0000000000000000        0x0 zephyr/CMakeFiles/zephyr_final.dir/isr_tables.c.obj
                [!provide]                        PROVIDE (__rel_iplt_end = .)

.rela.plt       0x0000000000000000        0x0
 *(SORT_BY_ALIGNMENT(.rela.plt))
                [!provide]                        PROVIDE (__rela_iplt_start = .)
 *(SORT_BY_ALIGNMENT(.rela.iplt))
                [!provide]                        PROVIDE (__rela_iplt_end = .)

.rel.dyn
 *(SORT_BY_ALIGNMENT(.rel.*))

.rela.dyn
 *(SORT_BY_ALIGNMENT(.rela.*))

/DISCARD/
 *(SORT_BY_ALIGNMENT(.plt))

/DISCARD/
 *(SORT_BY_ALIGNMENT(.iplt))
                0x0000000000000000                __rom_region_start = 0x0

rom_start       0x0000000000000000      0x410
                0x0000000000000000                __rom_start_address = .
 FILL mask 0x00
                0x0000000000000000                . = (. + (0x0 - (. - __rom_start_address)))
                0x0000000000000000                . = ALIGN (0x4)
                0x0000000000000000                . = ALIGN (0x100)
                0x0000000000000000                . = ALIGN (0x100)
                0x0000000000000000                _vector_start = .
 *(SORT_BY_ALIGNMENT(.exc_vector_table))
 *(SORT_BY_ALIGNMENT(.exc_vector_table.*))
 .exc_vector_table._vector_table_section
                0x0000000000000000       0x40 zephyr/arch/arch/arm/core/cortex_m/libarch__arm__core__cortex_m.a(vector_table.S.obj)
                0x0000000000000000                _vector_table
 *(SORT_BY_ALIGNMENT(.vectors))
                0x00000000000000c0                _vector_end = .
                0x0000000000000040                . = ALIGN (0x4)
 *(SORT_BY_ALIGNMENT(.gnu.linkonce.irq_vector_table*))
 .gnu.linkonce.irq_vector_table
                0x0000000000000040       0x80 zephyr/CMakeFiles/zephyr_final.dir/isr_tables.c.obj
                0x0000000000000040                _irq_vector_table
                0x00000000000000c0                _vector_end = .
                0x0000000000000400                . = 0x400
 *fill*         0x00000000000000c0      0x340 00
 *(SORT_BY_ALIGNMENT(.kinetis_flash_config))
 *(SORT_BY_ALIGNMENT(.kinetis_flash_config.*))
 .kinetis_flash_config."WEST_TOPDIR/zephyr/soc/nxp/mcx/mcxc/flash_configuration.c".0
                0x0000000000000400       0x10 zephyr/libzephyr.a(flash_configuration.c.obj)
                0x0000000000000400                __kinetis_flash_config

text            0x0000000000000410     0x2a48
                0x0000000000000410                __text_region_start = .
 *(SORT_BY_ALIGNMENT(.text))
 .text          0x0000000000000410       0x14 c:/users/aguat/zephyr-sdk-0.17.0/arm-zephyr-eabi/bin/../lib/gcc/arm-zephyr-eabi/12.2.0/thumb/v6-m/nofp\libgcc.a(_thumb1_case_uqi.o)
                0x0000000000000410                __gnu_thumb1_case_uqi
 .text          0x0000000000000424       0x8c c:/users/aguat/zephyr-sdk-0.17.0/arm-zephyr-eabi/bin/../lib/gcc/arm-zephyr-eabi/12.2.0/thumb/v6-m/nofp\libgcc.a(_udivsi3.o)
                0x0000000000000424                __aeabi_uidiv
                0x0000000000000424                __udivsi3
                0x000000000000049c                __aeabi_uidivmod
 .text          0x00000000000004b0        0x4 c:/users/aguat/zephyr-sdk-0.17.0/arm-zephyr-eabi/bin/../lib/gcc/arm-zephyr-eabi/12.2.0/thumb/v6-m/nofp\libgcc.a(_dvmd_tls.o)
                0x00000000000004b0                __aeabi_idiv0
                0x00000000000004b0                __aeabi_ldiv0
 .text          0x00000000000004b4       0x3c c:/users/aguat/zephyr-sdk-0.17.0/arm-zephyr-eabi/bin/../lib/gcc/arm-zephyr-eabi/12.2.0/thumb/v6-m/nofp\libgcc.a(_clzsi2.o)
                0x00000000000004b4                __clzsi2
 .text          0x00000000000004f0       0x40 c:/users/aguat/zephyr-sdk-0.17.0/arm-zephyr-eabi/bin/../lib/gcc/arm-zephyr-eabi/12.2.0/thumb/v6-m/nofp\libgcc.a(_aeabi_uldivmod.o)
                0x00000000000004f0                __aeabi_uldivmod
 .text          0x0000000000000530       0x18 c:/users/aguat/zephyr-sdk-0.17.0/arm-zephyr-eabi/bin/../lib/gcc/arm-zephyr-eabi/12.2.0/thumb/v6-m/nofp\libgcc.a(_lshrdi3.o)
                0x0000000000000530                __lshrdi3
                0x0000000000000530                __aeabi_llsr
 .text          0x0000000000000548       0x18 c:/users/aguat/zephyr-sdk-0.17.0/arm-zephyr-eabi/bin/../lib/gcc/arm-zephyr-eabi/12.2.0/thumb/v6-m/nofp\libgcc.a(_ashldi3.o)
                0x0000000000000548                __aeabi_llsl
                0x0000000000000548                __ashldi3
 .text          0x0000000000000560       0x18 c:/users/aguat/zephyr-sdk-0.17.0/arm-zephyr-eabi/bin/../lib/gcc/arm-zephyr-eabi/12.2.0/thumb/v6-m/nofp\libgcc.a(_clzdi2.o)
                0x0000000000000560                __clzdi2
 .text          0x0000000000000578       0xde c:/users/aguat/zephyr-sdk-0.17.0/arm-zephyr-eabi/bin/../lib/gcc/arm-zephyr-eabi/12.2.0/thumb/v6-m/nofp\libgcc.a(_udivmoddi4.o)
                0x0000000000000578                __udivmoddi4
 *(SORT_BY_ALIGNMENT(.text.*))
 *fill*         0x0000000000000656        0x2 
 .text.main     0x0000000000000658       0x74 app/libapp.a(main.c.obj)
                0x0000000000000658                main
 .text.char_out
                0x00000000000006cc       0x10 zephyr/libzephyr.a(printk.c.obj)
 .text.__printk_hook_install
                0x00000000000006dc        0xc zephyr/libzephyr.a(printk.c.obj)
                0x00000000000006dc                __printk_hook_install
 .text.vprintk  0x00000000000006e8       0x30 zephyr/libzephyr.a(printk.c.obj)
                0x00000000000006e8                vprintk
 .text.z_thread_entry
                0x0000000000000718       0x30 zephyr/libzephyr.a(thread_entry.c.obj)
                0x0000000000000718                z_thread_entry
 .text.clock_init
                0x0000000000000748       0x7c zephyr/libzephyr.a(soc.c.obj)
                0x0000000000000748                clock_init
 .text.z_SysNmiOnReset
                0x00000000000007c4        0x4 zephyr/arch/arch/arm/core/libarch__arm__core.a(nmi_on_reset.S.obj)
                0x00000000000007c4                z_SysNmiOnReset
 .text.arch_tls_stack_setup
                0x00000000000007c8       0x3c zephyr/arch/arch/arm/core/libarch__arm__core.a(tls.c.obj)
                0x00000000000007c8                arch_tls_stack_setup
 .text._HandlerModeExit
                0x0000000000000804       0x20 zephyr/arch/arch/arm/core/cortex_m/libarch__arm__core__cortex_m.a(exc_exit.c.obj)
                0x0000000000000804                z_arm_int_exit
                0x0000000000000804                z_arm_exc_exit
 .text.z_arm_fault
                0x0000000000000824       0xa8 zephyr/arch/arch/arm/core/cortex_m/libarch__arm__core__cortex_m.a(fault.c.obj)
                0x0000000000000824                z_arm_fault
 .text.z_arm_fault_init
                0x00000000000008cc       0x10 zephyr/arch/arch/arm/core/cortex_m/libarch__arm__core__cortex_m.a(fault.c.obj)
                0x00000000000008cc                z_arm_fault_init
 .text.__fault  0x00000000000008dc       0x14 zephyr/arch/arch/arm/core/cortex_m/libarch__arm__core__cortex_m.a(fault_s.S.obj)
                0x00000000000008dc                z_arm_hard_fault
                0x00000000000008dc                z_arm_exc_spurious
 .text._reset_section
                0x00000000000008f0       0x38 zephyr/arch/arch/arm/core/cortex_m/libarch__arm__core__cortex_m.a(reset.S.obj)
                0x00000000000008f0                __start
                0x00000000000008f0                z_arm_reset
 .text.z_impl_k_thread_abort
                0x0000000000000928       0x38 zephyr/arch/arch/arm/core/cortex_m/libarch__arm__core__cortex_m.a(thread_abort.c.obj)
                0x0000000000000928                z_impl_k_thread_abort
 .text.z_arm_pendsv
                0x0000000000000960       0x78 zephyr/arch/arch/arm/core/cortex_m/libarch__arm__core__cortex_m.a(swap_helper.S.obj)
                0x0000000000000960                z_arm_pendsv
 .text.z_arm_svc
                0x00000000000009d8       0x28 zephyr/arch/arch/arm/core/cortex_m/libarch__arm__core__cortex_m.a(swap_helper.S.obj)
                0x00000000000009d8                z_arm_svc
 .text.arm_irq_enable
                0x0000000000000a00       0x18 zephyr/arch/arch/arm/core/cortex_m/libarch__arm__core__cortex_m.a(irq_manage.c.obj)
                0x0000000000000a00                arm_irq_enable
 .text.arm_irq_priority_set
                0x0000000000000a18       0x54 zephyr/arch/arch/arm/core/cortex_m/libarch__arm__core__cortex_m.a(irq_manage.c.obj)
                0x0000000000000a18                arm_irq_priority_set
 .text.relocate_vector_table
                0x0000000000000a6c       0x1c zephyr/arch/arch/arm/core/cortex_m/libarch__arm__core__cortex_m.a(prep_c.c.obj)
                0x0000000000000a6c                relocate_vector_table
 .text.arch_new_thread
                0x0000000000000a88       0x30 zephyr/arch/arch/arm/core/cortex_m/libarch__arm__core__cortex_m.a(thread.c.obj)
                0x0000000000000a88                arch_new_thread
 .text.arch_switch_to_main_thread
                0x0000000000000ab8       0x3c zephyr/arch/arch/arm/core/cortex_m/libarch__arm__core__cortex_m.a(thread.c.obj)
                0x0000000000000ab8                arch_switch_to_main_thread
 .text.z_arm_cpu_idle_init
                0x0000000000000af4        0xc zephyr/arch/arch/arm/core/cortex_m/libarch__arm__core__cortex_m.a(cpu_idle.c.obj)
                0x0000000000000af4                z_arm_cpu_idle_init
 .text.z_arm_interrupt_init
                0x0000000000000b00       0x30 zephyr/arch/arch/arm/core/cortex_m/libarch__arm__core__cortex_m.a(irq_init.c.obj)
                0x0000000000000b00                z_arm_interrupt_init
 .text._isr_wrapper
                0x0000000000000b30       0x20 zephyr/arch/arch/arm/core/cortex_m/libarch__arm__core__cortex_m.a(isr_wrapper.c.obj)
                0x0000000000000b30                _isr_wrapper
 .text.z_impl_zephyr_fputc
                0x0000000000000b50       0x10 zephyr/lib/libc/picolibc/liblib__libc__picolibc.a(stdio.c.obj)
                0x0000000000000b50                z_impl_zephyr_fputc
 .text.__stdout_hook_install
                0x0000000000000b60       0x18 zephyr/lib/libc/picolibc/liblib__libc__picolibc.a(stdio.c.obj)
                0x0000000000000b60                __stdout_hook_install
 .text.malloc_prepare
                0x0000000000000b78       0x24 zephyr/lib/libc/common/liblib__libc__common.a(malloc.c.obj)
 .text.mcux_sim_on
                0x0000000000000b9c       0x1c zephyr/drivers/clock_control/libdrivers__clock_control.a(clock_control_mcux_sim.c.obj)
 .text.mcux_sim_off
                0x0000000000000bb8       0x1c zephyr/drivers/clock_control/libdrivers__clock_control.a(clock_control_mcux_sim.c.obj)
 .text.mcux_sim_get_subsys_rate
                0x0000000000000bd4       0x30 zephyr/drivers/clock_control/libdrivers__clock_control.a(clock_control_mcux_sim.c.obj)
 .text.uart_console_init
                0x0000000000000c04       0x2c zephyr/drivers/console/libdrivers__console.a(uart_console.c.obj)
 .text.console_out
                0x0000000000000c30       0x28 zephyr/drivers/console/libdrivers__console.a(uart_console.c.obj)
 .text.gpio_mcux_port_configure
                0x0000000000000c58       0xa4 zephyr/drivers/gpio/libdrivers__gpio.a(gpio_mcux.c.obj)
 .text.gpio_mcux_pin_interrupt_configure
                0x0000000000000cfc       0x88 zephyr/drivers/gpio/libdrivers__gpio.a(gpio_mcux.c.obj)
 .text.pinctrl_configure_pins
                0x0000000000000d84       0x44 zephyr/drivers/pinctrl/libdrivers__pinctrl.a(pinctrl_nxp_port.c.obj)
                0x0000000000000d84                pinctrl_configure_pins
 .text.elapsed  0x0000000000000dc8       0x54 zephyr/drivers/timer/libdrivers__timer.a(cortex_m_systick.c.obj)
 .text.sys_clock_driver_init
                0x0000000000000e1c       0x40 zephyr/drivers/timer/libdrivers__timer.a(cortex_m_systick.c.obj)
 .text.sys_clock_isr
                0x0000000000000e5c       0x44 zephyr/drivers/timer/libdrivers__timer.a(cortex_m_systick.c.obj)
                0x0000000000000e5c                sys_clock_isr
 .text.sys_clock_set_timeout
                0x0000000000000ea0       0xf4 zephyr/drivers/timer/libdrivers__timer.a(cortex_m_systick.c.obj)
                0x0000000000000ea0                sys_clock_set_timeout
 .text.sys_clock_elapsed
                0x0000000000000f94       0x34 zephyr/drivers/timer/libdrivers__timer.a(cortex_m_systick.c.obj)
                0x0000000000000f94                sys_clock_elapsed
 .text.LPUART_GetInstance
                0x0000000000000fc8       0x20 modules/hal_nxp/libmodules__hal_nxp.a(fsl_lpuart.c.obj)
                0x0000000000000fc8                LPUART_GetInstance
 .text.LPUART_Init
                0x0000000000000fe8      0x190 modules/hal_nxp/libmodules__hal_nxp.a(fsl_lpuart.c.obj)
                0x0000000000000fe8                LPUART_Init
 .text.LPUART_Deinit
                0x0000000000001178       0x44 modules/hal_nxp/libmodules__hal_nxp.a(fsl_lpuart.c.obj)
                0x0000000000001178                LPUART_Deinit
 .text.LPUART_GetStatusFlags
                0x00000000000011bc        0xc modules/hal_nxp/libmodules__hal_nxp.a(fsl_lpuart.c.obj)
                0x00000000000011bc                LPUART_GetStatusFlags
 .text.LPUART_ClearStatusFlags
                0x00000000000011c8       0x30 modules/hal_nxp/libmodules__hal_nxp.a(fsl_lpuart.c.obj)
                0x00000000000011c8                LPUART_ClearStatusFlags
 .text.SystemInit
                0x00000000000011f8       0x2c modules/hal_nxp/libmodules__hal_nxp.a(system_MCXC444.c.obj)
                0x00000000000011f8                SystemInit
 .text.CLOCK_GetLircClkFreq
                0x0000000000001224       0x30 modules/hal_nxp/libmodules__hal_nxp.a(fsl_clock.c.obj)
 .text.CLOCK_GetOsc0ErClkFreq
                0x0000000000001254       0x1c modules/hal_nxp/libmodules__hal_nxp.a(fsl_clock.c.obj)
                0x0000000000001254                CLOCK_GetOsc0ErClkFreq
 .text.CLOCK_GetEr32kClkFreq
                0x0000000000001270       0x40 modules/hal_nxp/libmodules__hal_nxp.a(fsl_clock.c.obj)
                0x0000000000001270                CLOCK_GetEr32kClkFreq
 .text.CLOCK_SetSimConfig
                0x00000000000012b0       0x2c modules/hal_nxp/libmodules__hal_nxp.a(fsl_clock.c.obj)
                0x00000000000012b0                CLOCK_SetSimConfig
 .text.CLOCK_GetInternalRefClkFreq
                0x00000000000012dc       0x24 modules/hal_nxp/libmodules__hal_nxp.a(fsl_clock.c.obj)
                0x00000000000012dc                CLOCK_GetInternalRefClkFreq
 .text.CLOCK_GetPeriphClkFreq
                0x0000000000001300       0x30 modules/hal_nxp/libmodules__hal_nxp.a(fsl_clock.c.obj)
                0x0000000000001300                CLOCK_GetPeriphClkFreq
 .text.CLOCK_GetOutClkFreq
                0x0000000000001330       0x40 modules/hal_nxp/libmodules__hal_nxp.a(fsl_clock.c.obj)
                0x0000000000001330                CLOCK_GetOutClkFreq
 .text.CLOCK_GetFreq
                0x0000000000001370       0x78 modules/hal_nxp/libmodules__hal_nxp.a(fsl_clock.c.obj)
                0x0000000000001370                CLOCK_GetFreq
 .text.CLOCK_SetMcgliteConfig
                0x00000000000013e8       0x8c modules/hal_nxp/libmodules__hal_nxp.a(fsl_clock.c.obj)
                0x00000000000013e8                CLOCK_SetMcgliteConfig
 .text.CLOCK_InitOsc0
                0x0000000000001474       0x6c modules/hal_nxp/libmodules__hal_nxp.a(fsl_clock.c.obj)
                0x0000000000001474                CLOCK_InitOsc0
 .text.z_fatal_error
                0x00000000000014e0       0x28 zephyr/kernel/libkernel.a(fatal.c.obj)
                0x00000000000014e0                z_fatal_error
 .text.z_sys_init_run_level
                0x0000000000001508       0x34 zephyr/kernel/libkernel.a(init.c.obj)
 .text.bg_thread_main
                0x000000000000153c       0xa8 zephyr/kernel/libkernel.a(init.c.obj)
 .text.z_bss_zero
                0x00000000000015e4       0x18 zephyr/kernel/libkernel.a(init.c.obj)
                0x00000000000015e4                z_bss_zero
 .text.z_init_cpu
                0x00000000000015fc       0x70 zephyr/kernel/libkernel.a(init.c.obj)
                0x00000000000015fc                z_init_cpu
 .text.z_cstart
                0x000000000000166c       0xb4 zephyr/kernel/libkernel.a(init.c.obj)
                0x000000000000166c                z_cstart
 .text.z_setup_new_thread
                0x0000000000001720       0xcc zephyr/kernel/libkernel.a(thread.c.obj)
                0x0000000000001720                z_setup_new_thread
 .text.z_dummy_thread_init
                0x00000000000017ec       0x1c zephyr/kernel/libkernel.a(thread.c.obj)
                0x00000000000017ec                z_dummy_thread_init
 .text.z_swap_irqlock
                0x0000000000001808       0x34 zephyr/kernel/libkernel.a(sched.c.obj)
 .text.ready_thread
                0x000000000000183c       0x8c zephyr/kernel/libkernel.a(sched.c.obj)
 .text.unready_thread
                0x00000000000018c8       0x58 zephyr/kernel/libkernel.a(sched.c.obj)
 .text.move_thread_to_end_of_prio_q
                0x0000000000001920       0x98 zephyr/kernel/libkernel.a(sched.c.obj)
                0x0000000000001920                move_thread_to_end_of_prio_q
 .text.z_reschedule
                0x00000000000019b8       0x2c zephyr/kernel/libkernel.a(sched.c.obj)
                0x00000000000019b8                z_reschedule
 .text.z_reschedule_irqlock
                0x00000000000019e4       0x2c zephyr/kernel/libkernel.a(sched.c.obj)
                0x00000000000019e4                z_reschedule_irqlock
 .text.k_sched_lock
                0x0000000000001a10       0x20 zephyr/kernel/libkernel.a(sched.c.obj)
                0x0000000000001a10                k_sched_lock
 .text.k_sched_unlock
                0x0000000000001a30       0x60 zephyr/kernel/libkernel.a(sched.c.obj)
                0x0000000000001a30                k_sched_unlock
 .text.z_sched_init
                0x0000000000001a90       0x14 zephyr/kernel/libkernel.a(sched.c.obj)
                0x0000000000001a90                z_sched_init
 .text.z_impl_k_yield
                0x0000000000001aa4       0x84 zephyr/kernel/libkernel.a(sched.c.obj)
                0x0000000000001aa4                z_impl_k_yield
 .text.z_tick_sleep
                0x0000000000001b28       0x74 zephyr/kernel/libkernel.a(sched.c.obj)
 .text.z_impl_k_sleep
                0x0000000000001b9c       0x4c zephyr/kernel/libkernel.a(sched.c.obj)
                0x0000000000001b9c                z_impl_k_sleep
 .text.z_impl_k_wakeup
                0x0000000000001be8       0x40 zephyr/kernel/libkernel.a(sched.c.obj)
                0x0000000000001be8                z_impl_k_wakeup
 .text.z_impl_k_sched_current_thread_query
                0x0000000000001c28        0xc zephyr/kernel/libkernel.a(sched.c.obj)
                0x0000000000001c28                z_impl_k_sched_current_thread_query
 .text.z_thread_abort
                0x0000000000001c34      0x130 zephyr/kernel/libkernel.a(sched.c.obj)
                0x0000000000001c34                z_thread_abort
 .text.slice_timeout
                0x0000000000001d64       0x20 zephyr/kernel/libkernel.a(timeslicing.c.obj)
 .text.thread_is_sliceable
                0x0000000000001d84       0x40 zephyr/kernel/libkernel.a(timeslicing.c.obj)
                0x0000000000001d84                thread_is_sliceable
 .text.z_reset_time_slice
                0x0000000000001dc4       0x4c zephyr/kernel/libkernel.a(timeslicing.c.obj)
                0x0000000000001dc4                z_reset_time_slice
 .text.z_time_slice
                0x0000000000001e10       0x58 zephyr/kernel/libkernel.a(timeslicing.c.obj)
                0x0000000000001e10                z_time_slice
 .text.z_thread_monitor_exit
                0x0000000000001e68       0x34 zephyr/kernel/libkernel.a(thread_monitor.c.obj)
                0x0000000000001e68                z_thread_monitor_exit
 .text.z_data_copy
                0x0000000000001e9c       0x34 zephyr/kernel/libkernel.a(xip.c.obj)
                0x0000000000001e9c                z_data_copy
 .text.first    0x0000000000001ed0       0x10 zephyr/kernel/libkernel.a(timeout.c.obj)
 .text.next_timeout
                0x0000000000001ee0       0x38 zephyr/kernel/libkernel.a(timeout.c.obj)
 .text.elapsed  0x0000000000001f18       0x18 zephyr/kernel/libkernel.a(timeout.c.obj)
 .text.remove_timeout
                0x0000000000001f30       0x38 zephyr/kernel/libkernel.a(timeout.c.obj)
 .text.z_add_timeout
                0x0000000000001f68      0x120 zephyr/kernel/libkernel.a(timeout.c.obj)
                0x0000000000001f68                z_add_timeout
 .text.sys_clock_announce
                0x0000000000002088       0xd4 zephyr/kernel/libkernel.a(timeout.c.obj)
                0x0000000000002088                sys_clock_announce
 .text.sys_clock_tick_get
                0x000000000000215c       0x2c zephyr/kernel/libkernel.a(timeout.c.obj)
                0x000000000000215c                sys_clock_tick_get
 .text.boot_banner
                0x0000000000002188       0x10 zephyr/kernel/libkernel.a(banner.c.obj)
                0x0000000000002188                boot_banner
 .text.printf   0x0000000000002198       0x20 c:\users\aguat\zephyr-sdk-0.17.0\arm-zephyr-eabi\bin\../lib/gcc/../../picolibc/arm-zephyr-eabi/lib/thumb/v6-m/nofp\libc.a(libc_tinystdio_printf.c.o)
                0x0000000000002198                printf
 .text.__l_vfprintf
                0x00000000000021b8      0x4d0 c:\users\aguat\zephyr-sdk-0.17.0\arm-zephyr-eabi\bin\../lib/gcc/../../picolibc/arm-zephyr-eabi/lib/thumb/v6-m/nofp\libc.a(libc_tinystdio_vflprintf.c.o)
                0x00000000000021b8                __l_vfprintf
 .text._OffsetAbsSyms
                0x0000000000002688        0x2 zephyr/CMakeFiles/offsets.dir/./arch/arm/core/offsets/offsets.c.obj
                0x0000000000002688                _OffsetAbsSyms
 .text.chunk_size
                0x000000000000268a        0xa zephyr/libzephyr.a(heap.c.obj)
 .text.free_list_add
                0x0000000000002694       0x4e zephyr/libzephyr.a(heap.c.obj)
 .text.sys_heap_init
                0x00000000000026e2       0x74 zephyr/libzephyr.a(heap.c.obj)
                0x00000000000026e2                sys_heap_init
 .text.arch_printk_char_out
                0x0000000000002756        0x4 zephyr/libzephyr.a(printk.c.obj)
                0x0000000000002756                arch_printk_char_out
 .text.printk   0x000000000000275a       0x16 zephyr/libzephyr.a(printk.c.obj)
                0x000000000000275a                printk
 .text._ConfigAbsSyms
                0x0000000000002770        0x2 zephyr/libzephyr.a(configs.c.obj)
                0x0000000000002770                _ConfigAbsSyms
 .text.soc_early_init_hook
                0x0000000000002772        0x8 zephyr/libzephyr.a(soc.c.obj)
                0x0000000000002772                soc_early_init_hook
 .text.soc_reset_hook
                0x000000000000277a        0x8 zephyr/libzephyr.a(soc.c.obj)
                0x000000000000277a                soc_reset_hook
 .text.z_arm_fatal_error
                0x0000000000002782       0x10 zephyr/arch/arch/arm/core/libarch__arm__core.a(fatal.c.obj)
                0x0000000000002782                z_arm_fatal_error
 .text.z_do_kernel_oops
                0x0000000000002792        0xc zephyr/arch/arch/arm/core/libarch__arm__core.a(fatal.c.obj)
                0x0000000000002792                z_do_kernel_oops
 .text.z_arm_nmi
                0x000000000000279e        0xc zephyr/arch/arch/arm/core/libarch__arm__core.a(nmi.c.obj)
                0x000000000000279e                z_arm_nmi
 .text.z_irq_spurious
                0x00000000000027aa        0xc zephyr/arch/arch/arm/core/cortex_m/libarch__arm__core__cortex_m.a(irq_manage.c.obj)
                0x00000000000027aa                z_irq_spurious
 .text.z_prep_c
                0x00000000000027b6       0x16 zephyr/arch/arch/arm/core/cortex_m/libarch__arm__core__cortex_m.a(prep_c.c.obj)
                0x00000000000027b6                z_prep_c
 .text.arch_irq_unlock_outlined
                0x00000000000027cc        0xc zephyr/arch/arch/arm/core/cortex_m/libarch__arm__core__cortex_m.a(thread.c.obj)
                0x00000000000027cc                arch_irq_unlock_outlined
 .text.arch_cpu_idle
                0x00000000000027d8        0xe zephyr/arch/arch/arm/core/cortex_m/libarch__arm__core__cortex_m.a(cpu_idle.c.obj)
                0x00000000000027d8                arch_cpu_idle
 .text.picolibc_put
                0x00000000000027e6        0xa zephyr/lib/libc/picolibc/liblib__libc__picolibc.a(stdio.c.obj)
 .text.mcux_mcg_on
                0x00000000000027f0        0x4 zephyr/drivers/clock_control/libdrivers__clock_control.a(clock_control_mcux_mcg.c.obj)
 .text.mcux_mcg_get_rate
                0x00000000000027f4       0x18 zephyr/drivers/clock_control/libdrivers__clock_control.a(clock_control_mcux_mcg.c.obj)
 .text.mcux_mcg_off
                0x000000000000280c        0x4 zephyr/drivers/clock_control/libdrivers__clock_control.a(clock_control_mcux_mcg.c.obj)
 .text.mcux_sim_init
                0x0000000000002810        0x4 zephyr/drivers/clock_control/libdrivers__clock_control.a(clock_control_mcux_sim.c.obj)
 .text.gpio_mcux_port_get_raw
                0x0000000000002814        0xc zephyr/drivers/gpio/libdrivers__gpio.a(gpio_mcux.c.obj)
 .text.gpio_mcux_port_set_masked_raw
                0x0000000000002820       0x12 zephyr/drivers/gpio/libdrivers__gpio.a(gpio_mcux.c.obj)
 .text.gpio_mcux_port_set_bits_raw
                0x0000000000002832        0xa zephyr/drivers/gpio/libdrivers__gpio.a(gpio_mcux.c.obj)
 .text.gpio_mcux_port_clear_bits_raw
                0x000000000000283c        0xa zephyr/drivers/gpio/libdrivers__gpio.a(gpio_mcux.c.obj)
 .text.gpio_mcux_port_toggle_bits
                0x0000000000002846        0xa zephyr/drivers/gpio/libdrivers__gpio.a(gpio_mcux.c.obj)
 .text.gpio_mcux_manage_callback
                0x0000000000002850       0x58 zephyr/drivers/gpio/libdrivers__gpio.a(gpio_mcux.c.obj)
 .text.gpio_mcux_port1_init
                0x00000000000028a8        0x4 zephyr/drivers/gpio/libdrivers__gpio.a(gpio_mcux.c.obj)
 .text.gpio_mcux_port0_init
                0x00000000000028ac       0x16 zephyr/drivers/gpio/libdrivers__gpio.a(gpio_mcux.c.obj)
 .text.gpio_mcux_port2_init
                0x00000000000028c2       0x16 zephyr/drivers/gpio/libdrivers__gpio.a(gpio_mcux.c.obj)
 .text.gpio_mcux_port_isr
                0x00000000000028d8       0x3a zephyr/drivers/gpio/libdrivers__gpio.a(gpio_mcux.c.obj)
 .text.gpio_mcux_port4_init
                0x0000000000002912        0x4 zephyr/drivers/gpio/libdrivers__gpio.a(gpio_mcux.c.obj)
 .text.gpio_mcux_port3_init
                0x0000000000002916        0x4 zephyr/drivers/gpio/libdrivers__gpio.a(gpio_mcux.c.obj)
 .text.pinctrl_lookup_state
                0x000000000000291a       0x26 zephyr/drivers/pinctrl/libdrivers__pinctrl.a(common.c.obj)
                0x000000000000291a                pinctrl_lookup_state
 .text.pinctrl_mcux_init
                0x0000000000002940       0x28 zephyr/drivers/pinctrl/libdrivers__pinctrl.a(pinctrl_nxp_port.c.obj)
 .text.mcux_lpuart_config_get
                0x0000000000002968        0xc zephyr/drivers/serial/libdrivers__serial.a(uart_mcux_lpuart.c.obj)
 .text.mcux_lpuart_poll_in
                0x0000000000002974       0x20 zephyr/drivers/serial/libdrivers__serial.a(uart_mcux_lpuart.c.obj)
 .text.mcux_lpuart_err_check
                0x0000000000002994       0x34 zephyr/drivers/serial/libdrivers__serial.a(uart_mcux_lpuart.c.obj)
 .text.mcux_lpuart_poll_out
                0x00000000000029c8       0x2a zephyr/drivers/serial/libdrivers__serial.a(uart_mcux_lpuart.c.obj)
 .text.mcux_lpuart_configure_init
                0x00000000000029f2       0xfe zephyr/drivers/serial/libdrivers__serial.a(uart_mcux_lpuart.c.obj)
 .text.pinctrl_apply_state
                0x0000000000002af0       0x1a zephyr/drivers/serial/libdrivers__serial.a(uart_mcux_lpuart.c.obj)
 .text.mcux_lpuart_configure
                0x0000000000002b0a       0x30 zephyr/drivers/serial/libdrivers__serial.a(uart_mcux_lpuart.c.obj)
 .text.mcux_lpuart_init
                0x0000000000002b3a       0x44 zephyr/drivers/serial/libdrivers__serial.a(uart_mcux_lpuart.c.obj)
 .text.LPUART_GetDefaultConfig
                0x0000000000002b7e       0x16 modules/hal_nxp/libmodules__hal_nxp.a(fsl_lpuart.c.obj)
                0x0000000000002b7e                LPUART_GetDefaultConfig
 .text.SystemInitHook
                0x0000000000002b94        0x2 modules/hal_nxp/libmodules__hal_nxp.a(system_MCXC444.c.obj)
                0x0000000000002b94                SystemInitHook
 .text.z_device_state_init
                0x0000000000002b96        0x2 zephyr/kernel/libkernel.a(device.c.obj)
                0x0000000000002b96                z_device_state_init
 .text.z_impl_device_is_ready
                0x0000000000002b98       0x1a zephyr/kernel/libkernel.a(device.c.obj)
                0x0000000000002b98                z_impl_device_is_ready
 .text.arch_system_halt
                0x0000000000002bb2        0x8 zephyr/kernel/libkernel.a(fatal.c.obj)
                0x0000000000002bb2                arch_system_halt
 .text.k_sys_fatal_error_handler
                0x0000000000002bba        0x6 zephyr/kernel/libkernel.a(fatal.c.obj)
                0x0000000000002bba                k_sys_fatal_error_handler
 .text.do_device_init
                0x0000000000002bc0       0x30 zephyr/kernel/libkernel.a(init.c.obj)
 .text.z_early_memset
                0x0000000000002bf0        0x8 zephyr/kernel/libkernel.a(init.c.obj)
                0x0000000000002bf0                z_early_memset
 .text.z_early_memcpy
                0x0000000000002bf8        0x8 zephyr/kernel/libkernel.a(init.c.obj)
                0x0000000000002bf8                z_early_memcpy
 .text.idle     0x0000000000002c00        0xe zephyr/kernel/libkernel.a(idle.c.obj)
                0x0000000000002c00                idle
 .text.sys_dlist_remove
                0x0000000000002c0e       0x10 zephyr/kernel/libkernel.a(sched.c.obj)
 .text.unpend_thread_no_timeout
                0x0000000000002c1e       0x16 zephyr/kernel/libkernel.a(sched.c.obj)
 .text.z_ready_thread
                0x0000000000002c34       0x18 zephyr/kernel/libkernel.a(sched.c.obj)
                0x0000000000002c34                z_ready_thread
 .text.z_sched_wake_thread
                0x0000000000002c4c       0x36 zephyr/kernel/libkernel.a(sched.c.obj)
                0x0000000000002c4c                z_sched_wake_thread
 .text.z_thread_timeout
                0x0000000000002c82        0xc zephyr/kernel/libkernel.a(sched.c.obj)
                0x0000000000002c82                z_thread_timeout
 .text.z_abort_timeout
                0x0000000000002c8e       0x4c zephyr/kernel/libkernel.a(timeout.c.obj)
                0x0000000000002c8e                z_abort_timeout
 .text.sys_clock_tick_get_32
                0x0000000000002cda        0x8 zephyr/kernel/libkernel.a(timeout.c.obj)
                0x0000000000002cda                sys_clock_tick_get_32
 .text.memcpy   0x0000000000002ce2       0x12 c:\users\aguat\zephyr-sdk-0.17.0\arm-zephyr-eabi\bin\../lib/gcc/../../picolibc/arm-zephyr-eabi/lib/thumb/v6-m/nofp\libc.a(memcpy.c.o)
                0x0000000000002ce2                __aeabi_memcpy
                0x0000000000002ce2                __aeabi_memcpy4
                0x0000000000002ce2                __aeabi_memcpy8
                0x0000000000002ce2                memcpy
 .text.memset   0x0000000000002cf4       0x10 c:\users\aguat\zephyr-sdk-0.17.0\arm-zephyr-eabi\bin\../lib/gcc/../../picolibc/arm-zephyr-eabi/lib/thumb/v6-m/nofp\libc.a(memset.c.o)
                0x0000000000002cf4                memset
 .text.strncpy  0x0000000000002d04       0x22 c:\users\aguat\zephyr-sdk-0.17.0\arm-zephyr-eabi\bin\../lib/gcc/../../picolibc/arm-zephyr-eabi/lib/thumb/v6-m/nofp\libc.a(libc_string_strncpy.c.o)
                0x0000000000002d04                strncpy
 .text.strnlen  0x0000000000002d26       0x16 c:\users\aguat\zephyr-sdk-0.17.0\arm-zephyr-eabi\bin\../lib/gcc/../../picolibc/arm-zephyr-eabi/lib/thumb/v6-m/nofp\libc.a(libc_string_strnlen.c.o)
                0x0000000000002d26                strnlen
 .text.__ultoa_invert
                0x0000000000002d3c      0x10e c:\users\aguat\zephyr-sdk-0.17.0\arm-zephyr-eabi\bin\../lib/gcc/../../picolibc/arm-zephyr-eabi/lib/thumb/v6-m/nofp\libc.a(libc_tinystdio_vflprintf.c.o)
 *(SORT_BY_ALIGNMENT(.TEXT.*))
 *fill*         0x0000000000002e4a        0x2 
 .TEXT.__aeabi_read_tp
                0x0000000000002e4c        0xc zephyr/arch/arch/arm/core/cortex_m/libarch__arm__core__cortex_m.a(__aeabi_read_tp.S.obj)
                0x0000000000002e4c                __aeabi_read_tp
 *(SORT_BY_ALIGNMENT(.gnu.linkonce.t.*))
 *(SORT_BY_ALIGNMENT(.glue_7t))
 .glue_7t       0x0000000000002e58        0x0 linker stubs
 *(SORT_BY_ALIGNMENT(.glue_7))
 .glue_7        0x0000000000002e58        0x0 linker stubs
 *(SORT_BY_ALIGNMENT(.vfp11_veneer))
 .vfp11_veneer  0x0000000000002e58        0x0 linker stubs
 *(SORT_BY_ALIGNMENT(.v4_bx))
 .v4_bx         0x0000000000002e58        0x0 linker stubs
                0x0000000000002e58                . = ALIGN (0x4)
                0x0000000000002e58                __text_region_end = .

.ARM.exidx      0x0000000000002e58        0x8
                0x0000000000002e58                __exidx_start = .
 *(SORT_BY_ALIGNMENT(.ARM.exidx*) SORT_BY_ALIGNMENT(gnu.linkonce.armexidx.*))
 .ARM.exidx     0x0000000000002e58        0x8 c:/users/aguat/zephyr-sdk-0.17.0/arm-zephyr-eabi/bin/../lib/gcc/arm-zephyr-eabi/12.2.0/thumb/v6-m/nofp\libgcc.a(_udivmoddi4.o)
                0x0000000000002e60                __exidx_end = .
                0x0000000000002e60                __rodata_region_start = .

initlevel       0x0000000000002e60       0x80
                0x0000000000002e60                __init_start = .
                0x0000000000002e60                __init_EARLY_start = .
 *(SORT_BY_NAME(SORT_BY_ALIGNMENT(.z_init_EARLY_P_?_*)))
 *(SORT_BY_NAME(SORT_BY_ALIGNMENT(.z_init_EARLY_P_??_*)))
 *(SORT_BY_NAME(SORT_BY_ALIGNMENT(.z_init_EARLY_P_???_*)))
                0x0000000000002e60                __init_PRE_KERNEL_1_start = .
 *(SORT_BY_NAME(SORT_BY_ALIGNMENT(.z_init_PRE_KERNEL_1_P_?_*)))
 *(SORT_BY_NAME(SORT_BY_ALIGNMENT(.z_init_PRE_KERNEL_1_P_??_*)))
 .z_init_PRE_KERNEL_1_P_30_SUB_00014_
                0x0000000000002e60        0x8 zephyr/drivers/clock_control/libdrivers__clock_control.a(clock_control_mcux_sim.c.obj)
 .z_init_PRE_KERNEL_1_P_30_SUB_00063_
                0x0000000000002e68        0x8 zephyr/drivers/clock_control/libdrivers__clock_control.a(clock_control_mcux_mcg.c.obj)
 .z_init_PRE_KERNEL_1_P_40_SUB_00015_
                0x0000000000002e70        0x8 zephyr/drivers/pinctrl/libdrivers__pinctrl.a(pinctrl_nxp_port.c.obj)
 .z_init_PRE_KERNEL_1_P_40_SUB_00017_
                0x0000000000002e78        0x8 zephyr/drivers/pinctrl/libdrivers__pinctrl.a(pinctrl_nxp_port.c.obj)
 .z_init_PRE_KERNEL_1_P_40_SUB_00022_
                0x0000000000002e80        0x8 zephyr/drivers/pinctrl/libdrivers__pinctrl.a(pinctrl_nxp_port.c.obj)
 .z_init_PRE_KERNEL_1_P_40_SUB_00024_
                0x0000000000002e88        0x8 zephyr/drivers/pinctrl/libdrivers__pinctrl.a(pinctrl_nxp_port.c.obj)
 .z_init_PRE_KERNEL_1_P_40_SUB_00044_
                0x0000000000002e90        0x8 zephyr/drivers/pinctrl/libdrivers__pinctrl.a(pinctrl_nxp_port.c.obj)
 .z_init_PRE_KERNEL_1_P_50_SUB_00052_
                0x0000000000002e98        0x8 zephyr/drivers/serial/libdrivers__serial.a(uart_mcux_lpuart.c.obj)
 .z_init_PRE_KERNEL_1_P_60_SUB_0_
                0x0000000000002ea0        0x8 zephyr/drivers/console/libdrivers__console.a(uart_console.c.obj)
 *(SORT_BY_NAME(SORT_BY_ALIGNMENT(.z_init_PRE_KERNEL_1_P_???_*)))
                0x0000000000002ea8                __init_PRE_KERNEL_2_start = .
 *(SORT_BY_NAME(SORT_BY_ALIGNMENT(.z_init_PRE_KERNEL_2_P_?_*)))
 .z_init_PRE_KERNEL_2_P_0_SUB_0_
                0x0000000000002ea8        0x8 zephyr/drivers/timer/libdrivers__timer.a(cortex_m_systick.c.obj)
 *(SORT_BY_NAME(SORT_BY_ALIGNMENT(.z_init_PRE_KERNEL_2_P_??_*)))
 *(SORT_BY_NAME(SORT_BY_ALIGNMENT(.z_init_PRE_KERNEL_2_P_???_*)))
                0x0000000000002eb0                __init_POST_KERNEL_start = .
 *(SORT_BY_NAME(SORT_BY_ALIGNMENT(.z_init_POST_KERNEL_P_?_*)))
 *(SORT_BY_NAME(SORT_BY_ALIGNMENT(.z_init_POST_KERNEL_P_??_*)))
 .z_init_POST_KERNEL_P_35_SUB_0_
                0x0000000000002eb0        0x8 zephyr/lib/libc/common/liblib__libc__common.a(malloc.c.obj)
 .z_init_POST_KERNEL_P_40_SUB_00016_
                0x0000000000002eb8        0x8 zephyr/drivers/gpio/libdrivers__gpio.a(gpio_mcux.c.obj)
 .z_init_POST_KERNEL_P_40_SUB_00018_
                0x0000000000002ec0        0x8 zephyr/drivers/gpio/libdrivers__gpio.a(gpio_mcux.c.obj)
 .z_init_POST_KERNEL_P_40_SUB_00023_
                0x0000000000002ec8        0x8 zephyr/drivers/gpio/libdrivers__gpio.a(gpio_mcux.c.obj)
 .z_init_POST_KERNEL_P_40_SUB_00025_
                0x0000000000002ed0        0x8 zephyr/drivers/gpio/libdrivers__gpio.a(gpio_mcux.c.obj)
 .z_init_POST_KERNEL_P_40_SUB_00045_
                0x0000000000002ed8        0x8 zephyr/drivers/gpio/libdrivers__gpio.a(gpio_mcux.c.obj)
 *(SORT_BY_NAME(SORT_BY_ALIGNMENT(.z_init_POST_KERNEL_P_???_*)))
                0x0000000000002ee0                __init_APPLICATION_start = .
 *(SORT_BY_NAME(SORT_BY_ALIGNMENT(.z_init_APPLICATION_P_?_*)))
 *(SORT_BY_NAME(SORT_BY_ALIGNMENT(.z_init_APPLICATION_P_??_*)))
 *(SORT_BY_NAME(SORT_BY_ALIGNMENT(.z_init_APPLICATION_P_???_*)))
                0x0000000000002ee0                __init_SMP_start = .
 *(SORT_BY_NAME(SORT_BY_ALIGNMENT(.z_init_SMP_P_?_*)))
 *(SORT_BY_NAME(SORT_BY_ALIGNMENT(.z_init_SMP_P_??_*)))
 *(SORT_BY_NAME(SORT_BY_ALIGNMENT(.z_init_SMP_P_???_*)))
                0x0000000000002ee0                __init_end = .

device_area     0x0000000000002ee0      0x1a0
                0x0000000000002ee0                _device_list_start = .
 *(SORT_BY_NAME(SORT_BY_ALIGNMENT(._device.static.*_?_*)))
 *(SORT_BY_NAME(SORT_BY_ALIGNMENT(._device.static.*_??_*)))
 ._device.static.1_30_
                0x0000000000002ee0       0x20 zephyr/drivers/clock_control/libdrivers__clock_control.a(clock_control_mcux_mcg.c.obj)
                0x0000000000002ee0                __device_dts_ord_63
 ._device.static.1_30_
                0x0000000000002f00       0x20 zephyr/drivers/clock_control/libdrivers__clock_control.a(clock_control_mcux_sim.c.obj)
                0x0000000000002f00                __device_dts_ord_14
 ._device.static.1_40_
                0x0000000000002f20       0xa0 zephyr/drivers/pinctrl/libdrivers__pinctrl.a(pinctrl_nxp_port.c.obj)
                0x0000000000002f20                __device_dts_ord_24
                0x0000000000002f40                __device_dts_ord_22
                0x0000000000002f60                __device_dts_ord_17
                0x0000000000002f80                __device_dts_ord_44
                0x0000000000002fa0                __device_dts_ord_15
 ._device.static.1_50_
                0x0000000000002fc0       0x20 zephyr/drivers/serial/libdrivers__serial.a(uart_mcux_lpuart.c.obj)
                0x0000000000002fc0                __device_dts_ord_52
 ._device.static.3_40_
                0x0000000000002fe0       0xa0 zephyr/drivers/gpio/libdrivers__gpio.a(gpio_mcux.c.obj)
                0x0000000000002fe0                __device_dts_ord_25
                0x0000000000003000                __device_dts_ord_23
                0x0000000000003020                __device_dts_ord_18
                0x0000000000003040                __device_dts_ord_45
                0x0000000000003060                __device_dts_ord_16
 *(SORT_BY_NAME(SORT_BY_ALIGNMENT(._device.static.*_???_*)))
 *(SORT_BY_NAME(SORT_BY_ALIGNMENT(._device.static.*_????_*)))
 *(SORT_BY_NAME(SORT_BY_ALIGNMENT(._device.static.*_?????_*)))
                0x0000000000003080                _device_list_end = .

sw_isr_table    0x0000000000003080      0x100
                0x0000000000003080                . = ALIGN (0x4)
 *(SORT_BY_ALIGNMENT(.gnu.linkonce.sw_isr_table*))
 .gnu.linkonce.sw_isr_table
                0x0000000000003080      0x100 zephyr/CMakeFiles/zephyr_final.dir/isr_tables.c.obj
                0x0000000000003080                _sw_isr_table

initlevel_error
                0x0000000000002e60        0x0
 *(SORT_BY_NAME(SORT_BY_ALIGNMENT(.z_init_*)))
                0x0000000000000001                ASSERT ((SIZEOF (initlevel_error) == 0x0), Undefined initialization levels used.)

app_shmem_regions
                0x0000000000003180        0x0
                0x0000000000003180                __app_shmem_regions_start = .
 *(SORT_BY_NAME(SORT_BY_ALIGNMENT(.app_regions.*)))
                0x0000000000003180                __app_shmem_regions_end = .

k_p4wq_initparam_area
                0x0000000000003180        0x0
                0x0000000000003180                _k_p4wq_initparam_list_start = .
 *(SORT_BY_NAME(SORT_BY_ALIGNMENT(._k_p4wq_initparam.static.*)))
                0x0000000000003180                _k_p4wq_initparam_list_end = .

_static_thread_data_area
                0x0000000000003180        0x0
                0x0000000000003180                __static_thread_data_list_start = .
 *(SORT_BY_NAME(SORT_BY_ALIGNMENT(.__static_thread_data.static.*)))
                0x0000000000003180                __static_thread_data_list_end = .

device_deps     0x0000000000003180        0x0
                0x0000000000003180                __device_deps_start = .
 *(SORT_BY_NAME(SORT_BY_ALIGNMENT(.__device_deps_pass2*)))
                0x0000000000003180                __device_deps_end = .

gpio_driver_api_area
                0x0000000000003180       0x24
                0x0000000000003180                _gpio_driver_api_list_start = .
 *(SORT_BY_NAME(SORT_BY_ALIGNMENT(._gpio_driver_api.static.*)))
 ._gpio_driver_api.static.gpio_mcux_driver_api_
                0x0000000000003180       0x24 zephyr/drivers/gpio/libdrivers__gpio.a(gpio_mcux.c.obj)
                0x00000000000031a4                _gpio_driver_api_list_end = .

shared_irq_driver_api_area
                0x00000000000031a4        0x0
                0x00000000000031a4                _shared_irq_driver_api_list_start = .
 *(SORT_BY_NAME(SORT_BY_ALIGNMENT(._shared_irq_driver_api.static.*)))
                0x00000000000031a4                _shared_irq_driver_api_list_end = .

crypto_driver_api_area
                0x00000000000031a4        0x0
                0x00000000000031a4                _crypto_driver_api_list_start = .
 *(SORT_BY_NAME(SORT_BY_ALIGNMENT(._crypto_driver_api.static.*)))
                0x00000000000031a4                _crypto_driver_api_list_end = .

adc_driver_api_area
                0x00000000000031a4        0x0
                0x00000000000031a4                _adc_driver_api_list_start = .
 *(SORT_BY_NAME(SORT_BY_ALIGNMENT(._adc_driver_api.static.*)))
                0x00000000000031a4                _adc_driver_api_list_end = .

auxdisplay_driver_api_area
                0x00000000000031a4        0x0
                0x00000000000031a4                _auxdisplay_driver_api_list_start = .
 *(SORT_BY_NAME(SORT_BY_ALIGNMENT(._auxdisplay_driver_api.static.*)))
                0x00000000000031a4                _auxdisplay_driver_api_list_end = .

bbram_driver_api_area
                0x00000000000031a4        0x0
                0x00000000000031a4                _bbram_driver_api_list_start = .
 *(SORT_BY_NAME(SORT_BY_ALIGNMENT(._bbram_driver_api.static.*)))
                0x00000000000031a4                _bbram_driver_api_list_end = .

bt_hci_driver_api_area
                0x00000000000031a4        0x0
                0x00000000000031a4                _bt_hci_driver_api_list_start = .
 *(SORT_BY_NAME(SORT_BY_ALIGNMENT(._bt_hci_driver_api.static.*)))
                0x00000000000031a4                _bt_hci_driver_api_list_end = .

can_driver_api_area
                0x00000000000031a4        0x0
                0x00000000000031a4                _can_driver_api_list_start = .
 *(SORT_BY_NAME(SORT_BY_ALIGNMENT(._can_driver_api.static.*)))
                0x00000000000031a4                _can_driver_api_list_end = .

cellular_driver_api_area
                0x00000000000031a4        0x0
                0x00000000000031a4                _cellular_driver_api_list_start = .
 *(SORT_BY_NAME(SORT_BY_ALIGNMENT(._cellular_driver_api.static.*)))
                0x00000000000031a4                _cellular_driver_api_list_end = .

charger_driver_api_area
                0x00000000000031a4        0x0
                0x00000000000031a4                _charger_driver_api_list_start = .
 *(SORT_BY_NAME(SORT_BY_ALIGNMENT(._charger_driver_api.static.*)))
                0x00000000000031a4                _charger_driver_api_list_end = .

clock_control_driver_api_area
                0x00000000000031a4       0x38
                0x00000000000031a4                _clock_control_driver_api_list_start = .
 *(SORT_BY_NAME(SORT_BY_ALIGNMENT(._clock_control_driver_api.static.*)))
 ._clock_control_driver_api.static.mcux_mcg_driver_api_
                0x00000000000031a4       0x1c zephyr/drivers/clock_control/libdrivers__clock_control.a(clock_control_mcux_mcg.c.obj)
 ._clock_control_driver_api.static.mcux_sim_driver_api_
                0x00000000000031c0       0x1c zephyr/drivers/clock_control/libdrivers__clock_control.a(clock_control_mcux_sim.c.obj)
                0x00000000000031dc                _clock_control_driver_api_list_end = .

comparator_driver_api_area
                0x00000000000031dc        0x0
                0x00000000000031dc                _comparator_driver_api_list_start = .
 *(SORT_BY_NAME(SORT_BY_ALIGNMENT(._comparator_driver_api.static.*)))
                0x00000000000031dc                _comparator_driver_api_list_end = .

coredump_driver_api_area
                0x00000000000031dc        0x0
                0x00000000000031dc                _coredump_driver_api_list_start = .
 *(SORT_BY_NAME(SORT_BY_ALIGNMENT(._coredump_driver_api.static.*)))
                0x00000000000031dc                _coredump_driver_api_list_end = .

counter_driver_api_area
                0x00000000000031dc        0x0
                0x00000000000031dc                _counter_driver_api_list_start = .
 *(SORT_BY_NAME(SORT_BY_ALIGNMENT(._counter_driver_api.static.*)))
                0x00000000000031dc                _counter_driver_api_list_end = .

dac_driver_api_area
                0x00000000000031dc        0x0
                0x00000000000031dc                _dac_driver_api_list_start = .
 *(SORT_BY_NAME(SORT_BY_ALIGNMENT(._dac_driver_api.static.*)))
                0x00000000000031dc                _dac_driver_api_list_end = .

dai_driver_api_area
                0x00000000000031dc        0x0
                0x00000000000031dc                _dai_driver_api_list_start = .
 *(SORT_BY_NAME(SORT_BY_ALIGNMENT(._dai_driver_api.static.*)))
                0x00000000000031dc                _dai_driver_api_list_end = .

display_driver_api_area
                0x00000000000031dc        0x0
                0x00000000000031dc                _display_driver_api_list_start = .
 *(SORT_BY_NAME(SORT_BY_ALIGNMENT(._display_driver_api.static.*)))
                0x00000000000031dc                _display_driver_api_list_end = .

dma_driver_api_area
                0x00000000000031dc        0x0
                0x00000000000031dc                _dma_driver_api_list_start = .
 *(SORT_BY_NAME(SORT_BY_ALIGNMENT(._dma_driver_api.static.*)))
                0x00000000000031dc                _dma_driver_api_list_end = .

edac_driver_api_area
                0x00000000000031dc        0x0
                0x00000000000031dc                _edac_driver_api_list_start = .
 *(SORT_BY_NAME(SORT_BY_ALIGNMENT(._edac_driver_api.static.*)))
                0x00000000000031dc                _edac_driver_api_list_end = .

eeprom_driver_api_area
                0x00000000000031dc        0x0
                0x00000000000031dc                _eeprom_driver_api_list_start = .
 *(SORT_BY_NAME(SORT_BY_ALIGNMENT(._eeprom_driver_api.static.*)))
                0x00000000000031dc                _eeprom_driver_api_list_end = .

emul_bbram_driver_api_area
                0x00000000000031dc        0x0
                0x00000000000031dc                _emul_bbram_driver_api_list_start = .
 *(SORT_BY_NAME(SORT_BY_ALIGNMENT(._emul_bbram_driver_api.static.*)))
                0x00000000000031dc                _emul_bbram_driver_api_list_end = .

fuel_gauge_emul_driver_api_area
                0x00000000000031dc        0x0
                0x00000000000031dc                _fuel_gauge_emul_driver_api_list_start = .
 *(SORT_BY_NAME(SORT_BY_ALIGNMENT(._fuel_gauge_emul_driver_api.static.*)))
                0x00000000000031dc                _fuel_gauge_emul_driver_api_list_end = .

emul_sensor_driver_api_area
                0x00000000000031dc        0x0
                0x00000000000031dc                _emul_sensor_driver_api_list_start = .
 *(SORT_BY_NAME(SORT_BY_ALIGNMENT(._emul_sensor_driver_api.static.*)))
                0x00000000000031dc                _emul_sensor_driver_api_list_end = .

entropy_driver_api_area
                0x00000000000031dc        0x0
                0x00000000000031dc                _entropy_driver_api_list_start = .
 *(SORT_BY_NAME(SORT_BY_ALIGNMENT(._entropy_driver_api.static.*)))
                0x00000000000031dc                _entropy_driver_api_list_end = .

espi_driver_api_area
                0x00000000000031dc        0x0
                0x00000000000031dc                _espi_driver_api_list_start = .
 *(SORT_BY_NAME(SORT_BY_ALIGNMENT(._espi_driver_api.static.*)))
                0x00000000000031dc                _espi_driver_api_list_end = .

espi_saf_driver_api_area
                0x00000000000031dc        0x0
                0x00000000000031dc                _espi_saf_driver_api_list_start = .
 *(SORT_BY_NAME(SORT_BY_ALIGNMENT(._espi_saf_driver_api.static.*)))
                0x00000000000031dc                _espi_saf_driver_api_list_end = .

flash_driver_api_area
                0x00000000000031dc        0x0
                0x00000000000031dc                _flash_driver_api_list_start = .
 *(SORT_BY_NAME(SORT_BY_ALIGNMENT(._flash_driver_api.static.*)))
                0x00000000000031dc                _flash_driver_api_list_end = .

fpga_driver_api_area
                0x00000000000031dc        0x0
                0x00000000000031dc                _fpga_driver_api_list_start = .
 *(SORT_BY_NAME(SORT_BY_ALIGNMENT(._fpga_driver_api.static.*)))
                0x00000000000031dc                _fpga_driver_api_list_end = .

fuel_gauge_driver_api_area
                0x00000000000031dc        0x0
                0x00000000000031dc                _fuel_gauge_driver_api_list_start = .
 *(SORT_BY_NAME(SORT_BY_ALIGNMENT(._fuel_gauge_driver_api.static.*)))
                0x00000000000031dc                _fuel_gauge_driver_api_list_end = .

gnss_driver_api_area
                0x00000000000031dc        0x0
                0x00000000000031dc                _gnss_driver_api_list_start = .
 *(SORT_BY_NAME(SORT_BY_ALIGNMENT(._gnss_driver_api.static.*)))
                0x00000000000031dc                _gnss_driver_api_list_end = .

haptics_driver_api_area
                0x00000000000031dc        0x0
                0x00000000000031dc                _haptics_driver_api_list_start = .
 *(SORT_BY_NAME(SORT_BY_ALIGNMENT(._haptics_driver_api.static.*)))
                0x00000000000031dc                _haptics_driver_api_list_end = .

hwspinlock_driver_api_area
                0x00000000000031dc        0x0
                0x00000000000031dc                _hwspinlock_driver_api_list_start = .
 *(SORT_BY_NAME(SORT_BY_ALIGNMENT(._hwspinlock_driver_api.static.*)))
                0x00000000000031dc                _hwspinlock_driver_api_list_end = .

i2c_driver_api_area
                0x00000000000031dc        0x0
                0x00000000000031dc                _i2c_driver_api_list_start = .
 *(SORT_BY_NAME(SORT_BY_ALIGNMENT(._i2c_driver_api.static.*)))
                0x00000000000031dc                _i2c_driver_api_list_end = .

i2c_target_driver_api_area
                0x00000000000031dc        0x0
                0x00000000000031dc                _i2c_target_driver_api_list_start = .
 *(SORT_BY_NAME(SORT_BY_ALIGNMENT(._i2c_target_driver_api.static.*)))
                0x00000000000031dc                _i2c_target_driver_api_list_end = .

i2s_driver_api_area
                0x00000000000031dc        0x0
                0x00000000000031dc                _i2s_driver_api_list_start = .
 *(SORT_BY_NAME(SORT_BY_ALIGNMENT(._i2s_driver_api.static.*)))
                0x00000000000031dc                _i2s_driver_api_list_end = .

i3c_driver_api_area
                0x00000000000031dc        0x0
                0x00000000000031dc                _i3c_driver_api_list_start = .
 *(SORT_BY_NAME(SORT_BY_ALIGNMENT(._i3c_driver_api.static.*)))
                0x00000000000031dc                _i3c_driver_api_list_end = .

ipm_driver_api_area
                0x00000000000031dc        0x0
                0x00000000000031dc                _ipm_driver_api_list_start = .
 *(SORT_BY_NAME(SORT_BY_ALIGNMENT(._ipm_driver_api.static.*)))
                0x00000000000031dc                _ipm_driver_api_list_end = .

led_driver_api_area
                0x00000000000031dc        0x0
                0x00000000000031dc                _led_driver_api_list_start = .
 *(SORT_BY_NAME(SORT_BY_ALIGNMENT(._led_driver_api.static.*)))
                0x00000000000031dc                _led_driver_api_list_end = .

led_strip_driver_api_area
                0x00000000000031dc        0x0
                0x00000000000031dc                _led_strip_driver_api_list_start = .
 *(SORT_BY_NAME(SORT_BY_ALIGNMENT(._led_strip_driver_api.static.*)))
                0x00000000000031dc                _led_strip_driver_api_list_end = .

lora_driver_api_area
                0x00000000000031dc        0x0
                0x00000000000031dc                _lora_driver_api_list_start = .
 *(SORT_BY_NAME(SORT_BY_ALIGNMENT(._lora_driver_api.static.*)))
                0x00000000000031dc                _lora_driver_api_list_end = .

mbox_driver_api_area
                0x00000000000031dc        0x0
                0x00000000000031dc                _mbox_driver_api_list_start = .
 *(SORT_BY_NAME(SORT_BY_ALIGNMENT(._mbox_driver_api.static.*)))
                0x00000000000031dc                _mbox_driver_api_list_end = .

mdio_driver_api_area
                0x00000000000031dc        0x0
                0x00000000000031dc                _mdio_driver_api_list_start = .
 *(SORT_BY_NAME(SORT_BY_ALIGNMENT(._mdio_driver_api.static.*)))
                0x00000000000031dc                _mdio_driver_api_list_end = .

mipi_dbi_driver_api_area
                0x00000000000031dc        0x0
                0x00000000000031dc                _mipi_dbi_driver_api_list_start = .
 *(SORT_BY_NAME(SORT_BY_ALIGNMENT(._mipi_dbi_driver_api.static.*)))
                0x00000000000031dc                _mipi_dbi_driver_api_list_end = .

mipi_dsi_driver_api_area
                0x00000000000031dc        0x0
                0x00000000000031dc                _mipi_dsi_driver_api_list_start = .
 *(SORT_BY_NAME(SORT_BY_ALIGNMENT(._mipi_dsi_driver_api.static.*)))
                0x00000000000031dc                _mipi_dsi_driver_api_list_end = .

mspi_driver_api_area
                0x00000000000031dc        0x0
                0x00000000000031dc                _mspi_driver_api_list_start = .
 *(SORT_BY_NAME(SORT_BY_ALIGNMENT(._mspi_driver_api.static.*)))
                0x00000000000031dc                _mspi_driver_api_list_end = .

peci_driver_api_area
                0x00000000000031dc        0x0
                0x00000000000031dc                _peci_driver_api_list_start = .
 *(SORT_BY_NAME(SORT_BY_ALIGNMENT(._peci_driver_api.static.*)))
                0x00000000000031dc                _peci_driver_api_list_end = .

ps2_driver_api_area
                0x00000000000031dc        0x0
                0x00000000000031dc                _ps2_driver_api_list_start = .
 *(SORT_BY_NAME(SORT_BY_ALIGNMENT(._ps2_driver_api.static.*)))
                0x00000000000031dc                _ps2_driver_api_list_end = .

ptp_clock_driver_api_area
                0x00000000000031dc        0x0
                0x00000000000031dc                _ptp_clock_driver_api_list_start = .
 *(SORT_BY_NAME(SORT_BY_ALIGNMENT(._ptp_clock_driver_api.static.*)))
                0x00000000000031dc                _ptp_clock_driver_api_list_end = .

pwm_driver_api_area
                0x00000000000031dc        0x0
                0x00000000000031dc                _pwm_driver_api_list_start = .
 *(SORT_BY_NAME(SORT_BY_ALIGNMENT(._pwm_driver_api.static.*)))
                0x00000000000031dc                _pwm_driver_api_list_end = .

regulator_parent_driver_api_area
                0x00000000000031dc        0x0
                0x00000000000031dc                _regulator_parent_driver_api_list_start = .
 *(SORT_BY_NAME(SORT_BY_ALIGNMENT(._regulator_parent_driver_api.static.*)))
                0x00000000000031dc                _regulator_parent_driver_api_list_end = .

regulator_driver_api_area
                0x00000000000031dc        0x0
                0x00000000000031dc                _regulator_driver_api_list_start = .
 *(SORT_BY_NAME(SORT_BY_ALIGNMENT(._regulator_driver_api.static.*)))
                0x00000000000031dc                _regulator_driver_api_list_end = .

reset_driver_api_area
                0x00000000000031dc        0x0
                0x00000000000031dc                _reset_driver_api_list_start = .
 *(SORT_BY_NAME(SORT_BY_ALIGNMENT(._reset_driver_api.static.*)))
                0x00000000000031dc                _reset_driver_api_list_end = .

retained_mem_driver_api_area
                0x00000000000031dc        0x0
                0x00000000000031dc                _retained_mem_driver_api_list_start = .
 *(SORT_BY_NAME(SORT_BY_ALIGNMENT(._retained_mem_driver_api.static.*)))
                0x00000000000031dc                _retained_mem_driver_api_list_end = .

rtc_driver_api_area
                0x00000000000031dc        0x0
                0x00000000000031dc                _rtc_driver_api_list_start = .
 *(SORT_BY_NAME(SORT_BY_ALIGNMENT(._rtc_driver_api.static.*)))
                0x00000000000031dc                _rtc_driver_api_list_end = .

sdhc_driver_api_area
                0x00000000000031dc        0x0
                0x00000000000031dc                _sdhc_driver_api_list_start = .
 *(SORT_BY_NAME(SORT_BY_ALIGNMENT(._sdhc_driver_api.static.*)))
                0x00000000000031dc                _sdhc_driver_api_list_end = .

sensor_driver_api_area
                0x00000000000031dc        0x0
                0x00000000000031dc                _sensor_driver_api_list_start = .
 *(SORT_BY_NAME(SORT_BY_ALIGNMENT(._sensor_driver_api.static.*)))
                0x00000000000031dc                _sensor_driver_api_list_end = .

smbus_driver_api_area
                0x00000000000031dc        0x0
                0x00000000000031dc                _smbus_driver_api_list_start = .
 *(SORT_BY_NAME(SORT_BY_ALIGNMENT(._smbus_driver_api.static.*)))
                0x00000000000031dc                _smbus_driver_api_list_end = .

spi_driver_api_area
                0x00000000000031dc        0x0
                0x00000000000031dc                _spi_driver_api_list_start = .
 *(SORT_BY_NAME(SORT_BY_ALIGNMENT(._spi_driver_api.static.*)))
                0x00000000000031dc                _spi_driver_api_list_end = .

stepper_driver_api_area
                0x00000000000031dc        0x0
                0x00000000000031dc                _stepper_driver_api_list_start = .
 *(SORT_BY_NAME(SORT_BY_ALIGNMENT(._stepper_driver_api.static.*)))
                0x00000000000031dc                _stepper_driver_api_list_end = .

syscon_driver_api_area
                0x00000000000031dc        0x0
                0x00000000000031dc                _syscon_driver_api_list_start = .
 *(SORT_BY_NAME(SORT_BY_ALIGNMENT(._syscon_driver_api.static.*)))
                0x00000000000031dc                _syscon_driver_api_list_end = .

tee_driver_api_area
                0x00000000000031dc        0x0
                0x00000000000031dc                _tee_driver_api_list_start = .
 *(SORT_BY_NAME(SORT_BY_ALIGNMENT(._tee_driver_api.static.*)))
                0x00000000000031dc                _tee_driver_api_list_end = .

video_driver_api_area
                0x00000000000031dc        0x0
                0x00000000000031dc                _video_driver_api_list_start = .
 *(SORT_BY_NAME(SORT_BY_ALIGNMENT(._video_driver_api.static.*)))
                0x00000000000031dc                _video_driver_api_list_end = .

virtio_driver_api_area
                0x00000000000031dc        0x0
                0x00000000000031dc                _virtio_driver_api_list_start = .
 *(SORT_BY_NAME(SORT_BY_ALIGNMENT(._virtio_driver_api.static.*)))
                0x00000000000031dc                _virtio_driver_api_list_end = .

w1_driver_api_area
                0x00000000000031dc        0x0
                0x00000000000031dc                _w1_driver_api_list_start = .
 *(SORT_BY_NAME(SORT_BY_ALIGNMENT(._w1_driver_api.static.*)))
                0x00000000000031dc                _w1_driver_api_list_end = .

wdt_driver_api_area
                0x00000000000031dc        0x0
                0x00000000000031dc                _wdt_driver_api_list_start = .
 *(SORT_BY_NAME(SORT_BY_ALIGNMENT(._wdt_driver_api.static.*)))
                0x00000000000031dc                _wdt_driver_api_list_end = .

can_transceiver_driver_api_area
                0x00000000000031dc        0x0
                0x00000000000031dc                _can_transceiver_driver_api_list_start = .
 *(SORT_BY_NAME(SORT_BY_ALIGNMENT(._can_transceiver_driver_api.static.*)))
                0x00000000000031dc                _can_transceiver_driver_api_list_end = .

nrf_clock_control_driver_api_area
                0x00000000000031dc        0x0
                0x00000000000031dc                _nrf_clock_control_driver_api_list_start = .
 *(SORT_BY_NAME(SORT_BY_ALIGNMENT(._nrf_clock_control_driver_api.static.*)))
                0x00000000000031dc                _nrf_clock_control_driver_api_list_end = .

i3c_target_driver_api_area
                0x00000000000031dc        0x0
                0x00000000000031dc                _i3c_target_driver_api_list_start = .
 *(SORT_BY_NAME(SORT_BY_ALIGNMENT(._i3c_target_driver_api.static.*)))
                0x00000000000031dc                _i3c_target_driver_api_list_end = .

its_driver_api_area
                0x00000000000031dc        0x0
                0x00000000000031dc                _its_driver_api_list_start = .
 *(SORT_BY_NAME(SORT_BY_ALIGNMENT(._its_driver_api.static.*)))
                0x00000000000031dc                _its_driver_api_list_end = .

vtd_driver_api_area
                0x00000000000031dc        0x0
                0x00000000000031dc                _vtd_driver_api_list_start = .
 *(SORT_BY_NAME(SORT_BY_ALIGNMENT(._vtd_driver_api.static.*)))
                0x00000000000031dc                _vtd_driver_api_list_end = .

renesas_elc_driver_api_area
                0x00000000000031dc        0x0
                0x00000000000031dc                _renesas_elc_driver_api_list_start = .
 *(SORT_BY_NAME(SORT_BY_ALIGNMENT(._renesas_elc_driver_api.static.*)))
                0x00000000000031dc                _renesas_elc_driver_api_list_end = .

tgpio_driver_api_area
                0x00000000000031dc        0x0
                0x00000000000031dc                _tgpio_driver_api_list_start = .
 *(SORT_BY_NAME(SORT_BY_ALIGNMENT(._tgpio_driver_api.static.*)))
                0x00000000000031dc                _tgpio_driver_api_list_end = .

pcie_ctrl_driver_api_area
                0x00000000000031dc        0x0
                0x00000000000031dc                _pcie_ctrl_driver_api_list_start = .
 *(SORT_BY_NAME(SORT_BY_ALIGNMENT(._pcie_ctrl_driver_api.static.*)))
                0x00000000000031dc                _pcie_ctrl_driver_api_list_end = .

pcie_ep_driver_api_area
                0x00000000000031dc        0x0
                0x00000000000031dc                _pcie_ep_driver_api_list_start = .
 *(SORT_BY_NAME(SORT_BY_ALIGNMENT(._pcie_ep_driver_api.static.*)))
                0x00000000000031dc                _pcie_ep_driver_api_list_end = .

psi5_driver_api_area
                0x00000000000031dc        0x0
                0x00000000000031dc                _psi5_driver_api_list_start = .
 *(SORT_BY_NAME(SORT_BY_ALIGNMENT(._psi5_driver_api.static.*)))
                0x00000000000031dc                _psi5_driver_api_list_end = .

sent_driver_api_area
                0x00000000000031dc        0x0
                0x00000000000031dc                _sent_driver_api_list_start = .
 *(SORT_BY_NAME(SORT_BY_ALIGNMENT(._sent_driver_api.static.*)))
                0x00000000000031dc                _sent_driver_api_list_end = .

svc_driver_api_area
                0x00000000000031dc        0x0
                0x00000000000031dc                _svc_driver_api_list_start = .
 *(SORT_BY_NAME(SORT_BY_ALIGNMENT(._svc_driver_api.static.*)))
                0x00000000000031dc                _svc_driver_api_list_end = .

uart_driver_api_area
                0x00000000000031dc       0x14
                0x00000000000031dc                _uart_driver_api_list_start = .
 *(SORT_BY_NAME(SORT_BY_ALIGNMENT(._uart_driver_api.static.*)))
 ._uart_driver_api.static.mcux_lpuart_driver_api_
                0x00000000000031dc       0x14 zephyr/drivers/serial/libdrivers__serial.a(uart_mcux_lpuart.c.obj)
                0x00000000000031f0                _uart_driver_api_list_end = .

bc12_emul_driver_api_area
                0x00000000000031f0        0x0
                0x00000000000031f0                _bc12_emul_driver_api_list_start = .
 *(SORT_BY_NAME(SORT_BY_ALIGNMENT(._bc12_emul_driver_api.static.*)))
                0x00000000000031f0                _bc12_emul_driver_api_list_end = .

bc12_driver_api_area
                0x00000000000031f0        0x0
                0x00000000000031f0                _bc12_driver_api_list_start = .
 *(SORT_BY_NAME(SORT_BY_ALIGNMENT(._bc12_driver_api.static.*)))
                0x00000000000031f0                _bc12_driver_api_list_end = .

usbc_ppc_driver_api_area
                0x00000000000031f0        0x0
                0x00000000000031f0                _usbc_ppc_driver_api_list_start = .
 *(SORT_BY_NAME(SORT_BY_ALIGNMENT(._usbc_ppc_driver_api.static.*)))
                0x00000000000031f0                _usbc_ppc_driver_api_list_end = .

tcpc_driver_api_area
                0x00000000000031f0        0x0
                0x00000000000031f0                _tcpc_driver_api_list_start = .
 *(SORT_BY_NAME(SORT_BY_ALIGNMENT(._tcpc_driver_api.static.*)))
                0x00000000000031f0                _tcpc_driver_api_list_end = .

usbc_vbus_driver_api_area
                0x00000000000031f0        0x0
                0x00000000000031f0                _usbc_vbus_driver_api_list_start = .
 *(SORT_BY_NAME(SORT_BY_ALIGNMENT(._usbc_vbus_driver_api.static.*)))
                0x00000000000031f0                _usbc_vbus_driver_api_list_end = .

ivshmem_driver_api_area
                0x00000000000031f0        0x0
                0x00000000000031f0                _ivshmem_driver_api_list_start = .
 *(SORT_BY_NAME(SORT_BY_ALIGNMENT(._ivshmem_driver_api.static.*)))
                0x00000000000031f0                _ivshmem_driver_api_list_end = .

ethphy_driver_api_area
                0x00000000000031f0        0x0
                0x00000000000031f0                _ethphy_driver_api_list_start = .
 *(SORT_BY_NAME(SORT_BY_ALIGNMENT(._ethphy_driver_api.static.*)))
                0x00000000000031f0                _ethphy_driver_api_list_end = .

ztest           0x00000000000031f0        0x0
                0x00000000000031f0                _ztest_expected_result_entry_list_start = .
 *(SORT_BY_NAME(SORT_BY_ALIGNMENT(._ztest_expected_result_entry.static.*)))
                0x00000000000031f0                _ztest_expected_result_entry_list_end = .
                0x00000000000031f0                _ztest_suite_node_list_start = .
 *(SORT_BY_NAME(SORT_BY_ALIGNMENT(._ztest_suite_node.static.*)))
                0x00000000000031f0                _ztest_suite_node_list_end = .
                0x00000000000031f0                _ztest_unit_test_list_start = .
 *(SORT_BY_NAME(SORT_BY_ALIGNMENT(._ztest_unit_test.static.*)))
                0x00000000000031f0                _ztest_unit_test_list_end = .
                0x00000000000031f0                _ztest_test_rule_list_start = .
 *(SORT_BY_NAME(SORT_BY_ALIGNMENT(._ztest_test_rule.static.*)))
                0x00000000000031f0                _ztest_test_rule_list_end = .

init_array      0x00000000000031f0        0x0
                0x00000000000031f0                __zephyr_init_array_start = .
 *(SORT_BY_INIT_PRIORITY(.init_array.*) SORT_BY_INIT_PRIORITY(.ctors.*))
 *(SORT_BY_ALIGNMENT(.init_array) SORT_BY_ALIGNMENT(.ctors))
                0x00000000000031f0                __zephyr_init_array_end = .
                0x0000000000000001                ASSERT ((__zephyr_init_array_start == __zephyr_init_array_end), GNU-style constructors required but STATIC_INIT_GNU not enabled)

bt_l2cap_fixed_chan_area
                0x00000000000031f0        0x0
                0x00000000000031f0                _bt_l2cap_fixed_chan_list_start = .
 *(SORT_BY_NAME(SORT_BY_ALIGNMENT(._bt_l2cap_fixed_chan.static.*)))
                0x00000000000031f0                _bt_l2cap_fixed_chan_list_end = .

bt_gatt_service_static_area
                0x00000000000031f0        0x0
                0x00000000000031f0                _bt_gatt_service_static_list_start = .
 *(SORT_BY_NAME(SORT_BY_ALIGNMENT(._bt_gatt_service_static.static.*)))
                0x00000000000031f0                _bt_gatt_service_static_list_end = .

log_strings_area
                0x00000000000031f0        0x0
                0x00000000000031f0                _log_strings_list_start = .
 *(SORT_BY_NAME(SORT_BY_ALIGNMENT(._log_strings.static.*)))
                0x00000000000031f0                _log_strings_list_end = .

log_stmesp_ptr_area
                0x00000000000031f0        0x0
                0x00000000000031f0                _log_stmesp_ptr_list_start = .
 *(SORT_BY_NAME(SORT_BY_ALIGNMENT(._log_stmesp_ptr.static.*)))
                0x00000000000031f0                _log_stmesp_ptr_list_end = .

log_stmesp_str_area
                0x00000000000031f0        0x0
                0x00000000000031f0                _log_stmesp_str_list_start = .
 *(SORT_BY_NAME(SORT_BY_ALIGNMENT(._log_stmesp_str.static.*)))
                0x00000000000031f0                _log_stmesp_str_list_end = .

log_const_area  0x00000000000031f0        0x0
                0x00000000000031f0                _log_const_list_start = .
 *(SORT_BY_NAME(SORT_BY_ALIGNMENT(._log_const.static.*)))
                0x00000000000031f0                _log_const_list_end = .

log_backend_area
                0x00000000000031f0        0x0
                0x00000000000031f0                _log_backend_list_start = .
 *(SORT_BY_NAME(SORT_BY_ALIGNMENT(._log_backend.static.*)))
                0x00000000000031f0                _log_backend_list_end = .

log_link_area   0x00000000000031f0        0x0
                0x00000000000031f0                _log_link_list_start = .
 *(SORT_BY_NAME(SORT_BY_ALIGNMENT(._log_link.static.*)))
                0x00000000000031f0                _log_link_list_end = .

tracing_backend_area
                0x00000000000031f0        0x0
                0x00000000000031f0                _tracing_backend_list_start = .
 *(SORT_BY_NAME(SORT_BY_ALIGNMENT(._tracing_backend.static.*)))
                0x00000000000031f0                _tracing_backend_list_end = .

zephyr_dbg_info
 *(SORT_BY_ALIGNMENT(.dbg_thread_info))

intc_table_area
                0x00000000000031f0        0x0
                0x00000000000031f0                _intc_table_list_start = .
 *(SORT_BY_NAME(SORT_BY_ALIGNMENT(._intc_table.static.*)))
                0x00000000000031f0                _intc_table_list_end = .

symbol_to_keep  0x00000000000031f0        0x0
                0x00000000000031f0                __symbol_to_keep_start = .
 *(SORT_BY_NAME(SORT_BY_ALIGNMENT(.symbol_to_keep*)))
                0x00000000000031f0                __symbol_to_keep_end = .

shell_area      0x00000000000031f0        0x0
                0x00000000000031f0                _shell_list_start = .
 *(SORT_BY_NAME(SORT_BY_ALIGNMENT(._shell.static.*)))
                0x00000000000031f0                _shell_list_end = .

shell_root_cmds_area
                0x00000000000031f0        0x0
                0x00000000000031f0                _shell_root_cmds_list_start = .
 *(SORT_BY_NAME(SORT_BY_ALIGNMENT(._shell_root_cmds.static.*)))
                0x00000000000031f0                _shell_root_cmds_list_end = .

shell_subcmds_area
                0x00000000000031f0        0x0
                0x00000000000031f0                _shell_subcmds_list_start = .
 *(SORT_BY_NAME(SORT_BY_ALIGNMENT(._shell_subcmds.static.*)))
                0x00000000000031f0                _shell_subcmds_list_end = .

shell_dynamic_subcmds_area
                0x00000000000031f0        0x0
                0x00000000000031f0                _shell_dynamic_subcmds_list_start = .
 *(SORT_BY_NAME(SORT_BY_ALIGNMENT(._shell_dynamic_subcmds.static.*)))
                0x00000000000031f0                _shell_dynamic_subcmds_list_end = .

cfb_font_area   0x00000000000031f0        0x0
                0x00000000000031f0                _cfb_font_list_start = .
 *(SORT_BY_NAME(SORT_BY_ALIGNMENT(._cfb_font.static.*)))
                0x00000000000031f0                _cfb_font_list_end = .

tdata           0x00000000000031f0        0x0
 *(SORT_BY_ALIGNMENT(.tdata) SORT_BY_ALIGNMENT(.tdata.*) SORT_BY_ALIGNMENT(.gnu.linkonce.td.*))

tbss            0x00000000000031f0        0x4
 *(SORT_BY_ALIGNMENT(.tbss) SORT_BY_ALIGNMENT(.tbss.*) SORT_BY_ALIGNMENT(.gnu.linkonce.tb.*) SORT_BY_ALIGNMENT(.tcommon))
 .tbss.z_tls_current
                0x00000000000031f0        0x4 zephyr/libzephyr.a(thread_entry.c.obj)
                0x00000000000031f0                z_tls_current
                0x00000000000031f0                PROVIDE (__tdata_start = LOADADDR (tdata))
                0x0000000000000001                PROVIDE (__tdata_align = ALIGNOF (tdata))
                0x0000000000000000                PROVIDE (__tdata_size = (((SIZEOF (tdata) + __tdata_align) - 0x1) & ~ ((__tdata_align - 0x1))))
                [!provide]                        PROVIDE (__tdata_end = (__tdata_start + __tdata_size))
                0x0000000000000004                PROVIDE (__tbss_align = ALIGNOF (tbss))
                [!provide]                        PROVIDE (__tbss_start = ADDR (tbss))
                0x0000000000000004                PROVIDE (__tbss_size = (((SIZEOF (tbss) + __tbss_align) - 0x1) & ~ ((__tbss_align - 0x1))))
                [!provide]                        PROVIDE (__tbss_end = (__tbss_start + __tbss_size))
                [!provide]                        PROVIDE (__tls_start = __tdata_start)
                [!provide]                        PROVIDE (__tls_end = __tbss_end)
                [!provide]                        PROVIDE (__tls_size = (__tbss_end - __tdata_start))

rodata          0x00000000000031f0      0x254
 *(SORT_BY_ALIGNMENT(.rodata))
 *(SORT_BY_ALIGNMENT(.rodata.*))
 .rodata.oscConfig_BOARD_BootClockRUN
                0x00000000000031f0        0x8 zephyr/libzephyr.a(soc.c.obj)
                0x00000000000031f0                oscConfig_BOARD_BootClockRUN
 .rodata.simConfig_BOARD_BootClockRUN
                0x00000000000031f8        0x8 zephyr/libzephyr.a(soc.c.obj)
                0x00000000000031f8                simConfig_BOARD_BootClockRUN
 .rodata.stdout
                0x0000000000003200        0x4 zephyr/lib/libc/picolibc/liblib__libc__picolibc.a(stdio.c.obj)
                0x0000000000003200                stderr
                0x0000000000003200                stdout
 .rodata.gpio_mcux_port4_config
                0x0000000000003204       0x14 zephyr/drivers/gpio/libdrivers__gpio.a(gpio_mcux.c.obj)
 .rodata.gpio_mcux_port3_config
                0x0000000000003218       0x14 zephyr/drivers/gpio/libdrivers__gpio.a(gpio_mcux.c.obj)
 .rodata.gpio_mcux_port2_config
                0x000000000000322c       0x14 zephyr/drivers/gpio/libdrivers__gpio.a(gpio_mcux.c.obj)
 .rodata.gpio_mcux_port1_config
                0x0000000000003240       0x14 zephyr/drivers/gpio/libdrivers__gpio.a(gpio_mcux.c.obj)
 .rodata.gpio_mcux_port0_config
                0x0000000000003254       0x14 zephyr/drivers/gpio/libdrivers__gpio.a(gpio_mcux.c.obj)
 .rodata.pinctrl_mcux_4_config
                0x0000000000003268        0x8 zephyr/drivers/pinctrl/libdrivers__pinctrl.a(pinctrl_nxp_port.c.obj)
 .rodata.pinctrl_mcux_3_config
                0x0000000000003270        0x8 zephyr/drivers/pinctrl/libdrivers__pinctrl.a(pinctrl_nxp_port.c.obj)
 .rodata.pinctrl_mcux_2_config
                0x0000000000003278        0x8 zephyr/drivers/pinctrl/libdrivers__pinctrl.a(pinctrl_nxp_port.c.obj)
 .rodata.pinctrl_mcux_1_config
                0x0000000000003280        0x8 zephyr/drivers/pinctrl/libdrivers__pinctrl.a(pinctrl_nxp_port.c.obj)
 .rodata.pinctrl_mcux_0_config
                0x0000000000003288        0x8 zephyr/drivers/pinctrl/libdrivers__pinctrl.a(pinctrl_nxp_port.c.obj)
 .rodata.ports  0x0000000000003290       0x14 zephyr/drivers/pinctrl/libdrivers__pinctrl.a(pinctrl_nxp_port.c.obj)
 .rodata.mcux_lpuart_0_config
                0x00000000000032a4       0x1c zephyr/drivers/serial/libdrivers__serial.a(uart_mcux_lpuart.c.obj)
 .rodata.__pinctrl_dev_config__device_dts_ord_52
                0x00000000000032c0        0x8 zephyr/drivers/serial/libdrivers__serial.a(uart_mcux_lpuart.c.obj)
 .rodata.__pinctrl_states__device_dts_ord_52
                0x00000000000032c8        0x8 zephyr/drivers/serial/libdrivers__serial.a(uart_mcux_lpuart.c.obj)
 .rodata.__pinctrl_state_pins_0__device_dts_ord_52
                0x00000000000032d0        0x8 zephyr/drivers/serial/libdrivers__serial.a(uart_mcux_lpuart.c.obj)
 .rodata.s_lpuartClock
                0x00000000000032d8        0x8 modules/hal_nxp/libmodules__hal_nxp.a(fsl_lpuart.c.obj)
 .rodata.lircFreqs.0
                0x00000000000032e0        0x8 modules/hal_nxp/libmodules__hal_nxp.a(fsl_clock.c.obj)
 .rodata.levels.0
                0x00000000000032e8       0x18 zephyr/kernel/libkernel.a(init.c.obj)
 .rodata.LPUART_Init.cst2
                0x0000000000003300        0x2 modules/hal_nxp/libmodules__hal_nxp.a(fsl_lpuart.c.obj)
 .rodata.main.str1.1
                0x0000000000003302       0x16 app/libapp.a(main.c.obj)
 .rodata.mcgliteConfig_BOARD_BootClockRUN
                0x0000000000003318        0x6 zephyr/libzephyr.a(soc.c.obj)
                0x0000000000003318                mcgliteConfig_BOARD_BootClockRUN
 .rodata.str1.1
                0x000000000000331e       0x1a zephyr/drivers/clock_control/libdrivers__clock_control.a(clock_control_mcux_mcg.c.obj)
 .rodata.str1.1
                0x0000000000003338        0xd zephyr/drivers/clock_control/libdrivers__clock_control.a(clock_control_mcux_sim.c.obj)
 .rodata.str1.1
                0x0000000000003345       0x46 zephyr/drivers/gpio/libdrivers__gpio.a(gpio_mcux.c.obj)
 .rodata.str1.1
                0x000000000000338b       0x50 zephyr/drivers/pinctrl/libdrivers__pinctrl.a(pinctrl_nxp_port.c.obj)
 .rodata.str1.1
                0x00000000000033db        0xe zephyr/drivers/serial/libdrivers__serial.a(uart_mcux_lpuart.c.obj)
 .rodata.z_init_cpu.str1.1
                0x00000000000033e9        0x5 zephyr/kernel/libkernel.a(init.c.obj)
 .rodata.z_cstart.str1.1
                0x00000000000033ee        0x5 zephyr/kernel/libkernel.a(init.c.obj)
 .rodata.boot_banner.str1.1
                0x00000000000033f3       0x40 zephyr/kernel/libkernel.a(banner.c.obj)
 .rodata.__l_vfprintf.str1.1
                0x0000000000003433        0xf c:\users\aguat\zephyr-sdk-0.17.0\arm-zephyr-eabi\bin\../lib/gcc/../../picolibc/arm-zephyr-eabi/lib/thumb/v6-m/nofp\libc.a(libc_tinystdio_vflprintf.c.o)
 *(SORT_BY_ALIGNMENT(.gnu.linkonce.r.*))
                0x0000000000003444                . = ALIGN (0x4)
 *fill*         0x0000000000003442        0x2 

/DISCARD/
 *(SORT_BY_ALIGNMENT(.eh_frame))
                0x0000000000003444                __rodata_region_end = .
                0x0000000000003444                . = ALIGN (_region_min_align)
                0x0000000000003444                __rom_region_end = ((__rom_region_start + .) - ADDR (rom_start))

/DISCARD/
 *(SORT_BY_ALIGNMENT(.got.plt))
 *(SORT_BY_ALIGNMENT(.igot.plt))
 *(SORT_BY_ALIGNMENT(.got))
 *(SORT_BY_ALIGNMENT(.igot))
                0x000000001fffe000                . = 0x1fffe000
                0x000000001fffe000                . = ALIGN (_region_min_align)
                0x000000001fffe000                _image_ram_start = .

.ramfunc        0x000000001fffe000        0x0 load address 0x0000000000003444
                0x000000001fffe000                __ramfunc_region_start = .
                0x000000001fffe000                . = ALIGN (_region_min_align)
                0x000000001fffe000                __ramfunc_start = .
 *(SORT_BY_ALIGNMENT(.ramfunc))
 *(SORT_BY_ALIGNMENT(.ramfunc.*))
                0x000000001fffe000                . = ALIGN (0x4)
 *(SORT_BY_ALIGNMENT(CodeQuickAccess))
                0x000000001fffe000                . = ALIGN (_region_min_align)
                0x000000001fffe000                __ramfunc_end = .
                0x0000000000000000                __ramfunc_size = (__ramfunc_end - __ramfunc_start)
                0x0000000000003444                __ramfunc_load_start = LOADADDR (.ramfunc)

datas           0x000000001fffe000       0x24 load address 0x0000000000003444
                0x000000001fffe000                __data_region_start = .
                0x000000001fffe000                __data_start = .
 *(SORT_BY_ALIGNMENT(.data))
 *(SORT_BY_ALIGNMENT(.data.*))
 .data._char_out
                0x000000001fffe000        0x4 zephyr/libzephyr.a(printk.c.obj)
 .data.__stdout
                0x000000001fffe004       0x10 zephyr/lib/libc/picolibc/liblib__libc__picolibc.a(stdio.c.obj)
 .data.SystemCoreClock
                0x000000001fffe014        0x4 modules/hal_nxp/libmodules__hal_nxp.a(system_MCXC444.c.obj)
                0x000000001fffe014                SystemCoreClock
 .data.slice_ticks
                0x000000001fffe018        0x4 zephyr/kernel/libkernel.a(timeslicing.c.obj)
 .data.timeout_list
                0x000000001fffe01c        0x8 zephyr/kernel/libkernel.a(timeout.c.obj)
 *(SORT_BY_ALIGNMENT(.kernel.*))
                0x000000001fffe024                . = ALIGN (0x4)
 *(SORT_BY_ALIGNMENT(DataQuickAccess))
                0x000000001fffe024                __data_end = .
                0x0000000000000024                __data_size = (__data_end - __data_start)
                0x0000000000003444                __data_load_start = LOADADDR (datas)
                0x0000000000003444                __data_region_load_start = LOADADDR (datas)

device_states   0x000000001fffe024       0x1c load address 0x0000000000003468
                0x000000001fffe024                . = ALIGN (0x4)
                0x000000001fffe024                __device_states_start = .
 *(SORT_BY_ALIGNMENT(.z_devstate))
 .z_devstate    0x000000001fffe024        0x2 zephyr/drivers/clock_control/libdrivers__clock_control.a(clock_control_mcux_mcg.c.obj)
 .z_devstate    0x000000001fffe026        0x2 zephyr/drivers/clock_control/libdrivers__clock_control.a(clock_control_mcux_sim.c.obj)
 .z_devstate    0x000000001fffe028        0xa zephyr/drivers/gpio/libdrivers__gpio.a(gpio_mcux.c.obj)
 .z_devstate    0x000000001fffe032        0xa zephyr/drivers/pinctrl/libdrivers__pinctrl.a(pinctrl_nxp_port.c.obj)
 .z_devstate    0x000000001fffe03c        0x2 zephyr/drivers/serial/libdrivers__serial.a(uart_mcux_lpuart.c.obj)
 *(SORT_BY_ALIGNMENT(.z_devstate.*))
                0x000000001fffe03e                __device_states_end = .
                0x000000001fffe040                . = ALIGN (0x4)
 *fill*         0x000000001fffe03e        0x2 

log_mpsc_pbuf_area
                0x000000001fffe040        0x0 load address 0x0000000000003484
                0x000000001fffe040                _log_mpsc_pbuf_list_start = .
 *(SORT_BY_NAME(SORT_BY_ALIGNMENT(._log_mpsc_pbuf.static.*)))
                0x000000001fffe040                _log_mpsc_pbuf_list_end = .

log_msg_ptr_area
                0x000000001fffe040        0x0 load address 0x0000000000003484
                0x000000001fffe040                _log_msg_ptr_list_start = .
 *(SORT_BY_NAME(SORT_BY_ALIGNMENT(._log_msg_ptr.static.*)))
                0x000000001fffe040                _log_msg_ptr_list_end = .

log_dynamic_area
                0x000000001fffe040        0x0 load address 0x0000000000003484
                0x000000001fffe040                _log_dynamic_list_start = .
 *(SORT_BY_NAME(SORT_BY_ALIGNMENT(._log_dynamic.static.*)))
                0x000000001fffe040                _log_dynamic_list_end = .

k_timer_area    0x000000001fffe040        0x0 load address 0x0000000000003484
                0x000000001fffe040                _k_timer_list_start = .
 *(SORT_BY_NAME(SORT_BY_ALIGNMENT(._k_timer.static.*)))
                0x000000001fffe040                _k_timer_list_end = .

k_mem_slab_area
                0x000000001fffe040        0x0 load address 0x0000000000003484
                0x000000001fffe040                _k_mem_slab_list_start = .
 *(SORT_BY_NAME(SORT_BY_ALIGNMENT(._k_mem_slab.static.*)))
                0x000000001fffe040                _k_mem_slab_list_end = .

k_heap_area     0x000000001fffe040        0x0 load address 0x0000000000003484
                0x000000001fffe040                _k_heap_list_start = .
 *(SORT_BY_NAME(SORT_BY_ALIGNMENT(._k_heap.static.*)))
                0x000000001fffe040                _k_heap_list_end = .

k_mutex_area    0x000000001fffe040        0x0 load address 0x0000000000003484
                0x000000001fffe040                _k_mutex_list_start = .
 *(SORT_BY_NAME(SORT_BY_ALIGNMENT(._k_mutex.static.*)))
                0x000000001fffe040                _k_mutex_list_end = .

k_stack_area    0x000000001fffe040        0x0 load address 0x0000000000003484
                0x000000001fffe040                _k_stack_list_start = .
 *(SORT_BY_NAME(SORT_BY_ALIGNMENT(._k_stack.static.*)))
                0x000000001fffe040                _k_stack_list_end = .

k_msgq_area     0x000000001fffe040        0x0 load address 0x0000000000003484
                0x000000001fffe040                _k_msgq_list_start = .
 *(SORT_BY_NAME(SORT_BY_ALIGNMENT(._k_msgq.static.*)))
                0x000000001fffe040                _k_msgq_list_end = .

k_mbox_area     0x000000001fffe040        0x0 load address 0x0000000000003484
                0x000000001fffe040                _k_mbox_list_start = .
 *(SORT_BY_NAME(SORT_BY_ALIGNMENT(._k_mbox.static.*)))
                0x000000001fffe040                _k_mbox_list_end = .

k_pipe_area     0x000000001fffe040        0x0 load address 0x0000000000003484
                0x000000001fffe040                _k_pipe_list_start = .
 *(SORT_BY_NAME(SORT_BY_ALIGNMENT(._k_pipe.static.*)))
                0x000000001fffe040                _k_pipe_list_end = .

k_sem_area      0x000000001fffe040        0x0 load address 0x0000000000003484
                0x000000001fffe040                _k_sem_list_start = .
 *(SORT_BY_NAME(SORT_BY_ALIGNMENT(._k_sem.static.*)))
                0x000000001fffe040                _k_sem_list_end = .

k_event_area    0x000000001fffe040        0x0 load address 0x0000000000003484
                0x000000001fffe040                _k_event_list_start = .
 *(SORT_BY_NAME(SORT_BY_ALIGNMENT(._k_event.static.*)))
                0x000000001fffe040                _k_event_list_end = .

k_queue_area    0x000000001fffe040        0x0 load address 0x0000000000003484
                0x000000001fffe040                _k_queue_list_start = .
 *(SORT_BY_NAME(SORT_BY_ALIGNMENT(._k_queue.static.*)))
                0x000000001fffe040                _k_queue_list_end = .

k_fifo_area     0x000000001fffe040        0x0 load address 0x0000000000003484
                0x000000001fffe040                _k_fifo_list_start = .
 *(SORT_BY_NAME(SORT_BY_ALIGNMENT(._k_fifo.static.*)))
                0x000000001fffe040                _k_fifo_list_end = .

k_lifo_area     0x000000001fffe040        0x0 load address 0x0000000000003484
                0x000000001fffe040                _k_lifo_list_start = .
 *(SORT_BY_NAME(SORT_BY_ALIGNMENT(._k_lifo.static.*)))
                0x000000001fffe040                _k_lifo_list_end = .

k_condvar_area  0x000000001fffe040        0x0 load address 0x0000000000003484
                0x000000001fffe040                _k_condvar_list_start = .
 *(SORT_BY_NAME(SORT_BY_ALIGNMENT(._k_condvar.static.*)))
                0x000000001fffe040                _k_condvar_list_end = .

sys_mem_blocks_ptr_area
                0x000000001fffe040        0x0 load address 0x0000000000003484
                0x000000001fffe040                _sys_mem_blocks_ptr_list_start = .
 *(SORT_BY_NAME(SORT_BY_ALIGNMENT(._sys_mem_blocks_ptr.static.*)))
                0x000000001fffe040                _sys_mem_blocks_ptr_list_end = .

net_buf_pool_area
                0x000000001fffe040        0x0 load address 0x0000000000003484
                0x000000001fffe040                _net_buf_pool_list_start = .
 *(SORT_BY_NAME(SORT_BY_ALIGNMENT(._net_buf_pool.static.*)))
                0x000000001fffe040                _net_buf_pool_list_end = .
                0x000000001fffe040                __data_region_end = .

/DISCARD/
 *(SORT_BY_ALIGNMENT(.irq_info*))
 *(SORT_BY_ALIGNMENT(.intList*))

.stab
 *(SORT_BY_ALIGNMENT(.stab))

.stabstr
 *(SORT_BY_ALIGNMENT(.stabstr))

.stab.excl
 *(SORT_BY_ALIGNMENT(.stab.excl))

.stab.exclstr
 *(SORT_BY_ALIGNMENT(.stab.exclstr))

.stab.index
 *(SORT_BY_ALIGNMENT(.stab.index))

.stab.indexstr
 *(SORT_BY_ALIGNMENT(.stab.indexstr))

.gnu.build.attributes
 *(SORT_BY_ALIGNMENT(.gnu.build.attributes) SORT_BY_ALIGNMENT(.gnu.build.attributes.*))

.comment        0x0000000000000000       0x20
 *(SORT_BY_ALIGNMENT(.comment))
 .comment       0x0000000000000000       0x20 zephyr/CMakeFiles/zephyr_final.dir/isr_tables.c.obj
                                         0x21 (size before relaxing)
 .comment       0x0000000000000020       0x21 zephyr/CMakeFiles/offsets.dir/./arch/arm/core/offsets/offsets.c.obj
 .comment       0x0000000000000020       0x21 app/libapp.a(main.c.obj)
 .comment       0x0000000000000020       0x21 zephyr/libzephyr.a(heap.c.obj)
 .comment       0x0000000000000020       0x21 zephyr/libzephyr.a(printk.c.obj)
 .comment       0x0000000000000020       0x21 zephyr/libzephyr.a(thread_entry.c.obj)
 .comment       0x0000000000000020       0x21 zephyr/libzephyr.a(last_section_id.c.obj)
 .comment       0x0000000000000020       0x21 zephyr/libzephyr.a(configs.c.obj)
 .comment       0x0000000000000020       0x21 zephyr/libzephyr.a(flash_configuration.c.obj)
 .comment       0x0000000000000020       0x21 zephyr/libzephyr.a(soc.c.obj)
 .comment       0x0000000000000020       0x21 zephyr/arch/arch/arm/core/libarch__arm__core.a(fatal.c.obj)
 .comment       0x0000000000000020       0x21 zephyr/arch/arch/arm/core/libarch__arm__core.a(nmi.c.obj)
 .comment       0x0000000000000020       0x21 zephyr/arch/arch/arm/core/libarch__arm__core.a(tls.c.obj)
 .comment       0x0000000000000020       0x21 zephyr/arch/arch/arm/core/cortex_m/libarch__arm__core__cortex_m.a(exc_exit.c.obj)
 .comment       0x0000000000000020       0x21 zephyr/arch/arch/arm/core/cortex_m/libarch__arm__core__cortex_m.a(fault.c.obj)